--------- beginning of main
02-01 12:26:55.181  5544  5753 D ReflectedParamUpdater: extent() != 1 for single value type: algo.buffers.max-count.values
02-01 12:26:55.181  5544  5753 D ReflectedParamUpdater: extent() != 1 for single value type: output.subscribed-indices.values
02-01 12:26:55.181  5544  5753 D ReflectedParamUpdater: extent() != 1 for single value type: input.buffers.allocator-ids.values
02-01 12:26:55.181  5544  5753 D ReflectedParamUpdater: extent() != 1 for single value type: output.buffers.allocator-ids.values
02-01 12:26:55.181  5544  5753 D ReflectedParamUpdater: extent() != 1 for single value type: algo.buffers.allocator-ids.values
02-01 12:26:55.181  5544  5753 D ReflectedParamUpdater: extent() != 1 for single value type: output.buffers.pool-ids.values
02-01 12:26:55.181  5544  5753 D ReflectedParamUpdater: extent() != 1 for single value type: algo.buffers.pool-ids.values
02-01 12:26:55.182  5544  5753 I CCodecConfig: query failed after returning 19 values (BAD_INDEX)
02-01 12:26:55.182  5544  5753 D CCodecConfig: c2 config diff is Dict {
02-01 12:26:55.182  5544  5753 D CCodecConfig:   c2::u32 coded.aac-packaging.value = 0
02-01 12:26:55.182  5544  5753 D CCodecConfig:   c2::u32 coded.bitrate.value = 64000
02-01 12:26:55.182  5544  5753 D CCodecConfig:   c2::u32 coded.pl.level = 0
02-01 12:26:55.182  5544  5753 D CCodecConfig:   c2::u32 coded.pl.profile = 8192
02-01 12:26:55.182  5544  5753 D CCodecConfig:   c2::i32 coding.drc.album-mode.value = 0
02-01 12:26:55.182  5544  5753 D CCodecConfig:   c2::float coding.drc.attenuation-factor.value = 1
02-01 12:26:55.182  5544  5753 D CCodecConfig:   c2::float coding.drc.boost-factor.value = 1
02-01 12:26:55.182  5544  5753 D CCodecConfig:   c2::i32 coding.drc.compression-mode.value = 3
02-01 12:26:55.182  5544  5753 D CCodecConfig:   c2::i32 coding.drc.effect-type.value = 3
02-01 12:26:55.182  5544  5753 D CCodecConfig:   c2::float coding.drc.encoded-level.value = 0.25
02-01 12:26:55.182  5544  5753 D CCodecConfig:   c2::float coding.drc.reference-level.value = -16
02-01 12:26:55.182  5544  5753 D CCodecConfig:   c2::u32 input.buffers.max-size.value = 8192
02-01 12:26:55.182  5544  5753 D CCodecConfig:   c2::u32 input.delay.value = 0
02-01 12:26:55.182  5544  5753 D CCodecConfig:   string input.media-type.value = "audio/mp4a-latm"
02-01 12:26:55.182  5544  5753 D CCodecConfig:   c2::u32 output.delay.value = 2
02-01 12:26:55.182  5544  5753 D CCodecConfig:   c2::float output.drc.output-loudness.value = 0.25
02-01 12:26:55.182  5544  5753 D CCodecConfig:   string output.media-type.value = "audio/raw"
02-01 12:26:55.182  5544  5753 D CCodecConfig:   c2::u32 raw.channel-count.value = 1
02-01 12:26:55.182  5544  5753 D CCodecConfig:   c2::u32 raw.max-channel-count.value = 8
02-01 12:26:55.182  5544  5753 D CCodecConfig:   c2::u32 raw.sample-rate.value = 44100
02-01 12:26:55.182  5544  5753 D CCodecConfig: }
02-01 12:26:55.182  5544  5753 I MediaCodec: MediaCodec will operate in async mode
02-01 12:26:55.183  5544  5753 D CCodec  : [c2.android.aac.decoder] buffers are bound to CCodec for this session
02-01 12:26:55.183  5544  5753 D CCodecConfig: no c2 equivalents for log-session-id
02-01 12:26:55.183  5544  5753 D CCodecConfig: no c2 equivalents for max-output-channel-count
02-01 12:26:55.183  5544  5753 D CCodecConfig: no c2 equivalents for flags
02-01 12:26:55.183  5544  5753 D CCodecConfig: c2 config diff is   c2::u32 raw.channel-count.value = 2
02-01 12:26:55.183  5544  5753 D CCodecConfig:   c2::u32 raw.sample-rate.value = 48000
02-01 12:26:55.183  5544  5753 W Codec2Client: query -- param skipped: index = 1107298332.
02-01 12:26:55.183  5544  5753 D CCodec  : setup formats input: AMessage(what = 0x00000000) = {
02-01 12:26:55.183  5544  5753 D CCodec  :   int32_t aac-drc-album-mode = 0
02-01 12:26:55.183  5544  5753 D CCodec  :   int32_t aac-drc-boost-level = 127
02-01 12:26:55.183  5544  5753 D CCodec  :   int32_t aac-drc-cut-level = 127
02-01 12:26:55.183  5544  5753 D CCodec  :   int32_t aac-drc-effect-type = 3
02-01 12:26:55.183  5544  5753 D CCodec  :   int32_t aac-encoded-target-level = -1
02-01 12:26:55.183  5544  5753 D CCodec  :   int32_t aac-max-output-channel_count = 8
02-01 12:26:55.183  5544  5753 D CCodec  :   int32_t aac-target-ref-level = 64
02-01 12:26:55.183  5544  5753 D CCodec  :   int32_t bitrate = 64000
02-01 12:26:55.183  5544  5753 D CCodec  :   int32_t channel-count = 2
02-01 12:26:55.183  5544  5753 D CCodec  :   int32_t level = 0
02-01 12:26:55.183  5544  5753 D CCodec  :   int32_t max-input-size = 8192
02-01 12:26:55.183  5544  5753 D CCodec  :   string mime = "audio/mp4a-latm"
02-01 12:26:55.183  5544  5753 D CCodec  :   int32_t profile = 2
02-01 12:26:55.183  5544  5753 D CCodec  :   int32_t sample-rate = 48000
02-01 12:26:55.183  5544  5753 D CCodec  : }
02-01 12:26:55.183  5544  5753 D CCodec  : setup formats output: AMessage(what = 0x00000000) = {
02-01 12:26:55.183  5544  5753 D CCodec  :   int32_t aac-drc-album-mode = 0
02-01 12:26:55.183  5544  5753 D CCodec  :   int32_t aac-drc-boost-level = 127
02-01 12:26:55.183  5544  5753 D CCodec  :   int32_t aac-drc-cut-level = 127
02-01 12:26:55.183  5544  5753 D CCodec  :   int32_t aac-drc-effect-type = 3
02-01 12:26:55.183  5544  5753 D CCodec  :   int32_t aac-drc-output-loudness = -1
02-01 12:26:55.183  5544  5753 D CCodec  :   int32_t aac-encoded-target-level = -1
02-01 12:26:55.183  5544  5753 D CCodec  :   int32_t aac-max-output-channel_count = 8
02-01 12:26:55.183  5544  5753 D CCodec  :   int32_t aac-target-ref-level = 64
02-01 12:26:55.183  5544  5753 D CCodec  :   int32_t channel-count = 2
02-01 12:26:55.183  5544  5753 D CCodec  :   string mime = "audio/raw"
02-01 12:26:55.183  5544  5753 D CCodec  :   int32_t sample-rate = 48000
02-01 12:26:55.183  5544  5753 D CCodec  : }
02-01 12:26:55.183  5544  5753 I CCodecConfig: query failed after returning 19 values (BAD_INDEX)
02-01 12:26:55.183  5544  5731 D MediaCodec: keep callback message for reclaim
02-01 12:26:55.184  5544  5753 W Codec2Client: query -- param skipped: index = 1342179345.
02-01 12:26:55.184  5544  5753 W Codec2Client: query -- param skipped: index = 2415921170.
02-01 12:26:55.184  5544  5753 W Codec2Client: query -- param skipped: index = 1610614798.
02-01 12:26:55.184  5544  5753 D C2Store : Using ION
02-01 12:26:55.184  5544  5753 D CCodecBufferChannel: [c2.android.aac.decoder#433] Created input block pool with allocatorID 16 => poolID 17 - OK (0)
02-01 12:26:55.185  5544  5753 I CCodecBufferChannel: [c2.android.aac.decoder#433] Created output block pool with allocatorID 16 => poolID 27 - OK
02-01 12:26:55.185  5544  5753 D CCodecBufferChannel: [c2.android.aac.decoder#433] Configured output block pool ids 27 => OK
02-01 12:26:55.185  5544  5753 E ion     : ioctl c0044901 failed with code -1: Inappropriate ioctl for device
02-01 12:26:55.202  5544  5544 I CS3ExoPlayer: Handle event: TracksChangedEvent(source=Player)
02-01 12:26:55.289  5544  5746 D MediaCodec: [OMX.qcom.video.decoder.avc] setting dataspace on output surface to #104
02-01 12:26:55.296  5544  5746 W MediaCodec: mapFormat: no mediaType information
02-01 12:26:55.734  5544  5586 D ApiError: -------------------------------------------------------------------
02-01 12:26:55.734  5544  5586 D ApiError: safeApiCall: setDataSource failed: status = 0x80000000
02-01 12:26:55.734  5544  5586 D ApiError: safeApiCall: setDataSource failed: status = 0x80000000
02-01 12:26:55.734  5544  5586 W System.err: java.lang.RuntimeException: setDataSource failed: status = 0x80000000
02-01 12:26:55.734  5544  5586 W System.err: 	at android.media.MediaMetadataRetriever._setDataSource(Native Method)
02-01 12:26:55.734  5544  5586 W System.err: 	at android.media.MediaMetadataRetriever.setDataSource(MediaMetadataRetriever.java:281)
02-01 12:26:55.734  5544  5586 W System.err: 	at com.lagradost.cloudstream3.ui.player.M3u8PreviewGenerator$load$1$1.invokeSuspend(PreviewGenerator.kt:384)
02-01 12:26:55.734  5544  5586 W System.err: 	at kotlin.coroutines.jvm.internal.BaseContinuationImpl.resumeWith(ContinuationImpl.kt:34)
02-01 12:26:55.734  5544  5586 W System.err: 	at kotlinx.coroutines.DispatchedTask.run(DispatchedTask.kt:100)
02-01 12:26:55.734  5544  5586 W System.err: 	at kotlinx.coroutines.internal.LimitedDispatcher$Worker.run(LimitedDispatcher.kt:124)
02-01 12:26:55.734  5544  5586 W System.err: 	at kotlinx.coroutines.scheduling.TaskImpl.run(Tasks.kt:89)
02-01 12:26:55.734  5544  5586 W System.err: 	at kotlinx.coroutines.scheduling.CoroutineScheduler.runSafely(CoroutineScheduler.kt:586)
02-01 12:26:55.734  5544  5586 W System.err: 	at kotlinx.coroutines.scheduling.CoroutineScheduler$Worker.executeTask(CoroutineScheduler.kt:820)
02-01 12:26:55.734  5544  5586 W System.err: 	at kotlinx.coroutines.scheduling.CoroutineScheduler$Worker.runWorker(CoroutineScheduler.kt:717)
02-01 12:26:55.734  5544  5586 W System.err: 	at kotlinx.coroutines.scheduling.CoroutineScheduler$Worker.run(CoroutineScheduler.kt:704)
02-01 12:26:55.734  5544  5586 D ApiError: -------------------------------------------------------------------
02-01 12:26:55.734  5544  5586 I PreviewImgM3u8: Generating preview for 250
02-01 12:26:55.734  5544  5586 V MediaHTTPService: MediaHTTPService(android.media.MediaHTTPService@d1d8a77): Cookies: null
02-01 12:26:55.734  5544  5586 V MediaHTTPService: makeHTTPConnection: CookieHandler (java.net.CookieManager@7ac316) exists.
02-01 12:26:55.734  5544  5586 V MediaHTTPService: makeHTTPConnection(android.media.MediaHTTPService@d1d8a77): cookieHandler: java.net.CookieManager@7ac316 Cookies: null
02-01 12:26:55.968  5544  5740 W PesReader: Unexpected start code prefix: 3211317
02-01 12:26:55.968  5544  5740 W PesReader: Unexpected start code prefix: 2162739
02-01 12:26:55.968  5544  5740 W PesReader: Unexpected start code prefix: 0
02-01 12:26:56.220  5544  5746 D eam3.prereleas: Features: 0 0 0
02-01 12:26:56.220  5544  5746 E eam3.prereleas: vulkan version is 4211013
02-01 12:26:56.222  5544  5746 D gralloc_x86: gralloc_alloc: Creating ashmem region of size 3112960
02-01 12:26:56.237  5544  5746 D SoftwareRenderer: setting dataspace on output surface to #104
02-01 12:26:56.239  5544  5544 I CS3ExoPlayer: Handle event: ResizedEvent(height=1080, width=1920, source=Player)
02-01 12:26:56.242  5544  5544 I CS3ExoPlayer: Rendered first frame
02-01 12:26:56.242  5544  5544 I CS3ExoPlayer: setPreferredSubtitles init SubtitleData(originalName=English, nameSuffix=1, url=https://mgstatics.xyz/subtitle/0852d0987e939e1a12e4b3fabe3578b0/0852d0987e939e1a12e4b3fabe3578b0.vtt, origin=URL, mimeType=text/vtt, headers={}, languageCode=en)
02-01 12:26:56.242  5544  5544 I CS3ExoPlayer: setPreferredSubtitles IS_ACTIVE
02-01 12:26:56.242  5544  5544 I CS3ExoPlayer: Handle event: ResizedEvent(height=1080, width=1920, source=Player)
02-01 12:26:56.243  5544  5544 I CS3ExoPlayer: Handle event: PositionEvent(source=Player, fromMs=8994, toMs=8994, durationMs=1430000)
02-01 12:26:56.244  5544  5609 I EpisodeSkip: Requesting SkipStamp from {mal=61159, simkl={"Mal":"61159","AniList":"187464"}, anilist=187464, kitsu=50149}
02-01 12:26:56.245  5544  5609 I AniSkip : Requesting https://api.aniskip.com/v2/skip-times/61159/17?types[]=ed&types[]=mixed-ed&types[]=mixed-op&types[]=op&types[]=recap&episodeLength=1430
02-01 12:26:56.257  5544  5544 I CS3ExoPlayer: Handle event: PositionEvent(source=Player, fromMs=8994, toMs=8994, durationMs=1430000)
02-01 12:26:56.259  5544  5544 I CS3ExoPlayer: Handle event: PositionEvent(source=Player, fromMs=8994, toMs=8994, durationMs=1430000)
02-01 12:26:56.262  5544  5882 I CustomDecoder: Parse subtitle, current parser: null
02-01 12:26:56.262  5544  5544 I CS3ExoPlayer: Handle event: StatusEvent(wasPlaying=IsPaused, isPlaying=IsPlaying, source=Player)
02-01 12:26:56.269  5544  5544 I CS3ExoPlayer: Handle event: RequestAudioFocusEvent(source=Player)
02-01 12:26:56.273  5544  5544 D MediaRouter: onRestoreRoute() : route=RouteInfo{ name=Phone, description=null, status=null, category=RouteCategory{ name=System types=ROUTE_TYPE_LIVE_AUDIO ROUTE_TYPE_LIVE_VIDEO  groupable=false }, supportedTypes=ROUTE_TYPE_LIVE_AUDIO ROUTE_TYPE_LIVE_VIDEO , presentationDisplay=null }
02-01 12:26:56.273  5544  5544 V MediaRouter: Selecting route: RouteInfo{ name=Phone, description=null, status=null, category=RouteCategory{ name=System types=ROUTE_TYPE_LIVE_AUDIO ROUTE_TYPE_LIVE_VIDEO  groupable=false }, supportedTypes=ROUTE_TYPE_LIVE_AUDIO ROUTE_TYPE_LIVE_VIDEO , presentationDisplay=null }
02-01 12:26:56.273  5544  5882 I CustomDecoder: Detected encoding with charset UTF-8 and override = null
02-01 12:26:56.274  5544  5882 I CustomDecoder: Subtitle preview: WEBVTT
02-01 12:26:56.274  5544  5882 I CustomDecoder: 
02-01 12:26:56.274  5544  5882 I CustomDecoder: 00:14.580 --> 00:16.95
02-01 12:26:56.274  5544  5882 I CustomDecoder: Parser selected: androidx.media3.extractor.text.webvtt.WebvttParser@bd66a80
02-01 12:26:56.274  5544  5544 I CS3ExoPlayer: Handle event: EmbeddedSubtitlesFetchedEvent(tracks=[], source=Player)
02-01 12:26:56.274  5544  5544 I CS3ExoPlayer: Handle event: TracksChangedEvent(source=Player)
02-01 12:26:56.276  5544  5544 I CS3ExoPlayer: Handle event: SubtitlesUpdatedEvent(source=Player)
02-01 12:26:56.298  5544  5544 D gralloc_x86: gralloc_alloc: Creating ashmem region of size 16384
02-01 12:26:56.302  5544  5746 D gralloc_x86: gralloc_alloc: Creating ashmem region of size 3112960
02-01 12:26:56.325  5544  5746 D gralloc_x86: gralloc_alloc: Creating ashmem region of size 3112960
02-01 12:26:56.538  5544  5586 D ApiError: -------------------------------------------------------------------
02-01 12:26:56.538  5544  5586 D ApiError: safeApiCall: setDataSource failed: status = 0x80000000
02-01 12:26:56.538  5544  5586 D ApiError: safeApiCall: setDataSource failed: status = 0x80000000
02-01 12:26:56.538  5544  5586 W System.err: java.lang.RuntimeException: setDataSource failed: status = 0x80000000
02-01 12:26:56.538  5544  5586 W System.err: 	at android.media.MediaMetadataRetriever._setDataSource(Native Method)
02-01 12:26:56.538  5544  5586 W System.err: 	at android.media.MediaMetadataRetriever.setDataSource(MediaMetadataRetriever.java:281)
02-01 12:26:56.538  5544  5586 W System.err: 	at com.lagradost.cloudstream3.ui.player.M3u8PreviewGenerator$load$1$1.invokeSuspend(PreviewGenerator.kt:384)
02-01 12:26:56.538  5544  5586 W System.err: 	at kotlin.coroutines.jvm.internal.BaseContinuationImpl.resumeWith(ContinuationImpl.kt:34)
02-01 12:26:56.538  5544  5586 W System.err: 	at kotlinx.coroutines.DispatchedTask.run(DispatchedTask.kt:100)
02-01 12:26:56.538  5544  5586 W System.err: 	at kotlinx.coroutines.internal.LimitedDispatcher$Worker.run(LimitedDispatcher.kt:124)
02-01 12:26:56.538  5544  5586 W System.err: 	at kotlinx.coroutines.scheduling.TaskImpl.run(Tasks.kt:89)
02-01 12:26:56.538  5544  5586 W System.err: 	at kotlinx.coroutines.scheduling.CoroutineScheduler.runSafely(CoroutineScheduler.kt:586)
02-01 12:26:56.538  5544  5586 W System.err: 	at kotlinx.coroutines.scheduling.CoroutineScheduler$Worker.executeTask(CoroutineScheduler.kt:820)
02-01 12:26:56.538  5544  5586 W System.err: 	at kotlinx.coroutines.scheduling.CoroutineScheduler$Worker.runWorker(CoroutineScheduler.kt:717)
02-01 12:26:56.538  5544  5586 W System.err: 	at kotlinx.coroutines.scheduling.CoroutineScheduler$Worker.run(CoroutineScheduler.kt:704)
02-01 12:26:56.538  5544  5586 D ApiError: -------------------------------------------------------------------
02-01 12:26:56.539  5544  5586 I PreviewImgM3u8: Generating preview for 41
02-01 12:26:56.539  5544  5586 V MediaHTTPService: MediaHTTPService(android.media.MediaHTTPService@81ad799): Cookies: null
02-01 12:26:56.539  5544  5586 V MediaHTTPService: makeHTTPConnection: CookieHandler (java.net.CookieManager@7ac316) exists.
02-01 12:26:56.539  5544  5586 V MediaHTTPService: makeHTTPConnection(android.media.MediaHTTPService@81ad799): cookieHandler: java.net.CookieManager@7ac316 Cookies: null
02-01 12:26:57.006  5544  5740 W PesReader: Unexpected start code prefix: 3211333
02-01 12:26:57.006  5544  5740 W PesReader: Unexpected start code prefix: 2162757
02-01 12:26:57.006  5544  5740 W PesReader: Unexpected start code prefix: 0
02-01 12:26:57.017  5544  5586 D ApiError: -------------------------------------------------------------------
02-01 12:26:57.017  5544  5586 D ApiError: safeApiCall: setDataSource failed: status = 0x80000000
02-01 12:26:57.017  5544  5586 D ApiError: safeApiCall: setDataSource failed: status = 0x80000000
02-01 12:26:57.017  5544  5586 W System.err: java.lang.RuntimeException: setDataSource failed: status = 0x80000000
02-01 12:26:57.017  5544  5586 W System.err: 	at android.media.MediaMetadataRetriever._setDataSource(Native Method)
02-01 12:26:57.017  5544  5586 W System.err: 	at android.media.MediaMetadataRetriever.setDataSource(MediaMetadataRetriever.java:281)
02-01 12:26:57.017  5544  5586 W System.err: 	at com.lagradost.cloudstream3.ui.player.M3u8PreviewGenerator$load$1$1.invokeSuspend(PreviewGenerator.kt:384)
02-01 12:26:57.017  5544  5586 W System.err: 	at kotlin.coroutines.jvm.internal.BaseContinuationImpl.resumeWith(ContinuationImpl.kt:34)
02-01 12:26:57.017  5544  5586 W System.err: 	at kotlinx.coroutines.DispatchedTask.run(DispatchedTask.kt:100)
02-01 12:26:57.017  5544  5586 W System.err: 	at kotlinx.coroutines.internal.LimitedDispatcher$Worker.run(LimitedDispatcher.kt:124)
02-01 12:26:57.017  5544  5586 W System.err: 	at kotlinx.coroutines.scheduling.TaskImpl.run(Tasks.kt:89)
02-01 12:26:57.017  5544  5586 W System.err: 	at kotlinx.coroutines.scheduling.CoroutineScheduler.runSafely(CoroutineScheduler.kt:586)
02-01 12:26:57.017  5544  5586 W System.err: 	at kotlinx.coroutines.scheduling.CoroutineScheduler$Worker.executeTask(CoroutineScheduler.kt:820)
02-01 12:26:57.017  5544  5586 W System.err: 	at kotlinx.coroutines.scheduling.CoroutineScheduler$Worker.runWorker(CoroutineScheduler.kt:717)
02-01 12:26:57.017  5544  5586 W System.err: 	at kotlinx.coroutines.scheduling.CoroutineScheduler$Worker.run(CoroutineScheduler.kt:704)
02-01 12:26:57.017  5544  5586 D ApiError: -------------------------------------------------------------------
02-01 12:26:57.018  5544  5586 I PreviewImgM3u8: Generating preview for 124
02-01 12:26:57.018  5544  5586 V MediaHTTPService: MediaHTTPService(android.media.MediaHTTPService@52d005d): Cookies: null
02-01 12:26:57.018  5544  5586 V MediaHTTPService: makeHTTPConnection: CookieHandler (java.net.CookieManager@7ac316) exists.
02-01 12:26:57.018  5544  5586 V MediaHTTPService: makeHTTPConnection(android.media.MediaHTTPService@52d005d): cookieHandler: java.net.CookieManager@7ac316 Cookies: null
02-01 12:26:57.026  5544  5609 I AniSkip : Found false with 0 results
02-01 12:26:57.026  5544  5544 I CS3ExoPlayer: Handle event: PositionEvent(source=Player, fromMs=9738, toMs=9738, durationMs=1430000)
02-01 12:26:57.460  5544  5586 D ApiError: -------------------------------------------------------------------
02-01 12:26:57.460  5544  5586 D ApiError: safeApiCall: setDataSource failed: status = 0x80000000
02-01 12:26:57.460  5544  5586 D ApiError: safeApiCall: setDataSource failed: status = 0x80000000
02-01 12:26:57.460  5544  5586 W System.err: java.lang.RuntimeException: setDataSource failed: status = 0x80000000
02-01 12:26:57.461  5544  5586 W System.err: 	at android.media.MediaMetadataRetriever._setDataSource(Native Method)
02-01 12:26:57.461  5544  5586 W System.err: 	at android.media.MediaMetadataRetriever.setDataSource(MediaMetadataRetriever.java:281)
02-01 12:26:57.461  5544  5586 W System.err: 	at com.lagradost.cloudstream3.ui.player.M3u8PreviewGenerator$load$1$1.invokeSuspend(PreviewGenerator.kt:384)
02-01 12:26:57.461  5544  5586 W System.err: 	at kotlin.coroutines.jvm.internal.BaseContinuationImpl.resumeWith(ContinuationImpl.kt:34)
02-01 12:26:57.461  5544  5586 W System.err: 	at kotlinx.coroutines.DispatchedTask.run(DispatchedTask.kt:100)
02-01 12:26:57.461  5544  5586 W System.err: 	at kotlinx.coroutines.internal.LimitedDispatcher$Worker.run(LimitedDispatcher.kt:124)
02-01 12:26:57.461  5544  5586 W System.err: 	at kotlinx.coroutines.scheduling.TaskImpl.run(Tasks.kt:89)
02-01 12:26:57.461  5544  5586 W System.err: 	at kotlinx.coroutines.scheduling.CoroutineScheduler.runSafely(CoroutineScheduler.kt:586)
02-01 12:26:57.461  5544  5586 W System.err: 	at kotlinx.coroutines.scheduling.CoroutineScheduler$Worker.executeTask(CoroutineScheduler.kt:820)
02-01 12:26:57.461  5544  5586 W System.err: 	at kotlinx.coroutines.scheduling.CoroutineScheduler$Worker.runWorker(CoroutineScheduler.kt:717)
02-01 12:26:57.461  5544  5586 W System.err: 	at kotlinx.coroutines.scheduling.CoroutineScheduler$Worker.run(CoroutineScheduler.kt:704)
02-01 12:26:57.461  5544  5586 D ApiError: -------------------------------------------------------------------
02-01 12:26:57.461  5544  5586 I PreviewImgM3u8: Generating preview for 208
02-01 12:26:57.461  5544  5586 V MediaHTTPService: MediaHTTPService(android.media.MediaHTTPService@1ed8bcc): Cookies: null
02-01 12:26:57.461  5544  5586 V MediaHTTPService: makeHTTPConnection: CookieHandler (java.net.CookieManager@7ac316) exists.
02-01 12:26:57.461  5544  5586 V MediaHTTPService: makeHTTPConnection(android.media.MediaHTTPService@1ed8bcc): cookieHandler: java.net.CookieManager@7ac316 Cookies: null
02-01 12:26:58.930  5544  5740 W PesReader: Unexpected start code prefix: 3211357
02-01 12:26:58.930  5544  5740 W PesReader: Unexpected start code prefix: 2162781
02-01 12:26:58.930  5544  5740 W PesReader: Unexpected start code prefix: 0
02-01 12:26:59.413  5544  5740 W PesReader: Unexpected start code prefix: 3211373
02-01 12:26:59.413  5544  5740 W PesReader: Unexpected start code prefix: 2162797
02-01 12:26:59.413  5544  5740 W PesReader: Unexpected start code prefix: 0
02-01 12:26:59.593  5544  5586 I PreviewImgM3u8: Generating preview for 291
02-01 12:26:59.593  5544  5586 V MediaHTTPService: MediaHTTPService(android.media.MediaHTTPService@1e041f7): Cookies: null
02-01 12:26:59.593  5544  5586 V MediaHTTPService: makeHTTPConnection: CookieHandler (java.net.CookieManager@7ac316) exists.
02-01 12:26:59.594  5544  5586 V MediaHTTPService: makeHTTPConnection(android.media.MediaHTTPService@1e041f7): cookieHandler: java.net.CookieManager@7ac316 Cookies: null
02-01 12:26:59.952  5544  5586 D ApiError: -------------------------------------------------------------------
02-01 12:26:59.953  5544  5586 D ApiError: safeApiCall: setDataSource failed: status = 0x80000000
02-01 12:26:59.953  5544  5586 D ApiError: safeApiCall: setDataSource failed: status = 0x80000000
02-01 12:26:59.953  5544  5586 W System.err: java.lang.RuntimeException: setDataSource failed: status = 0x80000000
02-01 12:26:59.953  5544  5586 W System.err: 	at android.media.MediaMetadataRetriever._setDataSource(Native Method)
02-01 12:26:59.953  5544  5586 W System.err: 	at android.media.MediaMetadataRetriever.setDataSource(MediaMetadataRetriever.java:281)
02-01 12:26:59.953  5544  5586 W System.err: 	at com.lagradost.cloudstream3.ui.player.M3u8PreviewGenerator$load$1$1.invokeSuspend(PreviewGenerator.kt:384)
02-01 12:26:59.953  5544  5586 W System.err: 	at kotlin.coroutines.jvm.internal.BaseContinuationImpl.resumeWith(ContinuationImpl.kt:34)
02-01 12:26:59.953  5544  5586 W System.err: 	at kotlinx.coroutines.DispatchedTask.run(DispatchedTask.kt:100)
02-01 12:26:59.953  5544  5586 W System.err: 	at kotlinx.coroutines.internal.LimitedDispatcher$Worker.run(LimitedDispatcher.kt:124)
02-01 12:26:59.953  5544  5586 W System.err: 	at kotlinx.coroutines.scheduling.TaskImpl.run(Tasks.kt:89)
02-01 12:26:59.953  5544  5586 W System.err: 	at kotlinx.coroutines.scheduling.CoroutineScheduler.runSafely(CoroutineScheduler.kt:586)
02-01 12:26:59.953  5544  5586 W System.err: 	at kotlinx.coroutines.scheduling.CoroutineScheduler$Worker.executeTask(CoroutineScheduler.kt:820)
02-01 12:26:59.953  5544  5586 W System.err: 	at kotlinx.coroutines.scheduling.CoroutineScheduler$Worker.runWorker(CoroutineScheduler.kt:717)
02-01 12:26:59.953  5544  5586 W System.err: 	at kotlinx.coroutines.scheduling.CoroutineScheduler$Worker.run(CoroutineScheduler.kt:704)
02-01 12:26:59.953  5544  5586 D ApiError: -------------------------------------------------------------------
02-01 12:26:59.953  5544  5586 I PreviewImgM3u8: Generating preview for 20
02-01 12:26:59.953  5544  5586 V MediaHTTPService: MediaHTTPService(android.media.MediaHTTPService@fd17ffc): Cookies: null
02-01 12:26:59.953  5544  5586 V MediaHTTPService: makeHTTPConnection: CookieHandler (java.net.CookieManager@7ac316) exists.
02-01 12:26:59.953  5544  5586 V MediaHTTPService: makeHTTPConnection(android.media.MediaHTTPService@fd17ffc): cookieHandler: java.net.CookieManager@7ac316 Cookies: null
02-01 12:27:00.368  5544  5753 D BufferPoolAccessor2.0: bufferpool2 0x7b9f84cb3998 : 5(40960 size) total buffers - 1(8192 size) used buffers - 203/208 (recycle/alloc) - 5/207 (fetch/transfer)
02-01 12:27:00.766  5544  5740 W PesReader: Unexpected start code prefix: 3211385
02-01 12:27:00.766  5544  5740 W PesReader: Unexpected start code prefix: 2162807
02-01 12:27:00.766  5544  5740 W PesReader: Unexpected start code prefix: 0
02-01 12:27:01.576  5544  5586 D ApiError: -------------------------------------------------------------------
02-01 12:27:01.576  5544  5586 D ApiError: safeApiCall: setDataSource failed: status = 0x80000000
02-01 12:27:01.576  5544  5586 D ApiError: safeApiCall: setDataSource failed: status = 0x80000000
02-01 12:27:01.576  5544  5586 W System.err: java.lang.RuntimeException: setDataSource failed: status = 0x80000000
02-01 12:27:01.576  5544  5586 W System.err: 	at android.media.MediaMetadataRetriever._setDataSource(Native Method)
02-01 12:27:01.576  5544  5586 W System.err: 	at android.media.MediaMetadataRetriever.setDataSource(MediaMetadataRetriever.java:281)
02-01 12:27:01.576  5544  5586 W System.err: 	at com.lagradost.cloudstream3.ui.player.M3u8PreviewGenerator$load$1$1.invokeSuspend(PreviewGenerator.kt:384)
02-01 12:27:01.576  5544  5586 W System.err: 	at kotlin.coroutines.jvm.internal.BaseContinuationImpl.resumeWith(ContinuationImpl.kt:34)
02-01 12:27:01.576  5544  5586 W System.err: 	at kotlinx.coroutines.DispatchedTask.run(DispatchedTask.kt:100)
02-01 12:27:01.576  5544  5586 W System.err: 	at kotlinx.coroutines.internal.LimitedDispatcher$Worker.run(LimitedDispatcher.kt:124)
02-01 12:27:01.576  5544  5586 W System.err: 	at kotlinx.coroutines.scheduling.TaskImpl.run(Tasks.kt:89)
02-01 12:27:01.576  5544  5586 W System.err: 	at kotlinx.coroutines.scheduling.CoroutineScheduler.runSafely(CoroutineScheduler.kt:586)
02-01 12:27:01.576  5544  5586 W System.err: 	at kotlinx.coroutines.scheduling.CoroutineScheduler$Worker.executeTask(CoroutineScheduler.kt:820)
02-01 12:27:01.576  5544  5586 W System.err: 	at kotlinx.coroutines.scheduling.CoroutineScheduler$Worker.runWorker(CoroutineScheduler.kt:717)
02-01 12:27:01.576  5544  5586 W System.err: 	at kotlinx.coroutines.scheduling.CoroutineScheduler$Worker.run(CoroutineScheduler.kt:704)
02-01 12:27:01.576  5544  5586 D ApiError: -------------------------------------------------------------------
02-01 12:27:01.576  5544  5586 I PreviewImgM3u8: Generating preview for 61
02-01 12:27:01.576  5544  5586 V MediaHTTPService: MediaHTTPService(android.media.MediaHTTPService@9b49fe8): Cookies: null
02-01 12:27:01.576  5544  5586 V MediaHTTPService: makeHTTPConnection: CookieHandler (java.net.CookieManager@7ac316) exists.
02-01 12:27:01.576  5544  5586 V MediaHTTPService: makeHTTPConnection(android.media.MediaHTTPService@9b49fe8): cookieHandler: java.net.CookieManager@7ac316 Cookies: null
02-01 12:27:02.109  5544  5740 W PesReader: Unexpected start code prefix: 3211397
02-01 12:27:02.109  5544  5740 W PesReader: Unexpected start code prefix: 2162821
02-01 12:27:02.109  5544  5740 W PesReader: Unexpected start code prefix: 0
02-01 12:27:02.785  5544  5586 I PreviewImgM3u8: Generating preview for 103
02-01 12:27:02.785  5544  5586 V MediaHTTPService: MediaHTTPService(android.media.MediaHTTPService@53f0af5): Cookies: null
02-01 12:27:02.785  5544  5586 V MediaHTTPService: makeHTTPConnection: CookieHandler (java.net.CookieManager@7ac316) exists.
02-01 12:27:02.785  5544  5586 V MediaHTTPService: makeHTTPConnection(android.media.MediaHTTPService@53f0af5): cookieHandler: java.net.CookieManager@7ac316 Cookies: null
02-01 12:27:03.111  5544  5586 D ApiError: -------------------------------------------------------------------
02-01 12:27:03.111  5544  5586 D ApiError: safeApiCall: setDataSource failed: status = 0x80000000
02-01 12:27:03.111  5544  5586 D ApiError: safeApiCall: setDataSource failed: status = 0x80000000
02-01 12:27:03.111  5544  5586 W System.err: java.lang.RuntimeException: setDataSource failed: status = 0x80000000
02-01 12:27:03.111  5544  5586 W System.err: 	at android.media.MediaMetadataRetriever._setDataSource(Native Method)
02-01 12:27:03.111  5544  5586 W System.err: 	at android.media.MediaMetadataRetriever.setDataSource(MediaMetadataRetriever.java:281)
02-01 12:27:03.111  5544  5586 W System.err: 	at com.lagradost.cloudstream3.ui.player.M3u8PreviewGenerator$load$1$1.invokeSuspend(PreviewGenerator.kt:384)
02-01 12:27:03.111  5544  5586 W System.err: 	at kotlin.coroutines.jvm.internal.BaseContinuationImpl.resumeWith(ContinuationImpl.kt:34)
02-01 12:27:03.111  5544  5586 W System.err: 	at kotlinx.coroutines.DispatchedTask.run(DispatchedTask.kt:100)
02-01 12:27:03.111  5544  5586 W System.err: 	at kotlinx.coroutines.internal.LimitedDispatcher$Worker.run(LimitedDispatcher.kt:124)
02-01 12:27:03.111  5544  5586 W System.err: 	at kotlinx.coroutines.scheduling.TaskImpl.run(Tasks.kt:89)
02-01 12:27:03.111  5544  5586 W System.err: 	at kotlinx.coroutines.scheduling.CoroutineScheduler.runSafely(CoroutineScheduler.kt:586)
02-01 12:27:03.111  5544  5586 W System.err: 	at kotlinx.coroutines.scheduling.CoroutineScheduler$Worker.executeTask(CoroutineScheduler.kt:820)
02-01 12:27:03.111  5544  5586 W System.err: 	at kotlinx.coroutines.scheduling.CoroutineScheduler$Worker.runWorker(CoroutineScheduler.kt:717)
02-01 12:27:03.111  5544  5586 W System.err: 	at kotlinx.coroutines.scheduling.CoroutineScheduler$Worker.run(CoroutineScheduler.kt:704)
02-01 12:27:03.111  5544  5586 D ApiError: -------------------------------------------------------------------
02-01 12:27:03.111  5544  5586 I PreviewImgM3u8: Generating preview for 145
02-01 12:27:03.112  5544  5586 V MediaHTTPService: MediaHTTPService(android.media.MediaHTTPService@58f6fb): Cookies: null
02-01 12:27:03.112  5544  5586 V MediaHTTPService: makeHTTPConnection: CookieHandler (java.net.CookieManager@7ac316) exists.
02-01 12:27:03.112  5544  5586 V MediaHTTPService: makeHTTPConnection(android.media.MediaHTTPService@58f6fb): cookieHandler: java.net.CookieManager@7ac316 Cookies: null
02-01 12:27:04.267  5544  5586 D ApiError: -------------------------------------------------------------------
02-01 12:27:04.267  5544  5586 D ApiError: safeApiCall: setDataSource failed: status = 0x80000000
02-01 12:27:04.267  5544  5586 D ApiError: safeApiCall: setDataSource failed: status = 0x80000000
02-01 12:27:04.267  5544  5586 W System.err: java.lang.RuntimeException: setDataSource failed: status = 0x80000000
02-01 12:27:04.267  5544  5586 W System.err: 	at android.media.MediaMetadataRetriever._setDataSource(Native Method)
02-01 12:27:04.267  5544  5586 W System.err: 	at android.media.MediaMetadataRetriever.setDataSource(MediaMetadataRetriever.java:281)
02-01 12:27:04.267  5544  5586 W System.err: 	at com.lagradost.cloudstream3.ui.player.M3u8PreviewGenerator$load$1$1.invokeSuspend(PreviewGenerator.kt:384)
02-01 12:27:04.267  5544  5586 W System.err: 	at kotlin.coroutines.jvm.internal.BaseContinuationImpl.resumeWith(ContinuationImpl.kt:34)
02-01 12:27:04.267  5544  5586 W System.err: 	at kotlinx.coroutines.DispatchedTask.run(DispatchedTask.kt:100)
02-01 12:27:04.267  5544  5586 W System.err: 	at kotlinx.coroutines.internal.LimitedDispatcher$Worker.run(LimitedDispatcher.kt:124)
02-01 12:27:04.267  5544  5586 W System.err: 	at kotlinx.coroutines.scheduling.TaskImpl.run(Tasks.kt:89)
02-01 12:27:04.267  5544  5586 W System.err: 	at kotlinx.coroutines.scheduling.CoroutineScheduler.runSafely(CoroutineScheduler.kt:586)
02-01 12:27:04.267  5544  5586 W System.err: 	at kotlinx.coroutines.scheduling.CoroutineScheduler$Worker.executeTask(CoroutineScheduler.kt:820)
02-01 12:27:04.267  5544  5586 W System.err: 	at kotlinx.coroutines.scheduling.CoroutineScheduler$Worker.runWorker(CoroutineScheduler.kt:717)
02-01 12:27:04.267  5544  5586 W System.err: 	at kotlinx.coroutines.scheduling.CoroutineScheduler$Worker.run(CoroutineScheduler.kt:704)
02-01 12:27:04.267  5544  5586 D ApiError: -------------------------------------------------------------------
02-01 12:27:04.267  5544  5586 I PreviewImgM3u8: Generating preview for 187
02-01 12:27:04.267  5544  5586 V MediaHTTPService: MediaHTTPService(android.media.MediaHTTPService@2b607d7): Cookies: null
02-01 12:27:04.267  5544  5586 V MediaHTTPService: makeHTTPConnection: CookieHandler (java.net.CookieManager@7ac316) exists.
02-01 12:27:04.267  5544  5586 V MediaHTTPService: makeHTTPConnection(android.media.MediaHTTPService@2b607d7): cookieHandler: java.net.CookieManager@7ac316 Cookies: null
02-01 12:27:05.087  5544  5544 I CS3ExoPlayer: Handle event: PositionEvent(source=UI, fromMs=17802, toMs=27791, durationMs=1430000)
02-01 12:27:05.089  5544  5544 I CS3ExoPlayer: Handle event: StatusEvent(wasPlaying=IsPlaying, isPlaying=IsBuffering, source=Player)
02-01 12:27:05.091  5544  5731 D MediaCodec: keep callback message for reclaim
02-01 12:27:05.091  5544  5544 I CS3ExoPlayer: Handle event: PositionEvent(source=Player, fromMs=27802, toMs=27802, durationMs=1430000)
02-01 12:27:05.092  5544  5753 D CCodecBuffers: [c2.android.aac.decoder#433:1D-Output.Impl[N]] Client returned a buffer it does not own according to our record: 0
02-01 12:27:05.092  5544  5753 D CCodecBuffers: [c2.android.aac.decoder#433:1D-Output.Impl[N]] Client returned a buffer it does not own according to our record: 1
02-01 12:27:05.092  5544  5731 D MediaCodec: keep callback message for reclaim
02-01 12:27:05.092  5544  5753 I CCodecConfig: query failed after returning 19 values (BAD_INDEX)
02-01 12:27:05.092  5544  5753 W Codec2Client: query -- param skipped: index = 1342179345.
02-01 12:27:05.092  5544  5753 W Codec2Client: query -- param skipped: index = 2415921170.
02-01 12:27:05.092  5544  5753 W Codec2Client: query -- param skipped: index = 1610614798.
02-01 12:27:05.092  5544  5544 I CS3ExoPlayer: Handle event: PositionEvent(source=Player, fromMs=27802, toMs=27802, durationMs=1430000)
02-01 12:27:05.126  5544  5544 D gralloc_x86: gralloc_alloc: Creating ashmem region of size 16384
02-01 12:27:05.127  5544  5658 D eam3.prereleas: VAddressStream is reused...
02-01 12:27:05.127  5544  5658 D eam3.prereleas: Features: 0 0 0
02-01 12:27:05.127  5544  5658 E eam3.prereleas: vulkan version is 4211013
02-01 12:27:05.128  5544  5658 W OpenGLRenderer: Failed to choose config with EGL_SWAP_BEHAVIOR_PRESERVED, retrying without...
02-01 12:27:05.587  5544  5740 W PesReader: Unexpected start code prefix: 3211429
02-01 12:27:05.587  5544  5740 W PesReader: Unexpected start code prefix: 2162851
02-01 12:27:05.587  5544  5740 W PesReader: Unexpected start code prefix: 0
02-01 12:27:05.591  5544  5586 D ApiError: -------------------------------------------------------------------
02-01 12:27:05.591  5544  5586 D ApiError: safeApiCall: setDataSource failed: status = 0x80000000
02-01 12:27:05.591  5544  5586 D ApiError: safeApiCall: setDataSource failed: status = 0x80000000
02-01 12:27:05.591  5544  5586 W System.err: java.lang.RuntimeException: setDataSource failed: status = 0x80000000
02-01 12:27:05.592  5544  5586 W System.err: 	at android.media.MediaMetadataRetriever._setDataSource(Native Method)
02-01 12:27:05.592  5544  5586 W System.err: 	at android.media.MediaMetadataRetriever.setDataSource(MediaMetadataRetriever.java:281)
02-01 12:27:05.592  5544  5586 W System.err: 	at com.lagradost.cloudstream3.ui.player.M3u8PreviewGenerator$load$1$1.invokeSuspend(PreviewGenerator.kt:384)
02-01 12:27:05.592  5544  5586 W System.err: 	at kotlin.coroutines.jvm.internal.BaseContinuationImpl.resumeWith(ContinuationImpl.kt:34)
02-01 12:27:05.592  5544  5586 W System.err: 	at kotlinx.coroutines.DispatchedTask.run(DispatchedTask.kt:100)
02-01 12:27:05.592  5544  5586 W System.err: 	at kotlinx.coroutines.internal.LimitedDispatcher$Worker.run(LimitedDispatcher.kt:124)
02-01 12:27:05.592  5544  5586 W System.err: 	at kotlinx.coroutines.scheduling.TaskImpl.run(Tasks.kt:89)
02-01 12:27:05.592  5544  5586 W System.err: 	at kotlinx.coroutines.scheduling.CoroutineScheduler.runSafely(CoroutineScheduler.kt:586)
02-01 12:27:05.592  5544  5586 W System.err: 	at kotlinx.coroutines.scheduling.CoroutineScheduler$Worker.executeTask(CoroutineScheduler.kt:820)
02-01 12:27:05.592  5544  5586 W System.err: 	at kotlinx.coroutines.scheduling.CoroutineScheduler$Worker.runWorker(CoroutineScheduler.kt:717)
02-01 12:27:05.592  5544  5586 W System.err: 	at kotlinx.coroutines.scheduling.CoroutineScheduler$Worker.run(CoroutineScheduler.kt:704)
02-01 12:27:05.592  5544  5586 D ApiError: -------------------------------------------------------------------
02-01 12:27:05.592  5544  5586 I PreviewImgM3u8: Generating preview for 228
02-01 12:27:05.592  5544  5586 V MediaHTTPService: MediaHTTPService(android.media.MediaHTTPService@f370260): Cookies: null
02-01 12:27:05.592  5544  5586 V MediaHTTPService: makeHTTPConnection: CookieHandler (java.net.CookieManager@7ac316) exists.
02-01 12:27:05.592  5544  5586 V MediaHTTPService: makeHTTPConnection(android.media.MediaHTTPService@f370260): cookieHandler: java.net.CookieManager@7ac316 Cookies: null
02-01 12:27:05.715  5544  5544 I CS3ExoPlayer: Handle event: PositionEvent(source=Player, fromMs=27502, toMs=27502, durationMs=1430000)
02-01 12:27:05.717  5544  5544 I CS3ExoPlayer: Handle event: StatusEvent(wasPlaying=IsPaused, isPlaying=IsPlaying, source=Player)
02-01 12:27:05.720  5544  5544 I CS3ExoPlayer: Handle event: RequestAudioFocusEvent(source=Player)
02-01 12:27:05.722  5544  5882 I CustomDecoder: Parse subtitle, current parser: androidx.media3.extractor.text.webvtt.WebvttParser@bd66a80
02-01 12:27:05.723  5544  5882 I CustomDecoder: Detected encoding with charset UTF-8 and override = null
02-01 12:27:05.723  5544  5882 I CustomDecoder: Subtitle preview: WEBVTT
02-01 12:27:05.723  5544  5882 I CustomDecoder: 
02-01 12:27:05.723  5544  5882 I CustomDecoder: 00:14.580 --> 00:16.95
02-01 12:27:05.723  5544  5882 I CustomDecoder: Parser selected: androidx.media3.extractor.text.webvtt.WebvttParser@bd66a80
02-01 12:27:05.725  5544  5544 D MediaRouter: onRestoreRoute() : route=RouteInfo{ name=Phone, description=null, status=null, category=RouteCategory{ name=System types=ROUTE_TYPE_LIVE_AUDIO ROUTE_TYPE_LIVE_VIDEO  groupable=false }, supportedTypes=ROUTE_TYPE_LIVE_AUDIO ROUTE_TYPE_LIVE_VIDEO , presentationDisplay=null }
02-01 12:27:05.726  5544  5544 V MediaRouter: Selecting route: RouteInfo{ name=Phone, description=null, status=null, category=RouteCategory{ name=System types=ROUTE_TYPE_LIVE_AUDIO ROUTE_TYPE_LIVE_VIDEO  groupable=false }, supportedTypes=ROUTE_TYPE_LIVE_AUDIO ROUTE_TYPE_LIVE_VIDEO , presentationDisplay=null }
02-01 12:27:05.746  5544  5544 D gralloc_x86: gralloc_alloc: Creating ashmem region of size 16384
02-01 12:27:05.812  5544  5753 D BufferPoolAccessor2.0: bufferpool2 0x7b9f84cb3998 : 5(40960 size) total buffers - 1(8192 size) used buffers - 452/457 (recycle/alloc) - 5/455 (fetch/transfer)
02-01 12:27:06.548  5544  5586 D ApiError: -------------------------------------------------------------------
02-01 12:27:06.548  5544  5586 D ApiError: safeApiCall: setDataSource failed: status = 0x80000000
02-01 12:27:06.548  5544  5586 D ApiError: safeApiCall: setDataSource failed: status = 0x80000000
02-01 12:27:06.548  5544  5586 W System.err: java.lang.RuntimeException: setDataSource failed: status = 0x80000000
02-01 12:27:06.548  5544  5586 W System.err: 	at android.media.MediaMetadataRetriever._setDataSource(Native Method)
02-01 12:27:06.548  5544  5586 W System.err: 	at android.media.MediaMetadataRetriever.setDataSource(MediaMetadataRetriever.java:281)
02-01 12:27:06.548  5544  5586 W System.err: 	at com.lagradost.cloudstream3.ui.player.M3u8PreviewGenerator$load$1$1.invokeSuspend(PreviewGenerator.kt:384)
02-01 12:27:06.548  5544  5586 W System.err: 	at kotlin.coroutines.jvm.internal.BaseContinuationImpl.resumeWith(ContinuationImpl.kt:34)
02-01 12:27:06.548  5544  5586 W System.err: 	at kotlinx.coroutines.DispatchedTask.run(DispatchedTask.kt:100)
02-01 12:27:06.548  5544  5586 W System.err: 	at kotlinx.coroutines.internal.LimitedDispatcher$Worker.run(LimitedDispatcher.kt:124)
02-01 12:27:06.548  5544  5586 W System.err: 	at kotlinx.coroutines.scheduling.TaskImpl.run(Tasks.kt:89)
02-01 12:27:06.548  5544  5586 W System.err: 	at kotlinx.coroutines.scheduling.CoroutineScheduler.runSafely(CoroutineScheduler.kt:586)
02-01 12:27:06.548  5544  5586 W System.err: 	at kotlinx.coroutines.scheduling.CoroutineScheduler$Worker.executeTask(CoroutineScheduler.kt:820)
02-01 12:27:06.548  5544  5586 W System.err: 	at kotlinx.coroutines.scheduling.CoroutineScheduler$Worker.runWorker(CoroutineScheduler.kt:717)
02-01 12:27:06.548  5544  5586 W System.err: 	at kotlinx.coroutines.scheduling.CoroutineScheduler$Worker.run(CoroutineScheduler.kt:704)
02-01 12:27:06.548  5544  5586 D ApiError: -------------------------------------------------------------------
02-01 12:27:06.548  5544  5586 I PreviewImgM3u8: Generating preview for 270
02-01 12:27:06.548  5544  5586 V MediaHTTPService: MediaHTTPService(android.media.MediaHTTPService@e282233): Cookies: null
02-01 12:27:06.548  5544  5586 V MediaHTTPService: makeHTTPConnection: CookieHandler (java.net.CookieManager@7ac316) exists.
02-01 12:27:06.548  5544  5586 V MediaHTTPService: makeHTTPConnection(android.media.MediaHTTPService@e282233): cookieHandler: java.net.CookieManager@7ac316 Cookies: null
02-01 12:27:06.637  5544  5544 I CS3ExoPlayer: Handle event: PositionEvent(source=UI, fromMs=28386, toMs=38386, durationMs=1430000)
02-01 12:27:06.640  5544  5544 I CS3ExoPlayer: Handle event: StatusEvent(wasPlaying=IsPlaying, isPlaying=IsBuffering, source=Player)
02-01 12:27:06.643  5544  5544 I CS3ExoPlayer: Handle event: PositionEvent(source=Player, fromMs=38386, toMs=38386, durationMs=1430000)
02-01 12:27:06.643  5544  5731 D MediaCodec: keep callback message for reclaim
02-01 12:27:06.644  5544  5544 I CS3ExoPlayer: Handle event: PositionEvent(source=Player, fromMs=38386, toMs=38386, durationMs=1430000)
02-01 12:27:06.645  5544  5731 D MediaCodec: keep callback message for reclaim
02-01 12:27:06.645  5544  5753 I CCodecConfig: query failed after returning 19 values (BAD_INDEX)
02-01 12:27:06.646  5544  5753 W Codec2Client: query -- param skipped: index = 1342179345.
02-01 12:27:06.646  5544  5753 W Codec2Client: query -- param skipped: index = 2415921170.
02-01 12:27:06.646  5544  5753 W Codec2Client: query -- param skipped: index = 1610614798.
02-01 12:27:06.674  5544  5544 D gralloc_x86: gralloc_alloc: Creating ashmem region of size 16384
02-01 12:27:06.688  5544  5544 D gralloc_x86: gralloc_alloc: Creating ashmem region of size 16384
02-01 12:27:08.520  5544  5544 I CS3ExoPlayer: Handle event: PositionEvent(source=Player, fromMs=38086, toMs=38086, durationMs=1430000)
02-01 12:27:08.655  5544  5586 I PreviewImgM3u8: Generating preview for 312
02-01 12:27:08.655  5544  5586 V MediaHTTPService: MediaHTTPService(android.media.MediaHTTPService@dede087): Cookies: null
02-01 12:27:08.656  5544  5586 V MediaHTTPService: makeHTTPConnection: CookieHandler (java.net.CookieManager@7ac316) exists.
02-01 12:27:08.656  5544  5586 V MediaHTTPService: makeHTTPConnection(android.media.MediaHTTPService@dede087): cookieHandler: java.net.CookieManager@7ac316 Cookies: null
02-01 12:27:09.541  5544  5740 W PesReader: Unexpected start code prefix: 3211479
02-01 12:27:09.541  5544  5740 W PesReader: Unexpected start code prefix: 2162903
02-01 12:27:09.541  5544  5740 W PesReader: Unexpected start code prefix: 0
02-01 12:27:09.841  5544  5544 I CS3ExoPlayer: Handle event: StatusEvent(wasPlaying=IsPaused, isPlaying=IsPlaying, source=Player)
02-01 12:27:09.844  5544  5544 I CS3ExoPlayer: Handle event: RequestAudioFocusEvent(source=Player)
02-01 12:27:09.846  5544  5544 D MediaRouter: onRestoreRoute() : route=RouteInfo{ name=Phone, description=null, status=null, category=RouteCategory{ name=System types=ROUTE_TYPE_LIVE_AUDIO ROUTE_TYPE_LIVE_VIDEO  groupable=false }, supportedTypes=ROUTE_TYPE_LIVE_AUDIO ROUTE_TYPE_LIVE_VIDEO , presentationDisplay=null }
02-01 12:27:09.846  5544  5544 V MediaRouter: Selecting route: RouteInfo{ name=Phone, description=null, status=null, category=RouteCategory{ name=System types=ROUTE_TYPE_LIVE_AUDIO ROUTE_TYPE_LIVE_VIDEO  groupable=false }, supportedTypes=ROUTE_TYPE_LIVE_AUDIO ROUTE_TYPE_LIVE_VIDEO , presentationDisplay=null }
02-01 12:27:09.850  5544  5882 I CustomDecoder: Parse subtitle, current parser: androidx.media3.extractor.text.webvtt.WebvttParser@bd66a80
02-01 12:27:09.851  5544  5882 I CustomDecoder: Detected encoding with charset UTF-8 and override = null
02-01 12:27:09.851  5544  5882 I CustomDecoder: Subtitle preview: WEBVTT
02-01 12:27:09.851  5544  5882 I CustomDecoder: 
02-01 12:27:09.851  5544  5882 I CustomDecoder: 00:14.580 --> 00:16.95
02-01 12:27:09.851  5544  5882 I CustomDecoder: Parser selected: androidx.media3.extractor.text.webvtt.WebvttParser@bd66a80
02-01 12:27:09.876  5544  5544 D gralloc_x86: gralloc_alloc: Creating ashmem region of size 16384
02-01 12:27:09.973  5544  5586 I PreviewImgM3u8: Generating preview for 10
02-01 12:27:09.973  5544  5586 V MediaHTTPService: MediaHTTPService(android.media.MediaHTTPService@879d80): Cookies: null
02-01 12:27:09.973  5544  5586 V MediaHTTPService: makeHTTPConnection: CookieHandler (java.net.CookieManager@7ac316) exists.
02-01 12:27:09.973  5544  5586 V MediaHTTPService: makeHTTPConnection(android.media.MediaHTTPService@879d80): cookieHandler: java.net.CookieManager@7ac316 Cookies: null
02-01 12:27:10.188  5544  5586 D ApiError: -------------------------------------------------------------------
02-01 12:27:10.188  5544  5586 D ApiError: safeApiCall: setDataSource failed: status = 0x80000000
02-01 12:27:10.188  5544  5586 D ApiError: safeApiCall: setDataSource failed: status = 0x80000000
02-01 12:27:10.188  5544  5586 W System.err: java.lang.RuntimeException: setDataSource failed: status = 0x80000000
02-01 12:27:10.188  5544  5586 W System.err: 	at android.media.MediaMetadataRetriever._setDataSource(Native Method)
02-01 12:27:10.188  5544  5586 W System.err: 	at android.media.MediaMetadataRetriever.setDataSource(MediaMetadataRetriever.java:281)
02-01 12:27:10.188  5544  5586 W System.err: 	at com.lagradost.cloudstream3.ui.player.M3u8PreviewGenerator$load$1$1.invokeSuspend(PreviewGenerator.kt:384)
02-01 12:27:10.188  5544  5586 W System.err: 	at kotlin.coroutines.jvm.internal.BaseContinuationImpl.resumeWith(ContinuationImpl.kt:34)
02-01 12:27:10.188  5544  5586 W System.err: 	at kotlinx.coroutines.DispatchedTask.run(DispatchedTask.kt:100)
02-01 12:27:10.188  5544  5586 W System.err: 	at kotlinx.coroutines.internal.LimitedDispatcher$Worker.run(LimitedDispatcher.kt:124)
02-01 12:27:10.188  5544  5586 W System.err: 	at kotlinx.coroutines.scheduling.TaskImpl.run(Tasks.kt:89)
02-01 12:27:10.188  5544  5586 W System.err: 	at kotlinx.coroutines.scheduling.CoroutineScheduler.runSafely(CoroutineScheduler.kt:586)
02-01 12:27:10.188  5544  5586 W System.err: 	at kotlinx.coroutines.scheduling.CoroutineScheduler$Worker.executeTask(CoroutineScheduler.kt:820)
02-01 12:27:10.188  5544  5586 W System.err: 	at kotlinx.coroutines.scheduling.CoroutineScheduler$Worker.runWorker(CoroutineScheduler.kt:717)
02-01 12:27:10.188  5544  5586 W System.err: 	at kotlinx.coroutines.scheduling.CoroutineScheduler$Worker.run(CoroutineScheduler.kt:704)
02-01 12:27:10.188  5544  5586 D ApiError: -------------------------------------------------------------------
02-01 12:27:10.188  5544  5586 I PreviewImgM3u8: Generating preview for 30
02-01 12:27:10.188  5544  5586 V MediaHTTPService: MediaHTTPService(android.media.MediaHTTPService@b3aaffe): Cookies: null
02-01 12:27:10.188  5544  5586 V MediaHTTPService: makeHTTPConnection: CookieHandler (java.net.CookieManager@7ac316) exists.
02-01 12:27:10.188  5544  5586 V MediaHTTPService: makeHTTPConnection(android.media.MediaHTTPService@b3aaffe): cookieHandler: java.net.CookieManager@7ac316 Cookies: null
02-01 12:27:10.963  5544  5753 D BufferPoolAccessor2.0: bufferpool2 0x7b9f84cb3998 : 5(40960 size) total buffers - 1(8192 size) used buffers - 557/562 (recycle/alloc) - 9/559 (fetch/transfer)
02-01 12:27:11.358  5544  5544 I CS3ExoPlayer: Handle event: StatusEvent(wasPlaying=IsPlaying, isPlaying=IsBuffering, source=Player)
02-01 12:27:11.359  5544  5544 I CS3ExoPlayer: Handle event: PositionEvent(source=Player, fromMs=39577, toMs=39577, durationMs=1430000)
02-01 12:27:11.360  5544  5544 I CS3ExoPlayer: Handle event: PositionEvent(source=Player, fromMs=39577, toMs=39577, durationMs=1430000)
02-01 12:27:11.388  5544  5544 D gralloc_x86: gralloc_alloc: Creating ashmem region of size 16384
02-01 12:27:12.344  5544  5586 I PreviewImgM3u8: Generating preview for 51
02-01 12:27:12.344  5544  5586 V MediaHTTPService: MediaHTTPService(android.media.MediaHTTPService@84b9c98): Cookies: null
02-01 12:27:12.344  5544  5586 V MediaHTTPService: makeHTTPConnection: CookieHandler (java.net.CookieManager@7ac316) exists.
