02-01 12:27:35.192  5544  5740 W PesReader: Unexpected start code prefix: 3211925
02-01 12:27:35.192  5544  5740 W PesReader: Unexpected start code prefix: 2163347
02-01 12:27:35.192  5544  5740 W PesReader: Unexpected start code prefix: 0
02-01 12:27:35.689  5544  5586 I PreviewImgM3u8: Generating preview for 98
02-01 12:27:35.690  5544  5586 V MediaHTTPService: MediaHTTPService(android.media.MediaHTTPService@4821b8a): Cookies: null
02-01 12:27:35.690  5544  5586 V MediaHTTPService: makeHTTPConnection: CookieHandler (java.net.CookieManager@7ac316) exists.
02-01 12:27:35.690  5544  5586 V MediaHTTPService: makeHTTPConnection(android.media.MediaHTTPService@4821b8a): cookieHandler: java.net.CookieManager@7ac316 Cookies: null
02-01 12:27:35.912  5544  5740 W PesReader: Unexpected start code prefix: 3211951
02-01 12:27:35.912  5544  5740 W PesReader: Unexpected start code prefix: 2163375
02-01 12:27:35.912  5544  5740 W PesReader: Unexpected start code prefix: 0
02-01 12:27:35.927  5544  5586 D ApiError: -------------------------------------------------------------------
02-01 12:27:35.927  5544  5586 D ApiError: safeApiCall: setDataSource failed: status = 0x80000000
02-01 12:27:35.927  5544  5586 D ApiError: safeApiCall: setDataSource failed: status = 0x80000000
02-01 12:27:35.927  5544  5586 W System.err: java.lang.RuntimeException: setDataSource failed: status = 0x80000000
02-01 12:27:35.927  5544  5586 W System.err: 	at android.media.MediaMetadataRetriever._setDataSource(Native Method)
02-01 12:27:35.927  5544  5586 W System.err: 	at android.media.MediaMetadataRetriever.setDataSource(MediaMetadataRetriever.java:281)
02-01 12:27:35.927  5544  5586 W System.err: 	at com.lagradost.cloudstream3.ui.player.M3u8PreviewGenerator$load$1$1.invokeSuspend(PreviewGenerator.kt:384)
02-01 12:27:35.927  5544  5586 W System.err: 	at kotlin.coroutines.jvm.internal.BaseContinuationImpl.resumeWith(ContinuationImpl.kt:34)
02-01 12:27:35.927  5544  5586 W System.err: 	at kotlinx.coroutines.DispatchedTask.run(DispatchedTask.kt:100)
02-01 12:27:35.927  5544  5586 W System.err: 	at kotlinx.coroutines.internal.LimitedDispatcher$Worker.run(LimitedDispatcher.kt:124)
02-01 12:27:35.927  5544  5586 W System.err: 	at kotlinx.coroutines.scheduling.TaskImpl.run(Tasks.kt:89)
02-01 12:27:35.927  5544  5586 W System.err: 	at kotlinx.coroutines.scheduling.CoroutineScheduler.runSafely(CoroutineScheduler.kt:586)
02-01 12:27:35.927  5544  5586 W System.err: 	at kotlinx.coroutines.scheduling.CoroutineScheduler$Worker.executeTask(CoroutineScheduler.kt:820)
02-01 12:27:35.927  5544  5586 W System.err: 	at kotlinx.coroutines.scheduling.CoroutineScheduler$Worker.runWorker(CoroutineScheduler.kt:717)
02-01 12:27:35.927  5544  5586 W System.err: 	at kotlinx.coroutines.scheduling.CoroutineScheduler$Worker.run(CoroutineScheduler.kt:704)
02-01 12:27:35.927  5544  5586 D ApiError: -------------------------------------------------------------------
02-01 12:27:35.927  5544  5586 I PreviewImgM3u8: Generating preview for 109
02-01 12:27:35.927  5544  5586 V MediaHTTPService: MediaHTTPService(android.media.MediaHTTPService@31e6618): Cookies: null
02-01 12:27:35.928  5544  5586 V MediaHTTPService: makeHTTPConnection: CookieHandler (java.net.CookieManager@7ac316) exists.
02-01 12:27:35.928  5544  5586 V MediaHTTPService: makeHTTPConnection(android.media.MediaHTTPService@31e6618): cookieHandler: java.net.CookieManager@7ac316 Cookies: null
02-01 12:27:37.185  5544  5740 W PesReader: Unexpected start code prefix: 3211967
02-01 12:27:37.185  5544  5740 W PesReader: Unexpected start code prefix: 2163391
02-01 12:27:37.185  5544  5740 W PesReader: Unexpected start code prefix: 0
02-01 12:27:37.372  5544  5586 I PreviewImgM3u8: Generating preview for 119
02-01 12:27:37.372  5544  5586 V MediaHTTPService: MediaHTTPService(android.media.MediaHTTPService@49fcbc4): Cookies: null
02-01 12:27:37.373  5544  5586 V MediaHTTPService: makeHTTPConnection: CookieHandler (java.net.CookieManager@7ac316) exists.
02-01 12:27:37.373  5544  5586 V MediaHTTPService: makeHTTPConnection(android.media.MediaHTTPService@49fcbc4): cookieHandler: java.net.CookieManager@7ac316 Cookies: null
02-01 12:27:37.796  5544  5586 D ApiError: -------------------------------------------------------------------
02-01 12:27:37.796  5544  5586 D ApiError: safeApiCall: setDataSource failed: status = 0x80000000
02-01 12:27:37.796  5544  5586 D ApiError: safeApiCall: setDataSource failed: status = 0x80000000
02-01 12:27:37.796  5544  5586 W System.err: java.lang.RuntimeException: setDataSource failed: status = 0x80000000
02-01 12:27:37.796  5544  5586 W System.err: 	at android.media.MediaMetadataRetriever._setDataSource(Native Method)
02-01 12:27:37.796  5544  5586 W System.err: 	at android.media.MediaMetadataRetriever.setDataSource(MediaMetadataRetriever.java:281)
02-01 12:27:37.796  5544  5586 W System.err: 	at com.lagradost.cloudstream3.ui.player.M3u8PreviewGenerator$load$1$1.invokeSuspend(PreviewGenerator.kt:384)
02-01 12:27:37.796  5544  5586 W System.err: 	at kotlin.coroutines.jvm.internal.BaseContinuationImpl.resumeWith(ContinuationImpl.kt:34)
02-01 12:27:37.796  5544  5586 W System.err: 	at kotlinx.coroutines.DispatchedTask.run(DispatchedTask.kt:100)
02-01 12:27:37.796  5544  5586 W System.err: 	at kotlinx.coroutines.internal.LimitedDispatcher$Worker.run(LimitedDispatcher.kt:124)
02-01 12:27:37.796  5544  5586 W System.err: 	at kotlinx.coroutines.scheduling.TaskImpl.run(Tasks.kt:89)
02-01 12:27:37.796  5544  5586 W System.err: 	at kotlinx.coroutines.scheduling.CoroutineScheduler.runSafely(CoroutineScheduler.kt:586)
02-01 12:27:37.796  5544  5586 W System.err: 	at kotlinx.coroutines.scheduling.CoroutineScheduler$Worker.executeTask(CoroutineScheduler.kt:820)
02-01 12:27:37.796  5544  5586 W System.err: 	at kotlinx.coroutines.scheduling.CoroutineScheduler$Worker.runWorker(CoroutineScheduler.kt:717)
02-01 12:27:37.796  5544  5586 W System.err: 	at kotlinx.coroutines.scheduling.CoroutineScheduler$Worker.run(CoroutineScheduler.kt:704)
02-01 12:27:37.796  5544  5586 D ApiError: -------------------------------------------------------------------
02-01 12:27:37.796  5544  5586 I PreviewImgM3u8: Generating preview for 130
02-01 12:27:37.796  5544  5586 V MediaHTTPService: MediaHTTPService(android.media.MediaHTTPService@40291e2): Cookies: null
02-01 12:27:37.797  5544  5586 V MediaHTTPService: makeHTTPConnection: CookieHandler (java.net.CookieManager@7ac316) exists.
02-01 12:27:37.797  5544  5586 V MediaHTTPService: makeHTTPConnection(android.media.MediaHTTPService@40291e2): cookieHandler: java.net.CookieManager@7ac316 Cookies: null
02-01 12:27:37.878  5544  5753 D BufferPoolAccessor2.0: bufferpool2 0x7b9f84cb3998 : 5(40960 size) total buffers - 1(8192 size) used buffers - 1628/1633 (recycle/alloc) - 14/1624 (fetch/transfer)
02-01 12:27:38.092  5544  5586 D ApiError: -------------------------------------------------------------------
02-01 12:27:38.092  5544  5586 D ApiError: safeApiCall: setDataSource failed: status = 0x80000000
02-01 12:27:38.092  5544  5586 D ApiError: safeApiCall: setDataSource failed: status = 0x80000000
02-01 12:27:38.092  5544  5586 W System.err: java.lang.RuntimeException: setDataSource failed: status = 0x80000000
02-01 12:27:38.093  5544  5586 W System.err: 	at android.media.MediaMetadataRetriever._setDataSource(Native Method)
02-01 12:27:38.093  5544  5586 W System.err: 	at android.media.MediaMetadataRetriever.setDataSource(MediaMetadataRetriever.java:281)
02-01 12:27:38.093  5544  5586 W System.err: 	at com.lagradost.cloudstream3.ui.player.M3u8PreviewGenerator$load$1$1.invokeSuspend(PreviewGenerator.kt:384)
02-01 12:27:38.093  5544  5586 W System.err: 	at kotlin.coroutines.jvm.internal.BaseContinuationImpl.resumeWith(ContinuationImpl.kt:34)
02-01 12:27:38.093  5544  5586 W System.err: 	at kotlinx.coroutines.DispatchedTask.run(DispatchedTask.kt:100)
02-01 12:27:38.093  5544  5586 W System.err: 	at kotlinx.coroutines.internal.LimitedDispatcher$Worker.run(LimitedDispatcher.kt:124)
02-01 12:27:38.093  5544  5586 W System.err: 	at kotlinx.coroutines.scheduling.TaskImpl.run(Tasks.kt:89)
02-01 12:27:38.093  5544  5586 W System.err: 	at kotlinx.coroutines.scheduling.CoroutineScheduler.runSafely(CoroutineScheduler.kt:586)
02-01 12:27:38.093  5544  5586 W System.err: 	at kotlinx.coroutines.scheduling.CoroutineScheduler$Worker.executeTask(CoroutineScheduler.kt:820)
02-01 12:27:38.093  5544  5586 W System.err: 	at kotlinx.coroutines.scheduling.CoroutineScheduler$Worker.runWorker(CoroutineScheduler.kt:717)
02-01 12:27:38.093  5544  5586 W System.err: 	at kotlinx.coroutines.scheduling.CoroutineScheduler$Worker.run(CoroutineScheduler.kt:704)
02-01 12:27:38.093  5544  5586 D ApiError: -------------------------------------------------------------------
02-01 12:27:38.093  5544  5586 I PreviewImgM3u8: Generating preview for 140
02-01 12:27:38.093  5544  5586 V MediaHTTPService: MediaHTTPService(android.media.MediaHTTPService@b5144a9): Cookies: null
02-01 12:27:38.093  5544  5586 V MediaHTTPService: makeHTTPConnection: CookieHandler (java.net.CookieManager@7ac316) exists.
02-01 12:27:38.093  5544  5586 V MediaHTTPService: makeHTTPConnection(android.media.MediaHTTPService@b5144a9): cookieHandler: java.net.CookieManager@7ac316 Cookies: null
02-01 12:27:38.612  5544  5740 W PesReader: Unexpected start code prefix: 3212001
02-01 12:27:38.612  5544  5740 W PesReader: Unexpected start code prefix: 2163425
02-01 12:27:38.612  5544  5740 W PesReader: Unexpected start code prefix: 0
02-01 12:27:38.817  5544  5586 D ApiError: -------------------------------------------------------------------
02-01 12:27:38.817  5544  5586 D ApiError: safeApiCall: setDataSource failed: status = 0x80000000
02-01 12:27:38.817  5544  5586 D ApiError: safeApiCall: setDataSource failed: status = 0x80000000
02-01 12:27:38.817  5544  5586 W System.err: java.lang.RuntimeException: setDataSource failed: status = 0x80000000
02-01 12:27:38.818  5544  5586 W System.err: 	at android.media.MediaMetadataRetriever._setDataSource(Native Method)
02-01 12:27:38.818  5544  5586 W System.err: 	at android.media.MediaMetadataRetriever.setDataSource(MediaMetadataRetriever.java:281)
02-01 12:27:38.818  5544  5586 W System.err: 	at com.lagradost.cloudstream3.ui.player.M3u8PreviewGenerator$load$1$1.invokeSuspend(PreviewGenerator.kt:384)
02-01 12:27:38.818  5544  5586 W System.err: 	at kotlin.coroutines.jvm.internal.BaseContinuationImpl.resumeWith(ContinuationImpl.kt:34)
02-01 12:27:38.818  5544  5586 W System.err: 	at kotlinx.coroutines.DispatchedTask.run(DispatchedTask.kt:100)
02-01 12:27:38.818  5544  5586 W System.err: 	at kotlinx.coroutines.internal.LimitedDispatcher$Worker.run(LimitedDispatcher.kt:124)
02-01 12:27:38.818  5544  5586 W System.err: 	at kotlinx.coroutines.scheduling.TaskImpl.run(Tasks.kt:89)
02-01 12:27:38.818  5544  5586 W System.err: 	at kotlinx.coroutines.scheduling.CoroutineScheduler.runSafely(CoroutineScheduler.kt:586)
02-01 12:27:38.818  5544  5586 W System.err: 	at kotlinx.coroutines.scheduling.CoroutineScheduler$Worker.executeTask(CoroutineScheduler.kt:820)
02-01 12:27:38.818  5544  5586 W System.err: 	at kotlinx.coroutines.scheduling.CoroutineScheduler$Worker.runWorker(CoroutineScheduler.kt:717)
02-01 12:27:38.818  5544  5586 W System.err: 	at kotlinx.coroutines.scheduling.CoroutineScheduler$Worker.run(CoroutineScheduler.kt:704)
02-01 12:27:38.818  5544  5586 D ApiError: -------------------------------------------------------------------
02-01 12:27:38.818  5544  5586 I PreviewImgM3u8: Generating preview for 151
02-01 12:27:38.818  5544  5586 V MediaHTTPService: MediaHTTPService(android.media.MediaHTTPService@c6acf5c): Cookies: null
02-01 12:27:38.818  5544  5586 V MediaHTTPService: makeHTTPConnection: CookieHandler (java.net.CookieManager@7ac316) exists.
02-01 12:27:38.818  5544  5586 V MediaHTTPService: makeHTTPConnection(android.media.MediaHTTPService@c6acf5c): cookieHandler: java.net.CookieManager@7ac316 Cookies: null
02-01 12:27:39.340  5544  5586 D ApiError: -------------------------------------------------------------------
02-01 12:27:39.340  5544  5586 D ApiError: safeApiCall: setDataSource failed: status = 0x80000000
02-01 12:27:39.340  5544  5586 D ApiError: safeApiCall: setDataSource failed: status = 0x80000000
02-01 12:27:39.340  5544  5586 W System.err: java.lang.RuntimeException: setDataSource failed: status = 0x80000000
02-01 12:27:39.340  5544  5586 W System.err: 	at android.media.MediaMetadataRetriever._setDataSource(Native Method)
02-01 12:27:39.340  5544  5586 W System.err: 	at android.media.MediaMetadataRetriever.setDataSource(MediaMetadataRetriever.java:281)
02-01 12:27:39.340  5544  5586 W System.err: 	at com.lagradost.cloudstream3.ui.player.M3u8PreviewGenerator$load$1$1.invokeSuspend(PreviewGenerator.kt:384)
02-01 12:27:39.340  5544  5586 W System.err: 	at kotlin.coroutines.jvm.internal.BaseContinuationImpl.resumeWith(ContinuationImpl.kt:34)
02-01 12:27:39.340  5544  5586 W System.err: 	at kotlinx.coroutines.DispatchedTask.run(DispatchedTask.kt:100)
02-01 12:27:39.340  5544  5586 W System.err: 	at kotlinx.coroutines.internal.LimitedDispatcher$Worker.run(LimitedDispatcher.kt:124)
02-01 12:27:39.340  5544  5586 W System.err: 	at kotlinx.coroutines.scheduling.TaskImpl.run(Tasks.kt:89)
02-01 12:27:39.340  5544  5586 W System.err: 	at kotlinx.coroutines.scheduling.CoroutineScheduler.runSafely(CoroutineScheduler.kt:586)
02-01 12:27:39.340  5544  5586 W System.err: 	at kotlinx.coroutines.scheduling.CoroutineScheduler$Worker.executeTask(CoroutineScheduler.kt:820)
02-01 12:27:39.340  5544  5586 W System.err: 	at kotlinx.coroutines.scheduling.CoroutineScheduler$Worker.runWorker(CoroutineScheduler.kt:717)
02-01 12:27:39.340  5544  5586 W System.err: 	at kotlinx.coroutines.scheduling.CoroutineScheduler$Worker.run(CoroutineScheduler.kt:704)
02-01 12:27:39.340  5544  5586 D ApiError: -------------------------------------------------------------------
02-01 12:27:39.340  5544  5586 I PreviewImgM3u8: Generating preview for 161
02-01 12:27:39.340  5544  5586 V MediaHTTPService: MediaHTTPService(android.media.MediaHTTPService@ebc53eb): Cookies: null
02-01 12:27:39.340  5544  5586 V MediaHTTPService: makeHTTPConnection: CookieHandler (java.net.CookieManager@7ac316) exists.
02-01 12:27:39.340  5544  5586 V MediaHTTPService: makeHTTPConnection(android.media.MediaHTTPService@ebc53eb): cookieHandler: java.net.CookieManager@7ac316 Cookies: null
02-01 12:27:40.028  5544  5586 D ApiError: -------------------------------------------------------------------
02-01 12:27:40.028  5544  5586 D ApiError: safeApiCall: setDataSource failed: status = 0x80000000
02-01 12:27:40.028  5544  5586 D ApiError: safeApiCall: setDataSource failed: status = 0x80000000
02-01 12:27:40.028  5544  5586 W System.err: java.lang.RuntimeException: setDataSource failed: status = 0x80000000
02-01 12:27:40.028  5544  5586 W System.err: 	at android.media.MediaMetadataRetriever._setDataSource(Native Method)
02-01 12:27:40.028  5544  5586 W System.err: 	at android.media.MediaMetadataRetriever.setDataSource(MediaMetadataRetriever.java:281)
02-01 12:27:40.028  5544  5586 W System.err: 	at com.lagradost.cloudstream3.ui.player.M3u8PreviewGenerator$load$1$1.invokeSuspend(PreviewGenerator.kt:384)
02-01 12:27:40.028  5544  5586 W System.err: 	at kotlin.coroutines.jvm.internal.BaseContinuationImpl.resumeWith(ContinuationImpl.kt:34)
02-01 12:27:40.028  5544  5586 W System.err: 	at kotlinx.coroutines.DispatchedTask.run(DispatchedTask.kt:100)
02-01 12:27:40.028  5544  5586 W System.err: 	at kotlinx.coroutines.internal.LimitedDispatcher$Worker.run(LimitedDispatcher.kt:124)
02-01 12:27:40.028  5544  5586 W System.err: 	at kotlinx.coroutines.scheduling.TaskImpl.run(Tasks.kt:89)
02-01 12:27:40.028  5544  5586 W System.err: 	at kotlinx.coroutines.scheduling.CoroutineScheduler.runSafely(CoroutineScheduler.kt:586)
02-01 12:27:40.028  5544  5586 W System.err: 	at kotlinx.coroutines.scheduling.CoroutineScheduler$Worker.executeTask(CoroutineScheduler.kt:820)
02-01 12:27:40.028  5544  5586 W System.err: 	at kotlinx.coroutines.scheduling.CoroutineScheduler$Worker.runWorker(CoroutineScheduler.kt:717)
02-01 12:27:40.028  5544  5586 W System.err: 	at kotlinx.coroutines.scheduling.CoroutineScheduler$Worker.run(CoroutineScheduler.kt:704)
02-01 12:27:40.028  5544  5586 D ApiError: -------------------------------------------------------------------
02-01 12:27:40.028  5544  5586 I PreviewImgM3u8: Generating preview for 172
02-01 12:27:40.028  5544  5586 V MediaHTTPService: MediaHTTPService(android.media.MediaHTTPService@98b1106): Cookies: null
02-01 12:27:40.028  5544  5586 V MediaHTTPService: makeHTTPConnection: CookieHandler (java.net.CookieManager@7ac316) exists.
02-01 12:27:40.028  5544  5586 V MediaHTTPService: makeHTTPConnection(android.media.MediaHTTPService@98b1106): cookieHandler: java.net.CookieManager@7ac316 Cookies: null
02-01 12:27:41.186  5544  5586 D ApiError: -------------------------------------------------------------------
02-01 12:27:41.186  5544  5586 D ApiError: safeApiCall: setDataSource failed: status = 0x80000000
02-01 12:27:41.186  5544  5586 D ApiError: safeApiCall: setDataSource failed: status = 0x80000000
02-01 12:27:41.186  5544  5586 W System.err: java.lang.RuntimeException: setDataSource failed: status = 0x80000000
02-01 12:27:41.186  5544  5586 W System.err: 	at android.media.MediaMetadataRetriever._setDataSource(Native Method)
02-01 12:27:41.186  5544  5586 W System.err: 	at android.media.MediaMetadataRetriever.setDataSource(MediaMetadataRetriever.java:281)
02-01 12:27:41.186  5544  5586 W System.err: 	at com.lagradost.cloudstream3.ui.player.M3u8PreviewGenerator$load$1$1.invokeSuspend(PreviewGenerator.kt:384)
02-01 12:27:41.186  5544  5586 W System.err: 	at kotlin.coroutines.jvm.internal.BaseContinuationImpl.resumeWith(ContinuationImpl.kt:34)
02-01 12:27:41.186  5544  5586 W System.err: 	at kotlinx.coroutines.DispatchedTask.run(DispatchedTask.kt:100)
02-01 12:27:41.186  5544  5586 W System.err: 	at kotlinx.coroutines.internal.LimitedDispatcher$Worker.run(LimitedDispatcher.kt:124)
02-01 12:27:41.186  5544  5586 W System.err: 	at kotlinx.coroutines.scheduling.TaskImpl.run(Tasks.kt:89)
02-01 12:27:41.186  5544  5586 W System.err: 	at kotlinx.coroutines.scheduling.CoroutineScheduler.runSafely(CoroutineScheduler.kt:586)
02-01 12:27:41.186  5544  5586 W System.err: 	at kotlinx.coroutines.scheduling.CoroutineScheduler$Worker.executeTask(CoroutineScheduler.kt:820)
02-01 12:27:41.186  5544  5586 W System.err: 	at kotlinx.coroutines.scheduling.CoroutineScheduler$Worker.runWorker(CoroutineScheduler.kt:717)
02-01 12:27:41.186  5544  5586 W System.err: 	at kotlinx.coroutines.scheduling.CoroutineScheduler$Worker.run(CoroutineScheduler.kt:704)
02-01 12:27:41.186  5544  5586 D ApiError: -------------------------------------------------------------------
02-01 12:27:41.186  5544  5586 I PreviewImgM3u8: Generating preview for 182
02-01 12:27:41.186  5544  5586 V MediaHTTPService: MediaHTTPService(android.media.MediaHTTPService@6c5991d): Cookies: null
02-01 12:27:41.186  5544  5586 V MediaHTTPService: makeHTTPConnection: CookieHandler (java.net.CookieManager@7ac316) exists.
02-01 12:27:41.186  5544  5586 V MediaHTTPService: makeHTTPConnection(android.media.MediaHTTPService@6c5991d): cookieHandler: java.net.CookieManager@7ac316 Cookies: null
02-01 12:27:42.971  5544  5586 I PreviewImgM3u8: Generating preview for 192
02-01 12:27:42.971  5544  5586 V MediaHTTPService: MediaHTTPService(android.media.MediaHTTPService@53b560): Cookies: null
02-01 12:27:42.971  5544  5586 V MediaHTTPService: makeHTTPConnection: CookieHandler (java.net.CookieManager@7ac316) exists.
02-01 12:27:42.971  5544  5586 V MediaHTTPService: makeHTTPConnection(android.media.MediaHTTPService@53b560): cookieHandler: java.net.CookieManager@7ac316 Cookies: null
02-01 12:27:43.094  5544  5753 D BufferPoolAccessor2.0: bufferpool2 0x7b9f84cb3998 : 5(40960 size) total buffers - 4(32768 size) used buffers - 1875/1880 (recycle/alloc) - 15/1870 (fetch/transfer)
02-01 12:27:43.235  5544  5740 W PesReader: Unexpected start code prefix: 3212037
02-01 12:27:43.235  5544  5740 W PesReader: Unexpected start code prefix: 2163461
02-01 12:27:43.235  5544  5740 W PesReader: Unexpected start code prefix: 0
02-01 12:27:44.300  5544  5586 I PreviewImgM3u8: Generating preview for 203
02-01 12:27:44.301  5544  5586 V MediaHTTPService: MediaHTTPService(android.media.MediaHTTPService@d27aa19): Cookies: null
02-01 12:27:44.301  5544  5586 V MediaHTTPService: makeHTTPConnection: CookieHandler (java.net.CookieManager@7ac316) exists.
02-01 12:27:44.301  5544  5586 V MediaHTTPService: makeHTTPConnection(android.media.MediaHTTPService@d27aa19): cookieHandler: java.net.CookieManager@7ac316 Cookies: null
02-01 12:27:44.683  5544  5586 D ApiError: -------------------------------------------------------------------
02-01 12:27:44.683  5544  5586 D ApiError: safeApiCall: setDataSource failed: status = 0x80000000
02-01 12:27:44.683  5544  5586 D ApiError: safeApiCall: setDataSource failed: status = 0x80000000
02-01 12:27:44.683  5544  5586 W System.err: java.lang.RuntimeException: setDataSource failed: status = 0x80000000
02-01 12:27:44.683  5544  5586 W System.err: 	at android.media.MediaMetadataRetriever._setDataSource(Native Method)
02-01 12:27:44.683  5544  5586 W System.err: 	at android.media.MediaMetadataRetriever.setDataSource(MediaMetadataRetriever.java:281)
02-01 12:27:44.683  5544  5586 W System.err: 	at com.lagradost.cloudstream3.ui.player.M3u8PreviewGenerator$load$1$1.invokeSuspend(PreviewGenerator.kt:384)
02-01 12:27:44.683  5544  5586 W System.err: 	at kotlin.coroutines.jvm.internal.BaseContinuationImpl.resumeWith(ContinuationImpl.kt:34)
02-01 12:27:44.683  5544  5586 W System.err: 	at kotlinx.coroutines.DispatchedTask.run(DispatchedTask.kt:100)
02-01 12:27:44.683  5544  5586 W System.err: 	at kotlinx.coroutines.internal.LimitedDispatcher$Worker.run(LimitedDispatcher.kt:124)
02-01 12:27:44.683  5544  5586 W System.err: 	at kotlinx.coroutines.scheduling.TaskImpl.run(Tasks.kt:89)
02-01 12:27:44.683  5544  5586 W System.err: 	at kotlinx.coroutines.scheduling.CoroutineScheduler.runSafely(CoroutineScheduler.kt:586)
02-01 12:27:44.683  5544  5586 W System.err: 	at kotlinx.coroutines.scheduling.CoroutineScheduler$Worker.executeTask(CoroutineScheduler.kt:820)
02-01 12:27:44.683  5544  5586 W System.err: 	at kotlinx.coroutines.scheduling.CoroutineScheduler$Worker.runWorker(CoroutineScheduler.kt:717)
02-01 12:27:44.683  5544  5586 W System.err: 	at kotlinx.coroutines.scheduling.CoroutineScheduler$Worker.run(CoroutineScheduler.kt:704)
02-01 12:27:44.683  5544  5586 D ApiError: -------------------------------------------------------------------
02-01 12:27:44.683  5544  5586 I PreviewImgM3u8: Generating preview for 213
02-01 12:27:44.683  5544  5586 V MediaHTTPService: MediaHTTPService(android.media.MediaHTTPService@b45e4bf): Cookies: null
02-01 12:27:44.683  5544  5586 V MediaHTTPService: makeHTTPConnection: CookieHandler (java.net.CookieManager@7ac316) exists.
02-01 12:27:44.683  5544  5586 V MediaHTTPService: makeHTTPConnection(android.media.MediaHTTPService@b45e4bf): cookieHandler: java.net.CookieManager@7ac316 Cookies: null
02-01 12:27:46.369  5544  5586 I PreviewImgM3u8: Generating preview for 224
02-01 12:27:46.369  5544  5586 V MediaHTTPService: MediaHTTPService(android.media.MediaHTTPService@dffced5): Cookies: null
02-01 12:27:46.369  5544  5586 V MediaHTTPService: makeHTTPConnection: CookieHandler (java.net.CookieManager@7ac316) exists.
02-01 12:27:46.369  5544  5586 V MediaHTTPService: makeHTTPConnection(android.media.MediaHTTPService@dffced5): cookieHandler: java.net.CookieManager@7ac316 Cookies: null
02-01 12:27:47.390  5544  5586 I PreviewImgM3u8: Generating preview for 234
02-01 12:27:47.390  5544  5586 V MediaHTTPService: MediaHTTPService(android.media.MediaHTTPService@4ae26ea): Cookies: null
02-01 12:27:47.390  5544  5586 V MediaHTTPService: makeHTTPConnection: CookieHandler (java.net.CookieManager@7ac316) exists.
02-01 12:27:47.390  5544  5586 V MediaHTTPService: makeHTTPConnection(android.media.MediaHTTPService@4ae26ea): cookieHandler: java.net.CookieManager@7ac316 Cookies: null
02-01 12:27:47.637  5544  5586 D ApiError: -------------------------------------------------------------------
02-01 12:27:47.637  5544  5586 D ApiError: safeApiCall: setDataSource failed: status = 0x80000000
02-01 12:27:47.637  5544  5586 D ApiError: safeApiCall: setDataSource failed: status = 0x80000000
02-01 12:27:47.637  5544  5586 W System.err: java.lang.RuntimeException: setDataSource failed: status = 0x80000000
02-01 12:27:47.637  5544  5586 W System.err: 	at android.media.MediaMetadataRetriever._setDataSource(Native Method)
02-01 12:27:47.637  5544  5586 W System.err: 	at android.media.MediaMetadataRetriever.setDataSource(MediaMetadataRetriever.java:281)
02-01 12:27:47.637  5544  5586 W System.err: 	at com.lagradost.cloudstream3.ui.player.M3u8PreviewGenerator$load$1$1.invokeSuspend(PreviewGenerator.kt:384)
02-01 12:27:47.637  5544  5586 W System.err: 	at kotlin.coroutines.jvm.internal.BaseContinuationImpl.resumeWith(ContinuationImpl.kt:34)
02-01 12:27:47.637  5544  5586 W System.err: 	at kotlinx.coroutines.DispatchedTask.run(DispatchedTask.kt:100)
02-01 12:27:47.637  5544  5586 W System.err: 	at kotlinx.coroutines.internal.LimitedDispatcher$Worker.run(LimitedDispatcher.kt:124)
02-01 12:27:47.637  5544  5586 W System.err: 	at kotlinx.coroutines.scheduling.TaskImpl.run(Tasks.kt:89)
02-01 12:27:47.637  5544  5586 W System.err: 	at kotlinx.coroutines.scheduling.CoroutineScheduler.runSafely(CoroutineScheduler.kt:586)
02-01 12:27:47.637  5544  5586 W System.err: 	at kotlinx.coroutines.scheduling.CoroutineScheduler$Worker.executeTask(CoroutineScheduler.kt:820)
02-01 12:27:47.637  5544  5586 W System.err: 	at kotlinx.coroutines.scheduling.CoroutineScheduler$Worker.runWorker(CoroutineScheduler.kt:717)
02-01 12:27:47.637  5544  5586 W System.err: 	at kotlinx.coroutines.scheduling.CoroutineScheduler$Worker.run(CoroutineScheduler.kt:704)
02-01 12:27:47.637  5544  5586 D ApiError: -------------------------------------------------------------------
02-01 12:27:47.637  5544  5586 I PreviewImgM3u8: Generating preview for 245
02-01 12:27:47.637  5544  5586 V MediaHTTPService: MediaHTTPService(android.media.MediaHTTPService@6c6d078): Cookies: null
02-01 12:27:47.637  5544  5586 V MediaHTTPService: makeHTTPConnection: CookieHandler (java.net.CookieManager@7ac316) exists.
02-01 12:27:47.637  5544  5586 V MediaHTTPService: makeHTTPConnection(android.media.MediaHTTPService@6c6d078): cookieHandler: java.net.CookieManager@7ac316 Cookies: null
02-01 12:27:48.320  5544  5753 D BufferPoolAccessor2.0: bufferpool2 0x7b9f84cb3998 : 5(40960 size) total buffers - 1(8192 size) used buffers - 2117/2122 (recycle/alloc) - 16/2113 (fetch/transfer)
02-01 12:27:48.468  5544  5586 I PreviewImgM3u8: Generating preview for 255
02-01 12:27:48.468  5544  5586 V MediaHTTPService: MediaHTTPService(android.media.MediaHTTPService@d45acb7): Cookies: null
02-01 12:27:48.468  5544  5586 V MediaHTTPService: makeHTTPConnection: CookieHandler (java.net.CookieManager@7ac316) exists.
02-01 12:27:48.468  5544  5586 V MediaHTTPService: makeHTTPConnection(android.media.MediaHTTPService@d45acb7): cookieHandler: java.net.CookieManager@7ac316 Cookies: null
02-01 12:27:48.583  5544  5586 D ApiError: -------------------------------------------------------------------
02-01 12:27:48.583  5544  5586 D ApiError: safeApiCall: setDataSource failed: status = 0x80000000
02-01 12:27:48.583  5544  5586 D ApiError: safeApiCall: setDataSource failed: status = 0x80000000
02-01 12:27:48.583  5544  5586 W System.err: java.lang.RuntimeException: setDataSource failed: status = 0x80000000
02-01 12:27:48.583  5544  5586 W System.err: 	at android.media.MediaMetadataRetriever._setDataSource(Native Method)
02-01 12:27:48.583  5544  5586 W System.err: 	at android.media.MediaMetadataRetriever.setDataSource(MediaMetadataRetriever.java:281)
02-01 12:27:48.583  5544  5586 W System.err: 	at com.lagradost.cloudstream3.ui.player.M3u8PreviewGenerator$load$1$1.invokeSuspend(PreviewGenerator.kt:384)
02-01 12:27:48.583  5544  5586 W System.err: 	at kotlin.coroutines.jvm.internal.BaseContinuationImpl.resumeWith(ContinuationImpl.kt:34)
02-01 12:27:48.583  5544  5586 W System.err: 	at kotlinx.coroutines.DispatchedTask.run(DispatchedTask.kt:100)
02-01 12:27:48.583  5544  5586 W System.err: 	at kotlinx.coroutines.internal.LimitedDispatcher$Worker.run(LimitedDispatcher.kt:124)
02-01 12:27:48.583  5544  5586 W System.err: 	at kotlinx.coroutines.scheduling.TaskImpl.run(Tasks.kt:89)
02-01 12:27:48.583  5544  5586 W System.err: 	at kotlinx.coroutines.scheduling.CoroutineScheduler.runSafely(CoroutineScheduler.kt:586)
02-01 12:27:48.583  5544  5586 W System.err: 	at kotlinx.coroutines.scheduling.CoroutineScheduler$Worker.executeTask(CoroutineScheduler.kt:820)
02-01 12:27:48.583  5544  5586 W System.err: 	at kotlinx.coroutines.scheduling.CoroutineScheduler$Worker.runWorker(CoroutineScheduler.kt:717)
02-01 12:27:48.583  5544  5586 W System.err: 	at kotlinx.coroutines.scheduling.CoroutineScheduler$Worker.run(CoroutineScheduler.kt:704)
02-01 12:27:48.583  5544  5586 D ApiError: -------------------------------------------------------------------
02-01 12:27:48.583  5544  5586 I PreviewImgM3u8: Generating preview for 265
02-01 12:27:48.583  5544  5586 V MediaHTTPService: MediaHTTPService(android.media.MediaHTTPService@924038d): Cookies: null
02-01 12:27:48.583  5544  5586 V MediaHTTPService: makeHTTPConnection: CookieHandler (java.net.CookieManager@7ac316) exists.
02-01 12:27:48.583  5544  5586 V MediaHTTPService: makeHTTPConnection(android.media.MediaHTTPService@924038d): cookieHandler: java.net.CookieManager@7ac316 Cookies: null
02-01 12:27:48.922  5544  5586 D ApiError: -------------------------------------------------------------------
02-01 12:27:48.922  5544  5586 D ApiError: safeApiCall: setDataSource failed: status = 0x80000000
02-01 12:27:48.922  5544  5586 D ApiError: safeApiCall: setDataSource failed: status = 0x80000000
02-01 12:27:48.922  5544  5586 W System.err: java.lang.RuntimeException: setDataSource failed: status = 0x80000000
02-01 12:27:48.922  5544  5586 W System.err: 	at android.media.MediaMetadataRetriever._setDataSource(Native Method)
02-01 12:27:48.922  5544  5586 W System.err: 	at android.media.MediaMetadataRetriever.setDataSource(MediaMetadataRetriever.java:281)
02-01 12:27:48.922  5544  5586 W System.err: 	at com.lagradost.cloudstream3.ui.player.M3u8PreviewGenerator$load$1$1.invokeSuspend(PreviewGenerator.kt:384)
02-01 12:27:48.922  5544  5586 W System.err: 	at kotlin.coroutines.jvm.internal.BaseContinuationImpl.resumeWith(ContinuationImpl.kt:34)
02-01 12:27:48.922  5544  5586 W System.err: 	at kotlinx.coroutines.DispatchedTask.run(DispatchedTask.kt:100)
02-01 12:27:48.922  5544  5586 W System.err: 	at kotlinx.coroutines.internal.LimitedDispatcher$Worker.run(LimitedDispatcher.kt:124)
02-01 12:27:48.922  5544  5586 W System.err: 	at kotlinx.coroutines.scheduling.TaskImpl.run(Tasks.kt:89)
02-01 12:27:48.922  5544  5586 W System.err: 	at kotlinx.coroutines.scheduling.CoroutineScheduler.runSafely(CoroutineScheduler.kt:586)
02-01 12:27:48.922  5544  5586 W System.err: 	at kotlinx.coroutines.scheduling.CoroutineScheduler$Worker.executeTask(CoroutineScheduler.kt:820)
02-01 12:27:48.922  5544  5586 W System.err: 	at kotlinx.coroutines.scheduling.CoroutineScheduler$Worker.runWorker(CoroutineScheduler.kt:717)
02-01 12:27:48.922  5544  5586 W System.err: 	at kotlinx.coroutines.scheduling.CoroutineScheduler$Worker.run(CoroutineScheduler.kt:704)
02-01 12:27:48.922  5544  5586 D ApiError: -------------------------------------------------------------------
02-01 12:27:48.922  5544  5586 I PreviewImgM3u8: Generating preview for 276
02-01 12:27:48.923  5544  5586 V MediaHTTPService: MediaHTTPService(android.media.MediaHTTPService@bef3690): Cookies: null
02-01 12:27:48.923  5544  5586 V MediaHTTPService: makeHTTPConnection: CookieHandler (java.net.CookieManager@7ac316) exists.
02-01 12:27:48.923  5544  5586 V MediaHTTPService: makeHTTPConnection(android.media.MediaHTTPService@bef3690): cookieHandler: java.net.CookieManager@7ac316 Cookies: null
02-01 12:27:49.489  5544  5586 D ApiError: -------------------------------------------------------------------
02-01 12:27:49.489  5544  5586 D ApiError: safeApiCall: setDataSource failed: status = 0x80000000
02-01 12:27:49.489  5544  5586 D ApiError: safeApiCall: setDataSource failed: status = 0x80000000
02-01 12:27:49.489  5544  5586 W System.err: java.lang.RuntimeException: setDataSource failed: status = 0x80000000
02-01 12:27:49.489  5544  5586 W System.err: 	at android.media.MediaMetadataRetriever._setDataSource(Native Method)
02-01 12:27:49.489  5544  5586 W System.err: 	at android.media.MediaMetadataRetriever.setDataSource(MediaMetadataRetriever.java:281)
02-01 12:27:49.489  5544  5586 W System.err: 	at com.lagradost.cloudstream3.ui.player.M3u8PreviewGenerator$load$1$1.invokeSuspend(PreviewGenerator.kt:384)
02-01 12:27:49.489  5544  5586 W System.err: 	at kotlin.coroutines.jvm.internal.BaseContinuationImpl.resumeWith(ContinuationImpl.kt:34)
02-01 12:27:49.489  5544  5586 W System.err: 	at kotlinx.coroutines.DispatchedTask.run(DispatchedTask.kt:100)
02-01 12:27:49.489  5544  5586 W System.err: 	at kotlinx.coroutines.internal.LimitedDispatcher$Worker.run(LimitedDispatcher.kt:124)
02-01 12:27:49.489  5544  5586 W System.err: 	at kotlinx.coroutines.scheduling.TaskImpl.run(Tasks.kt:89)
02-01 12:27:49.489  5544  5586 W System.err: 	at kotlinx.coroutines.scheduling.CoroutineScheduler.runSafely(CoroutineScheduler.kt:586)
02-01 12:27:49.489  5544  5586 W System.err: 	at kotlinx.coroutines.scheduling.CoroutineScheduler$Worker.executeTask(CoroutineScheduler.kt:820)
02-01 12:27:49.489  5544  5586 W System.err: 	at kotlinx.coroutines.scheduling.CoroutineScheduler$Worker.runWorker(CoroutineScheduler.kt:717)
02-01 12:27:49.489  5544  5586 W System.err: 	at kotlinx.coroutines.scheduling.CoroutineScheduler$Worker.run(CoroutineScheduler.kt:704)
02-01 12:27:49.489  5544  5586 D ApiError: -------------------------------------------------------------------
02-01 12:27:49.489  5544  5586 I PreviewImgM3u8: Generating preview for 286
02-01 12:27:49.489  5544  5586 V MediaHTTPService: MediaHTTPService(android.media.MediaHTTPService@7877baf): Cookies: null
02-01 12:27:49.489  5544  5586 V MediaHTTPService: makeHTTPConnection: CookieHandler (java.net.CookieManager@7ac316) exists.
02-01 12:27:49.489  5544  5586 V MediaHTTPService: makeHTTPConnection(android.media.MediaHTTPService@7877baf): cookieHandler: java.net.CookieManager@7ac316 Cookies: null
02-01 12:27:50.982  5544  5740 W PesReader: Unexpected start code prefix: 3212059
02-01 12:27:50.983  5544  5740 W PesReader: Unexpected start code prefix: 2163483
02-01 12:27:50.983  5544  5740 W PesReader: Unexpected start code prefix: 0
02-01 12:27:52.190  5544  5586 I PreviewImgM3u8: Generating preview for 297
02-01 12:27:52.190  5544  5586 V MediaHTTPService: MediaHTTPService(android.media.MediaHTTPService@d161e9a): Cookies: null
02-01 12:27:52.190  5544  5586 V MediaHTTPService: makeHTTPConnection: CookieHandler (java.net.CookieManager@7ac316) exists.
02-01 12:27:52.190  5544  5586 V MediaHTTPService: makeHTTPConnection(android.media.MediaHTTPService@d161e9a): cookieHandler: java.net.CookieManager@7ac316 Cookies: null
02-01 12:27:52.618  5544  5586 D ApiError: -------------------------------------------------------------------
02-01 12:27:52.618  5544  5586 D ApiError: safeApiCall: setDataSource failed: status = 0x80000000
02-01 12:27:52.618  5544  5586 D ApiError: safeApiCall: setDataSource failed: status = 0x80000000
02-01 12:27:52.621  5544  5586 W System.err: java.lang.RuntimeException: setDataSource failed: status = 0x80000000
02-01 12:27:52.621  5544  5586 W System.err: 	at android.media.MediaMetadataRetriever._setDataSource(Native Method)
02-01 12:27:52.621  5544  5586 W System.err: 	at android.media.MediaMetadataRetriever.setDataSource(MediaMetadataRetriever.java:281)
02-01 12:27:52.621  5544  5586 W System.err: 	at com.lagradost.cloudstream3.ui.player.M3u8PreviewGenerator$load$1$1.invokeSuspend(PreviewGenerator.kt:384)
02-01 12:27:52.621  5544  5586 W System.err: 	at kotlin.coroutines.jvm.internal.BaseContinuationImpl.resumeWith(ContinuationImpl.kt:34)
02-01 12:27:52.621  5544  5586 W System.err: 	at kotlinx.coroutines.DispatchedTask.run(DispatchedTask.kt:100)
02-01 12:27:52.621  5544  5586 W System.err: 	at kotlinx.coroutines.internal.LimitedDispatcher$Worker.run(LimitedDispatcher.kt:124)
02-01 12:27:52.621  5544  5586 W System.err: 	at kotlinx.coroutines.scheduling.TaskImpl.run(Tasks.kt:89)
02-01 12:27:52.621  5544  5586 W System.err: 	at kotlinx.coroutines.scheduling.CoroutineScheduler.runSafely(CoroutineScheduler.kt:586)
02-01 12:27:52.621  5544  5586 W System.err: 	at kotlinx.coroutines.scheduling.CoroutineScheduler$Worker.executeTask(CoroutineScheduler.kt:820)
02-01 12:27:52.621  5544  5586 W System.err: 	at kotlinx.coroutines.scheduling.CoroutineScheduler$Worker.runWorker(CoroutineScheduler.kt:717)
02-01 12:27:52.621  5544  5586 W System.err: 	at kotlinx.coroutines.scheduling.CoroutineScheduler$Worker.run(CoroutineScheduler.kt:704)
02-01 12:27:52.621  5544  5586 D ApiError: -------------------------------------------------------------------
02-01 12:27:52.621  5544  5586 I PreviewImgM3u8: Generating preview for 307
02-01 12:27:52.621  5544  5586 V MediaHTTPService: MediaHTTPService(android.media.MediaHTTPService@1cb47a8): Cookies: null
02-01 12:27:52.622  5544  5586 V MediaHTTPService: makeHTTPConnection: CookieHandler (java.net.CookieManager@7ac316) exists.
02-01 12:27:52.622  5544  5586 V MediaHTTPService: makeHTTPConnection(android.media.MediaHTTPService@1cb47a8): cookieHandler: java.net.CookieManager@7ac316 Cookies: null
02-01 12:27:53.613  5544  5586 D ApiError: -------------------------------------------------------------------
02-01 12:27:53.613  5544  5586 D ApiError: safeApiCall: setDataSource failed: status = 0x80000000
02-01 12:27:53.613  5544  5586 D ApiError: safeApiCall: setDataSource failed: status = 0x80000000
02-01 12:27:53.613  5544  5586 W System.err: java.lang.RuntimeException: setDataSource failed: status = 0x80000000
02-01 12:27:53.613  5544  5586 W System.err: 	at android.media.MediaMetadataRetriever._setDataSource(Native Method)
02-01 12:27:53.613  5544  5586 W System.err: 	at android.media.MediaMetadataRetriever.setDataSource(MediaMetadataRetriever.java:281)
02-01 12:27:53.613  5544  5586 W System.err: 	at com.lagradost.cloudstream3.ui.player.M3u8PreviewGenerator$load$1$1.invokeSuspend(PreviewGenerator.kt:384)
02-01 12:27:53.613  5544  5586 W System.err: 	at kotlin.coroutines.jvm.internal.BaseContinuationImpl.resumeWith(ContinuationImpl.kt:34)
02-01 12:27:53.613  5544  5586 W System.err: 	at kotlinx.coroutines.DispatchedTask.run(DispatchedTask.kt:100)
02-01 12:27:53.613  5544  5586 W System.err: 	at kotlinx.coroutines.internal.LimitedDispatcher$Worker.run(LimitedDispatcher.kt:124)
02-01 12:27:53.613  5544  5586 W System.err: 	at kotlinx.coroutines.scheduling.TaskImpl.run(Tasks.kt:89)
02-01 12:27:53.613  5544  5586 W System.err: 	at kotlinx.coroutines.scheduling.CoroutineScheduler.runSafely(CoroutineScheduler.kt:586)
02-01 12:27:53.613  5544  5586 W System.err: 	at kotlinx.coroutines.scheduling.CoroutineScheduler$Worker.executeTask(CoroutineScheduler.kt:820)
02-01 12:27:53.613  5544  5586 W System.err: 	at kotlinx.coroutines.scheduling.CoroutineScheduler$Worker.runWorker(CoroutineScheduler.kt:717)
02-01 12:27:53.613  5544  5586 W System.err: 	at kotlinx.coroutines.scheduling.CoroutineScheduler$Worker.run(CoroutineScheduler.kt:704)
02-01 12:27:53.613  5544  5586 D ApiError: -------------------------------------------------------------------
02-01 12:27:53.613  5544  5586 I PreviewImgM3u8: Generating preview for 318
02-01 12:27:53.613  5544  5586 V MediaHTTPService: MediaHTTPService(android.media.MediaHTTPService@1a78a66): Cookies: null
02-01 12:27:53.613  5544  5586 V MediaHTTPService: makeHTTPConnection: CookieHandler (java.net.CookieManager@7ac316) exists.
02-01 12:27:53.613  5544  5586 V MediaHTTPService: makeHTTPConnection(android.media.MediaHTTPService@1a78a66): cookieHandler: java.net.CookieManager@7ac316 Cookies: null
02-01 12:27:53.715  5544  5753 D BufferPoolAccessor2.0: bufferpool2 0x7b9f84cb3998 : 5(40960 size) total buffers - 1(8192 size) used buffers - 2370/2375 (recycle/alloc) - 16/2366 (fetch/transfer)
02-01 12:27:54.067  5544  5740 W PesReader: Unexpected start code prefix: 3212085
02-01 12:27:54.067  5544  5740 W PesReader: Unexpected start code prefix: 2163507
02-01 12:27:54.067  5544  5740 W PesReader: Unexpected start code prefix: 0
02-01 12:27:54.913  5544  5586 I PreviewImgM3u8: Generating preview for 328
02-01 12:27:54.913  5544  5586 V MediaHTTPService: MediaHTTPService(android.media.MediaHTTPService@b613654): Cookies: null
02-01 12:27:54.913  5544  5586 V MediaHTTPService: makeHTTPConnection: CookieHandler (java.net.CookieManager@7ac316) exists.
02-01 12:27:54.913  5544  5586 V MediaHTTPService: makeHTTPConnection(android.media.MediaHTTPService@b613654): cookieHandler: java.net.CookieManager@7ac316 Cookies: null
02-01 12:27:56.787  5544  5740 W PesReader: Unexpected start code prefix: 3212089
02-01 12:27:56.787  5544  5740 W PesReader: Unexpected start code prefix: 2163513
02-01 12:27:56.787  5544  5740 W PesReader: Unexpected start code prefix: 0
02-01 12:27:59.106  5544  5753 D BufferPoolAccessor2.0: bufferpool2 0x7b9f84cb3998 : 5(40960 size) total buffers - 1(8192 size) used buffers - 2623/2628 (recycle/alloc) - 16/2619 (fetch/transfer)
02-01 12:27:59.667  5544  5740 W PesReader: Unexpected start code prefix: 3212155
02-01 12:27:59.667  5544  5740 W PesReader: Unexpected start code prefix: 2163579
02-01 12:27:59.667  5544  5740 W PesReader: Unexpected start code prefix: 0
02-01 12:28:04.401  5544  5753 D BufferPoolAccessor2.0: bufferpool2 0x7b9f84cb3998 : 5(40960 size) total buffers - 1(8192 size) used buffers - 2871/2876 (recycle/alloc) - 16/2867 (fetch/transfer)
02-01 12:28:09.699  5544  5753 D BufferPoolAccessor2.0: bufferpool2 0x7b9f84cb3998 : 5(40960 size) total buffers - 1(8192 size) used buffers - 3119/3124 (recycle/alloc) - 16/3115 (fetch/transfer)
02-01 12:28:13.411  5544  5740 W PesReader: Unexpected start code prefix: 3212171
02-01 12:28:13.411  5544  5740 W PesReader: Unexpected start code prefix: 2163595
02-01 12:28:13.411  5544  5740 W PesReader: Unexpected start code prefix: 0
02-01 12:28:14.980  5544  5753 D BufferPoolAccessor2.0: bufferpool2 0x7b9f84cb3998 : 5(40960 size) total buffers - 1(8192 size) used buffers - 3367/3372 (recycle/alloc) - 18/3363 (fetch/transfer)
02-01 12:28:17.251  5544  5740 W PesReader: Unexpected start code prefix: 3212191
02-01 12:28:17.251  5544  5740 W PesReader: Unexpected start code prefix: 2163615
02-01 12:28:17.251  5544  5740 W PesReader: Unexpected start code prefix: 0
02-01 12:28:20.332  5544  5753 D BufferPoolAccessor2.0: bufferpool2 0x7b9f84cb3998 : 5(40960 size) total buffers - 1(8192 size) used buffers - 3618/3623 (recycle/alloc) - 18/3614 (fetch/transfer)
02-01 12:28:20.934  5544  5740 W PesReader: Unexpected start code prefix: 3212209
02-01 12:28:20.934  5544  5740 W PesReader: Unexpected start code prefix: 2163633
02-01 12:28:20.934  5544  5740 W PesReader: Unexpected start code prefix: 0
02-01 12:28:24.273  5544  5740 W PesReader: Unexpected start code prefix: 3212223
02-01 12:28:24.273  5544  5740 W PesReader: Unexpected start code prefix: 2163645
02-01 12:28:24.273  5544  5740 W PesReader: Unexpected start code prefix: 0
02-01 12:28:25.753  5544  5753 D BufferPoolAccessor2.0: bufferpool2 0x7b9f84cb3998 : 5(40960 size) total buffers - 1(8192 size) used buffers - 3872/3877 (recycle/alloc) - 19/3868 (fetch/transfer)
02-01 12:28:29.295  5544  5740 W PesReader: Unexpected start code prefix: 3212273
02-01 12:28:29.295  5544  5740 W PesReader: Unexpected start code prefix: 2163695
02-01 12:28:29.295  5544  5740 W PesReader: Unexpected start code prefix: 0
02-01 12:28:31.104  5544  5753 D BufferPoolAccessor2.0: bufferpool2 0x7b9f84cb3998 : 5(40960 size) total buffers - 1(8192 size) used buffers - 4123/4128 (recycle/alloc) - 19/4119 (fetch/transfer)
02-01 12:28:31.890  5544  5740 W PesReader: Unexpected start code prefix: 3212287
02-01 12:28:31.890  5544  5740 W PesReader: Unexpected start code prefix: 2163711
02-01 12:28:31.890  5544  5740 W PesReader: Unexpected start code prefix: 0
02-01 12:28:34.373  5544  5740 W PesReader: Unexpected start code prefix: 3212307
02-01 12:28:34.373  5544  5740 W PesReader: Unexpected start code prefix: 2163731
02-01 12:28:34.373  5544  5740 W PesReader: Unexpected start code prefix: 0
02-01 12:28:36.532  5544  5753 D BufferPoolAccessor2.0: bufferpool2 0x7b9f84cb3998 : 5(40960 size) total buffers - 1(8192 size) used buffers - 4377/4382 (recycle/alloc) - 19/4373 (fetch/transfer)
02-01 12:28:38.245  5544  5740 W PesReader: Unexpected start code prefix: 3212329
02-01 12:28:38.245  5544  5740 W PesReader: Unexpected start code prefix: 2163751
02-01 12:28:38.245  5544  5740 W PesReader: Unexpected start code prefix: 0
02-01 12:28:41.189  5544  5740 W PesReader: Unexpected start code prefix: 3212337
02-01 12:28:41.189  5544  5740 W PesReader: Unexpected start code prefix: 2163759
02-01 12:28:41.189  5544  5740 W PesReader: Unexpected start code prefix: 0
02-01 12:28:41.943  5544  5753 D BufferPoolAccessor2.0: bufferpool2 0x7b9f84cb3998 : 5(40960 size) total buffers - 1(8192 size) used buffers - 4631/4636 (recycle/alloc) - 19/4627 (fetch/transfer)
02-01 12:28:43.283  5544  5740 W PesReader: Unexpected start code prefix: 3212355
02-01 12:28:43.283  5544  5740 W PesReader: Unexpected start code prefix: 2163779
02-01 12:28:43.283  5544  5740 W PesReader: Unexpected start code prefix: 0
02-01 12:28:47.004  5544  5740 W PesReader: Unexpected start code prefix: 3212369
02-01 12:28:47.004  5544  5740 W PesReader: Unexpected start code prefix: 2163793
02-01 12:28:47.004  5544  5740 W PesReader: Unexpected start code prefix: 0
02-01 12:28:47.254  5544  5753 D BufferPoolAccessor2.0: bufferpool2 0x7b9f84cb3998 : 5(40960 size) total buffers - 1(8192 size) used buffers - 4880/4885 (recycle/alloc) - 19/4876 (fetch/transfer)
02-01 12:28:52.205  5544  5740 W PesReader: Unexpected start code prefix: 3212391
02-01 12:28:52.205  5544  5740 W PesReader: Unexpected start code prefix: 2163813
02-01 12:28:52.205  5544  5740 W PesReader: Unexpected start code prefix: 0
02-01 12:28:52.545  5544  5753 D BufferPoolAccessor2.0: bufferpool2 0x7b9f84cb3998 : 5(40960 size) total buffers - 1(8192 size) used buffers - 5128/5133 (recycle/alloc) - 19/5124 (fetch/transfer)
02-01 12:28:53.954  5544  5740 W PesReader: Unexpected start code prefix: 3212403
02-01 12:28:53.954  5544  5740 W PesReader: Unexpected start code prefix: 2163827
02-01 12:28:53.954  5544  5740 W PesReader: Unexpected start code prefix: 0
02-01 12:28:54.153  5544  5748 D PipelineWatcher: onInputBufferReleased: frameIndex not found (5203); ignored
02-01 12:28:55.856  5544  5740 W PesReader: Unexpected start code prefix: 3212425
02-01 12:28:55.856  5544  5740 W PesReader: Unexpected start code prefix: 2163849
02-01 12:28:55.856  5544  5740 W PesReader: Unexpected start code prefix: 0
02-01 12:28:57.965  5544  5753 D BufferPoolAccessor2.0: bufferpool2 0x7b9f84cb3998 : 5(40960 size) total buffers - 1(8192 size) used buffers - 5382/5387 (recycle/alloc) - 20/5378 (fetch/transfer)
02-01 12:29:00.334  5544  5740 W PesReader: Unexpected start code prefix: 3212441
02-01 12:29:00.334  5544  5740 W PesReader: Unexpected start code prefix: 2163865
02-01 12:29:00.334  5544  5740 W PesReader: Unexpected start code prefix: 0
02-01 12:29:01.869  5544  5740 W PesReader: Unexpected start code prefix: 3212455
02-01 12:29:01.869  5544  5740 W PesReader: Unexpected start code prefix: 2163879
02-01 12:29:01.869  5544  5740 W PesReader: Unexpected start code prefix: 0
02-01 12:29:03.253  5544  5753 D BufferPoolAccessor2.0: bufferpool2 0x7b9f84cb3998 : 5(40960 size) total buffers - 1(8192 size) used buffers - 5630/5635 (recycle/alloc) - 21/5626 (fetch/transfer)
02-01 12:29:03.671  5544  5544 I CS3ExoPlayer: Handle event: PositionEvent(source=UI, fromMs=166516, toMs=251516, durationMs=1430000)
02-01 12:29:03.673  5544  5544 I CS3ExoPlayer: Handle event: StatusEvent(wasPlaying=IsPlaying, isPlaying=IsBuffering, source=Player)
02-01 12:29:03.674  5544  5731 D MediaCodec: keep callback message for reclaim
02-01 12:29:03.675  5544  5731 D MediaCodec: keep callback message for reclaim
02-01 12:29:03.675  5544  5544 I CS3ExoPlayer: Handle event: PositionEvent(source=Player, fromMs=251516, toMs=251516, durationMs=1430000)
02-01 12:29:03.676  5544  5753 I CCodecConfig: query failed after returning 19 values (BAD_INDEX)
02-01 12:29:03.676  5544  5753 W Codec2Client: query -- param skipped: index = 1342179345.
02-01 12:29:03.676  5544  5544 I CS3ExoPlayer: Handle event: PositionEvent(source=Player, fromMs=251516, toMs=251516, durationMs=1430000)
02-01 12:29:03.677  5544  5753 W Codec2Client: query -- param skipped: index = 2415921170.
02-01 12:29:03.677  5544  5753 W Codec2Client: query -- param skipped: index = 1610614798.
02-01 12:29:03.711  5544  5544 D gralloc_x86: gralloc_alloc: Creating ashmem region of size 16384
02-01 12:29:03.713  5544  5658 D eam3.prereleas: VAddressStream is reused...
02-01 12:29:03.713  5544  5658 D eam3.prereleas: Features: 0 0 0
02-01 12:29:03.713  5544  5658 E eam3.prereleas: vulkan version is 4211013
02-01 12:29:03.714  5544  5658 W OpenGLRenderer: Failed to choose config with EGL_SWAP_BEHAVIOR_PRESERVED, retrying without...
