02-01 12:29:03.742  5544  5544 D gralloc_x86: gralloc_alloc: Creating ashmem region of size 16384
02-01 12:29:04.319  5544  5544 I CS3ExoPlayer: Handle event: PositionEvent(source=Player, fromMs=251216, toMs=251216, durationMs=1430000)
02-01 12:29:04.326  5544  5740 W PesReader: Unexpected start code prefix: 3212649
02-01 12:29:04.326  5544  5740 W PesReader: Unexpected start code prefix: 2164073
02-01 12:29:04.326  5544  5740 W PesReader: Unexpected start code prefix: 0
02-01 12:29:04.551  5544  5882 I CustomDecoder: Parse subtitle, current parser: androidx.media3.extractor.text.webvtt.WebvttParser@bd66a80
02-01 12:29:04.552  5544  5882 I CustomDecoder: Detected encoding with charset UTF-8 and override = null
02-01 12:29:04.552  5544  5882 I CustomDecoder: Subtitle preview: WEBVTT
02-01 12:29:04.552  5544  5882 I CustomDecoder: 
02-01 12:29:04.552  5544  5882 I CustomDecoder: 00:14.580 --> 00:16.95
02-01 12:29:04.552  5544  5882 I CustomDecoder: Parser selected: androidx.media3.extractor.text.webvtt.WebvttParser@bd66a80
02-01 12:29:04.552  5544  5544 D MediaRouter: onRestoreRoute() : route=RouteInfo{ name=Phone, description=null, status=null, category=RouteCategory{ name=System types=ROUTE_TYPE_LIVE_AUDIO ROUTE_TYPE_LIVE_VIDEO  groupable=false }, supportedTypes=ROUTE_TYPE_LIVE_AUDIO ROUTE_TYPE_LIVE_VIDEO , presentationDisplay=null }
02-01 12:29:04.553  5544  5544 V MediaRouter: Selecting route: RouteInfo{ name=Phone, description=null, status=null, category=RouteCategory{ name=System types=ROUTE_TYPE_LIVE_AUDIO ROUTE_TYPE_LIVE_VIDEO  groupable=false }, supportedTypes=ROUTE_TYPE_LIVE_AUDIO ROUTE_TYPE_LIVE_VIDEO , presentationDisplay=null }
02-01 12:29:04.553  5544  5544 I CS3ExoPlayer: Handle event: StatusEvent(wasPlaying=IsPaused, isPlaying=IsPlaying, source=Player)
02-01 12:29:04.556  5544  5544 I CS3ExoPlayer: Handle event: RequestAudioFocusEvent(source=Player)
02-01 12:29:04.589  5544  5544 D gralloc_x86: gralloc_alloc: Creating ashmem region of size 16384
02-01 12:29:04.757  5544  5740 W PesReader: Unexpected start code prefix: 3212667
02-01 12:29:04.757  5544  5740 W PesReader: Unexpected start code prefix: 2164091
02-01 12:29:04.757  5544  5740 W PesReader: Unexpected start code prefix: 0
02-01 12:29:05.466  5544  5740 W PesReader: Unexpected start code prefix: 3212701
02-01 12:29:05.466  5544  5740 W PesReader: Unexpected start code prefix: 2164125
02-01 12:29:05.466  5544  5740 W PesReader: Unexpected start code prefix: 0
02-01 12:29:06.183  5544  5740 W PesReader: Unexpected start code prefix: 3212733
02-01 12:29:06.183  5544  5740 W PesReader: Unexpected start code prefix: 2164157
02-01 12:29:06.183  5544  5740 W PesReader: Unexpected start code prefix: 0
02-01 12:29:06.337  5544  5740 W PesReader: Unexpected start code prefix: 3212753
02-01 12:29:06.337  5544  5740 W PesReader: Unexpected start code prefix: 2164177
02-01 12:29:06.337  5544  5740 W PesReader: Unexpected start code prefix: 0
02-01 12:29:07.643  5544  5740 W PesReader: Unexpected start code prefix: 3212785
02-01 12:29:07.643  5544  5740 W PesReader: Unexpected start code prefix: 2164209
02-01 12:29:07.643  5544  5740 W PesReader: Unexpected start code prefix: 0
02-01 12:29:08.359  5544  5740 W PesReader: Unexpected start code prefix: 3212805
02-01 12:29:08.359  5544  5740 W PesReader: Unexpected start code prefix: 2164229
02-01 12:29:08.359  5544  5740 W PesReader: Unexpected start code prefix: 0
02-01 12:29:08.555  5544  5740 W PesReader: Unexpected start code prefix: 3212817
02-01 12:29:08.555  5544  5740 W PesReader: Unexpected start code prefix: 2164241
02-01 12:29:08.555  5544  5740 W PesReader: Unexpected start code prefix: 0
02-01 12:29:08.570  5544  5753 D BufferPoolAccessor2.0: bufferpool2 0x7b9f84cb3998 : 5(40960 size) total buffers - 1(8192 size) used buffers - 5859/5864 (recycle/alloc) - 21/5854 (fetch/transfer)
02-01 12:29:09.073  5544  5740 W PesReader: Unexpected start code prefix: 3212831
02-01 12:29:09.073  5544  5740 W PesReader: Unexpected start code prefix: 2164255
02-01 12:29:09.073  5544  5740 W PesReader: Unexpected start code prefix: 0
02-01 12:29:09.422  5544  5740 W PesReader: Unexpected start code prefix: 3212875
02-01 12:29:09.422  5544  5740 W PesReader: Unexpected start code prefix: 2164297
02-01 12:29:09.422  5544  5740 W PesReader: Unexpected start code prefix: 0
02-01 12:29:09.884  5544  5740 W PesReader: Unexpected start code prefix: 3212887
02-01 12:29:09.884  5544  5740 W PesReader: Unexpected start code prefix: 2164309
02-01 12:29:09.884  5544  5740 W PesReader: Unexpected start code prefix: 0
02-01 12:29:10.454  5544  5740 W PesReader: Unexpected start code prefix: 3212923
02-01 12:29:10.455  5544  5740 W PesReader: Unexpected start code prefix: 2164345
02-01 12:29:10.455  5544  5740 W PesReader: Unexpected start code prefix: 0
02-01 12:29:10.911  5544  5740 W PesReader: Unexpected start code prefix: 3212977
02-01 12:29:10.911  5544  5740 W PesReader: Unexpected start code prefix: 2164401
02-01 12:29:10.911  5544  5740 W PesReader: Unexpected start code prefix: 0
02-01 12:29:13.933  5544  5753 D BufferPoolAccessor2.0: bufferpool2 0x7b9f84cb3998 : 5(40960 size) total buffers - 4(32768 size) used buffers - 6113/6118 (recycle/alloc) - 21/6106 (fetch/transfer)
02-01 12:29:15.294  5544  5740 W PesReader: Unexpected start code prefix: 3212991
02-01 12:29:15.294  5544  5740 W PesReader: Unexpected start code prefix: 2164415
02-01 12:29:15.294  5544  5740 W PesReader: Unexpected start code prefix: 0
02-01 12:29:17.736  5544  5740 W PesReader: Unexpected start code prefix: 3213001
02-01 12:29:17.736  5544  5740 W PesReader: Unexpected start code prefix: 2164425
02-01 12:29:17.736  5544  5740 W PesReader: Unexpected start code prefix: 0
02-01 12:29:19.293  5544  5753 D BufferPoolAccessor2.0: bufferpool2 0x7b9f84cb3998 : 5(40960 size) total buffers - 1(8192 size) used buffers - 6365/6370 (recycle/alloc) - 21/6361 (fetch/transfer)
02-01 12:29:19.771  5544  5740 W PesReader: Unexpected start code prefix: 3213029
02-01 12:29:19.771  5544  5740 W PesReader: Unexpected start code prefix: 2164453
02-01 12:29:19.771  5544  5740 W PesReader: Unexpected start code prefix: 0
02-01 12:29:24.544  5544  5753 D BufferPoolAccessor2.0: bufferpool2 0x7b9f84cb3998 : 5(40960 size) total buffers - 4(32768 size) used buffers - 6610/6615 (recycle/alloc) - 22/6603 (fetch/transfer)
02-01 12:29:25.308  5544  5740 W PesReader: Unexpected start code prefix: 3213047
02-01 12:29:25.308  5544  5740 W PesReader: Unexpected start code prefix: 2164471
02-01 12:29:25.308  5544  5740 W PesReader: Unexpected start code prefix: 0
02-01 12:29:29.908  5544  5753 D BufferPoolAccessor2.0: bufferpool2 0x7b9f84cb3998 : 5(40960 size) total buffers - 4(32768 size) used buffers - 6862/6867 (recycle/alloc) - 22/6855 (fetch/transfer)
02-01 12:29:35.335  5544  5753 D BufferPoolAccessor2.0: bufferpool2 0x7b9f84cb3998 : 5(40960 size) total buffers - 4(32768 size) used buffers - 7116/7121 (recycle/alloc) - 22/7109 (fetch/transfer)
02-01 12:29:37.335  5544  5740 W PesReader: Unexpected start code prefix: 3213065
02-01 12:29:37.336  5544  5740 W PesReader: Unexpected start code prefix: 2164489
02-01 12:29:37.336  5544  5740 W PesReader: Unexpected start code prefix: 0
02-01 12:29:40.419  5544  5740 W PesReader: Unexpected start code prefix: 3213079
02-01 12:29:40.419  5544  5740 W PesReader: Unexpected start code prefix: 2164503
02-01 12:29:40.419  5544  5740 W PesReader: Unexpected start code prefix: 0
02-01 12:29:40.590  5544  5753 D BufferPoolAccessor2.0: bufferpool2 0x7b9f84cb3998 : 5(40960 size) total buffers - 1(8192 size) used buffers - 7360/7365 (recycle/alloc) - 22/7355 (fetch/transfer)
02-01 12:29:43.207  5544  5740 W PesReader: Unexpected start code prefix: 3213133
02-01 12:29:43.207  5544  5740 W PesReader: Unexpected start code prefix: 2164557
02-01 12:29:43.207  5544  5740 W PesReader: Unexpected start code prefix: 0
02-01 12:29:45.891  5544  5740 W PesReader: Unexpected start code prefix: 3213169
02-01 12:29:45.891  5544  5740 W PesReader: Unexpected start code prefix: 2164593
02-01 12:29:45.891  5544  5740 W PesReader: Unexpected start code prefix: 0
02-01 12:29:45.926  5544  5753 D BufferPoolAccessor2.0: bufferpool2 0x7b9f84cb3998 : 5(40960 size) total buffers - 1(8192 size) used buffers - 7610/7615 (recycle/alloc) - 23/7605 (fetch/transfer)
02-01 12:29:51.259  5544  5753 D BufferPoolAccessor2.0: bufferpool2 0x7b9f84cb3998 : 5(40960 size) total buffers - 1(8192 size) used buffers - 7860/7865 (recycle/alloc) - 23/7855 (fetch/transfer)
02-01 12:29:54.949  5544  5740 W PesReader: Unexpected start code prefix: 3213177
02-01 12:29:54.949  5544  5740 W PesReader: Unexpected start code prefix: 2164599
02-01 12:29:54.949  5544  5740 W PesReader: Unexpected start code prefix: 0
02-01 12:29:56.571  5544  5753 D BufferPoolAccessor2.0: bufferpool2 0x7b9f84cb3998 : 5(40960 size) total buffers - 1(8192 size) used buffers - 8109/8114 (recycle/alloc) - 24/8104 (fetch/transfer)
02-01 12:29:57.488  5544  5740 W PesReader: Unexpected start code prefix: 3213201
02-01 12:29:57.488  5544  5740 W PesReader: Unexpected start code prefix: 2164623
02-01 12:29:57.488  5544  5740 W PesReader: Unexpected start code prefix: 0
02-01 12:29:58.510  5544  5740 W PesReader: Unexpected start code prefix: 3213223
02-01 12:29:58.511  5544  5740 W PesReader: Unexpected start code prefix: 2164647
02-01 12:29:58.511  5544  5740 W PesReader: Unexpected start code prefix: 0
02-01 12:30:01.963  5544  5753 D BufferPoolAccessor2.0: bufferpool2 0x7b9f84cb3998 : 5(40960 size) total buffers - 1(8192 size) used buffers - 8362/8367 (recycle/alloc) - 24/8357 (fetch/transfer)
02-01 12:30:04.328  5544  5740 W PesReader: Unexpected start code prefix: 3213237
02-01 12:30:04.328  5544  5740 W PesReader: Unexpected start code prefix: 2164661
02-01 12:30:04.328  5544  5740 W PesReader: Unexpected start code prefix: 0
02-01 12:30:05.412  5544  5740 W PesReader: Unexpected start code prefix: 3213255
02-01 12:30:05.412  5544  5740 W PesReader: Unexpected start code prefix: 2164679
02-01 12:30:05.412  5544  5740 W PesReader: Unexpected start code prefix: 0
02-01 12:30:07.100  5544  5740 W PesReader: Unexpected start code prefix: 3213301
02-01 12:30:07.100  5544  5740 W PesReader: Unexpected start code prefix: 2164725
02-01 12:30:07.100  5544  5740 W PesReader: Unexpected start code prefix: 0
02-01 12:30:07.278  5544  5753 D BufferPoolAccessor2.0: bufferpool2 0x7b9f84cb3998 : 5(40960 size) total buffers - 1(8192 size) used buffers - 8611/8616 (recycle/alloc) - 24/8606 (fetch/transfer)
02-01 12:30:12.474  5544  5753 D BufferPoolAccessor2.0: bufferpool2 0x7b9f84cb3998 : 5(40960 size) total buffers - 1(8192 size) used buffers - 8854/8859 (recycle/alloc) - 24/8849 (fetch/transfer)
02-01 12:30:17.289  5544  5740 W PesReader: Unexpected start code prefix: 3213323
02-01 12:30:17.289  5544  5740 W PesReader: Unexpected start code prefix: 2164747
02-01 12:30:17.289  5544  5740 W PesReader: Unexpected start code prefix: 0
02-01 12:30:17.759  5544  5753 D BufferPoolAccessor2.0: bufferpool2 0x7b9f84cb3998 : 5(40960 size) total buffers - 1(8192 size) used buffers - 9102/9107 (recycle/alloc) - 25/9097 (fetch/transfer)
02-01 12:30:19.778  5544  5740 W PesReader: Unexpected start code prefix: 3213341
02-01 12:30:19.778  5544  5740 W PesReader: Unexpected start code prefix: 2164763
02-01 12:30:19.778  5544  5740 W PesReader: Unexpected start code prefix: 0
02-01 12:30:21.539  5544  5740 W PesReader: Unexpected start code prefix: 3213351
02-01 12:30:21.539  5544  5740 W PesReader: Unexpected start code prefix: 2164775
02-01 12:30:21.539  5544  5740 W PesReader: Unexpected start code prefix: 0
02-01 12:30:23.253  5544  5753 D BufferPoolAccessor2.0: bufferpool2 0x7b9f84cb3998 : 5(40960 size) total buffers - 1(8192 size) used buffers - 9360/9365 (recycle/alloc) - 25/9355 (fetch/transfer)
02-01 12:30:24.242  5544  5740 W PesReader: Unexpected start code prefix: 3213369
02-01 12:30:24.242  5544  5740 W PesReader: Unexpected start code prefix: 2164793
02-01 12:30:24.242  5544  5740 W PesReader: Unexpected start code prefix: 0
02-01 12:30:28.440  5544  5740 W PesReader: Unexpected start code prefix: 3213385
02-01 12:30:28.440  5544  5740 W PesReader: Unexpected start code prefix: 2164809
02-01 12:30:28.440  5544  5740 W PesReader: Unexpected start code prefix: 0
02-01 12:30:28.475  5544  5753 D BufferPoolAccessor2.0: bufferpool2 0x7b9f84cb3998 : 5(40960 size) total buffers - 4(32768 size) used buffers - 9607/9612 (recycle/alloc) - 27/9600 (fetch/transfer)
02-01 12:30:30.655  5544  5740 W PesReader: Unexpected start code prefix: 3213403
02-01 12:30:30.655  5544  5740 W PesReader: Unexpected start code prefix: 2164827
02-01 12:30:30.655  5544  5740 W PesReader: Unexpected start code prefix: 0
02-01 12:30:33.093  5544  5740 W PesReader: Unexpected start code prefix: 3213413
02-01 12:30:33.093  5544  5740 W PesReader: Unexpected start code prefix: 2164837
02-01 12:30:33.093  5544  5740 W PesReader: Unexpected start code prefix: 0
02-01 12:30:33.822  5544  5753 D BufferPoolAccessor2.0: bufferpool2 0x7b9f84cb3998 : 5(40960 size) total buffers - 1(8192 size) used buffers - 9855/9860 (recycle/alloc) - 27/9850 (fetch/transfer)
02-01 12:30:39.147  5544  5753 D BufferPoolAccessor2.0: bufferpool2 0x7b9f84cb3998 : 5(40960 size) total buffers - 1(8192 size) used buffers - 10105/10110 (recycle/alloc) - 27/10100 (fetch/transfer)
02-01 12:30:40.276  5544  5740 W PesReader: Unexpected start code prefix: 3213443
02-01 12:30:40.276  5544  5740 W PesReader: Unexpected start code prefix: 2164867
02-01 12:30:40.276  5544  5740 W PesReader: Unexpected start code prefix: 0
02-01 12:30:40.283  5544  5725 I SIGNAL_LOG: signal pid 5544 uid 10050 signal_num 5 si_code 128 si_errno 0 si_val 0
02-01 12:30:40.288  5544  5725 I SIGNAL_LOG: houdini base 0x7b9e8887c000
02-01 12:30:40.288  5544  5725 I SIGNAL_LOG: houdini arm64 regs base 0x0
02-01 12:30:40.288  5544  5725 I SIGNAL_LOG:   invalid arm reg
--------- beginning of crash
02-01 12:30:40.289  5544  5725 F libc    : Fatal signal 5 (SIGTRAP), code 128 (SI_KERNEL), fault addr 0x0 in tid 5725 (CronetNet), pid 5544 (eam3.prerelease)
02-01 12:30:40.348 11641 11641 I crash_dump64: obtaining output fd from tombstoned, type: kDebuggerdTombstoneProto
02-01 12:30:40.347 11641 11641 I crash_dump64: type=1400 audit(0.0:4182): avc: denied { write } for name="tombstoned_crash" dev="tmpfs" ino=12206 scontext=u:r:untrusted_app:s0:c50,c256,c512,c768 tcontext=u:object_r:tombstoned_crash_socket:s0 tclass=sock_file permissive=1 app=com.lagradost.cloudstream3.prerelease
02-01 12:30:40.359 11641 11641 I crash_dump64: performing dump of process 5544 (target tid = 5725)
02-01 12:30:40.357 11641 11641 I crash_dump64: type=1400 audit(0.0:4184): avc: denied { append } for path=2F646174612F746F6D6273746F6E65732F2331333130383130202864656C6574656429 dev="sdc3" ino=1310810 scontext=u:r:untrusted_app:s0:c50,c256,c512,c768 tcontext=u:object_r:tombstone_data_file:s0 tclass=file permissive=1 app=com.lagradost.cloudstream3.prerelease
02-01 12:30:40.363 11641 11641 I crash_dump64: type=1400 audit(0.0:4185): avc: denied { open } for path="/proc/uptime" dev="proc" ino=4026532028 scontext=u:r:untrusted_app:s0:c50,c256,c512,c768 tcontext=u:object_r:proc_uptime:s0 tclass=file permissive=1 app=com.lagradost.cloudstream3.prerelease
02-01 12:30:40.363 11641 11641 I crash_dump64: type=1400 audit(0.0:4186): avc: denied { getattr } for path="/proc/uptime" dev="proc" ino=4026532028 scontext=u:r:untrusted_app:s0:c50,c256,c512,c768 tcontext=u:object_r:proc_uptime:s0 tclass=file permissive=1 app=com.lagradost.cloudstream3.prerelease
02-01 12:30:40.640 11641 11641 I crash_dump64: type=1400 audit(0.0:4187): avc: denied { read } for name="u:object_r:qemu_sf_lcd_density_prop:s0" dev="tmpfs" ino=11397 scontext=u:r:untrusted_app:s0:c50,c256,c512,c768 tcontext=u:object_r:qemu_sf_lcd_density_prop:s0 tclass=file permissive=1 app=com.lagradost.cloudstream3.prerelease
02-01 12:30:40.640 11641 11641 I crash_dump64: type=1400 audit(0.0:4188): avc: denied { open } for path="/dev/__properties__/u:object_r:qemu_sf_lcd_density_prop:s0" dev="tmpfs" ino=11397 scontext=u:r:untrusted_app:s0:c50,c256,c512,c768 tcontext=u:object_r:qemu_sf_lcd_density_prop:s0 tclass=file permissive=1 app=com.lagradost.cloudstream3.prerelease
02-01 12:30:40.640 11641 11641 I crash_dump64: type=1400 audit(0.0:4189): avc: denied { getattr } for path="/dev/__properties__/u:object_r:qemu_sf_lcd_density_prop:s0" dev="tmpfs" ino=11397 scontext=u:r:untrusted_app:s0:c50,c256,c512,c768 tcontext=u:object_r:qemu_sf_lcd_density_prop:s0 tclass=file permissive=1 app=com.lagradost.cloudstream3.prerelease
02-01 12:30:40.793 11641 11641 F DEBUG   : *** *** *** *** *** *** *** *** *** *** *** *** *** *** *** ***
02-01 12:30:40.793 11641 11641 F DEBUG   : Build fingerprint: 'Samsung/a15x/a15x:12/V417IR/189:user/release-keys'
02-01 12:30:40.793 11641 11641 F DEBUG   : Revision: '0'
02-01 12:30:40.793 11641 11641 F DEBUG   : ABI: 'x86_64'
02-01 12:30:40.793 11641 11641 F DEBUG   : Timestamp: 2026-02-01 12:30:40.366096925+0530
02-01 12:30:40.793 11641 11641 F DEBUG   : Process uptime: 225s
02-01 12:30:40.793 11641 11641 F DEBUG   : Cmdline: com.lagradost.cloudstream3.prerelease
02-01 12:30:40.793 11641 11641 F DEBUG   : pid: 5544, tid: 5725, name: CronetNet  >>> com.lagradost.cloudstream3.prerelease <<<
02-01 12:30:40.793 11641 11641 F DEBUG   : uid: 10050
02-01 12:30:40.793 11641 11641 F DEBUG   : signal 5 (SIGTRAP), code 128 (SI_KERNEL), fault addr 0x0
02-01 12:30:40.793 11641 11641 F DEBUG   :     rax 000000001f384b9a  rbx 00007b9fb4c8b740  rcx 000000001f384bfd  rdx 00000000000bf2da
02-01 12:30:40.793 11641 11641 F DEBUG   :     r8  00007b9e70a42688  r9  000000000003ae52  r10 00007ffdd75f90b0  r11 0000007a2970eb47
02-01 12:30:40.793 11641 11641 F DEBUG   :     r12 00007b9e6b992788  r13 00007b9e6b992788  r14 0000000000000000  r15 00007b9e70a42760
02-01 12:30:40.793 11641 11641 F DEBUG   :     rdi 00007ffdd75f9080  rsi 000000000003ae52
02-01 12:30:40.793 11641 11641 F DEBUG   :     rbp 0000000000000000  rsp 00007b9e70a426a0  rip 00007b9e6b629d3a
02-01 12:30:40.793 11641 11641 F DEBUG   : backtrace:
02-01 12:30:40.793 11641 11641 F DEBUG   :       #00 pc 0000000000362d3a  /system/priv-app/PrebuiltGmsCore/split_CronetDynamite_installtime.apk!libcronet.140.0.7289.0.so (BuildId: 1de39a76d067280d61fc4218db43b3c9911006d8)
02-01 12:30:45.431 11696 11696 W eam3.prereleas: Unexpected CPU variant for X86 using defaults: x86_64
02-01 12:30:45.431 11696 11696 V libnb   : enter native_bridge2_initialize /data/user/0/com.lagradost.cloudstream3.prerelease/code_cache arm64
02-01 12:30:45.438 11696 11696 E libnb   : The translator implementation library has not been set.
02-01 12:30:45.444 11696 11696 E libnb   : get_callbacks native_handle 0xca2a70c0a7f899e3: 1 libnb:/system/lib64/libhoudini.so
02-01 12:30:45.444 11696 11696 I libnb   : Found /system/lib64/libhoudini.so version 6
02-01 12:30:45.444 11696 11696 D HP      : no libmumuhooker.so
02-01 12:30:45.444 11696 11696 D houdini : [11696] Intel Bridge Technology for Netease internal evaluation only, Copyright(C) Intel Corp. 2012-2025.
02-01 12:30:45.444 11696 11696 D houdini : [11696] Use permitted only under a valid evaluation software license agreement - all other rights reserved.
02-01 12:30:45.444 11696 11696 D houdini : [11696] Initialize library(version: 12.0.1_z.Netease_ev4 RELEASE)... successfully.
02-01 12:30:45.444 11696 11696 W HP      : x_initialize private_dir:/data/user/0/com.lagradost.cloudstream3.prerelease/code_cache instruction_set:arm64 getMethodShorty:0x7b9ea3d3c340 ret:1
02-01 12:30:45.449 11696 11696 D ProcessState: Binder ioctl to enable oneway spam detection failed: Invalid argument
02-01 12:30:45.458 11696 11712 E ashmem  : memfd: ro.vndk.version not defined or invalid (), this is mandated since P.
02-01 12:30:45.460 11696 11696 D CompatibilityChangeReporter: Compat change id reported: 171979766; UID 10050; state: ENABLED
02-01 12:30:45.477 11696 11696 D NemuJavaHotPatchHelper: onHandleBindApplication reportedPackageName:com.lagradost.cloudstream3.prerelease isMatchJavaPatch:false
02-01 12:30:45.564 11696 11696 I Typeface: Preloading /system/fonts/Roboto-Regular.ttf
02-01 12:30:45.564 11696 11696 I Typeface: Preloading /system/fonts/RobotoStatic-Regular.ttf
02-01 12:30:45.658 11696 11696 V GraphicsEnvironment: ANGLE Developer option for 'com.lagradost.cloudstream3.prerelease' set to: 'default'
02-01 12:30:45.658 11696 11696 V GraphicsEnvironment: ANGLE GameManagerService for com.lagradost.cloudstream3.prerelease: false
02-01 12:30:45.658 11696 11696 V GraphicsEnvironment: Neither updatable production driver nor prerelease driver is supported.
02-01 12:30:45.659 11696 11696 D NetworkSecurityConfig: No Network Security Config specified, using platform default
02-01 12:30:45.659 11696 11696 D NetworkSecurityConfig: No Network Security Config specified, using platform default
02-01 12:30:45.666 11696 11696 D WM-WrkMgrInitializer: Initializing WorkManager with default configuration.
02-01 12:30:45.671 11696 11696 D WM-PackageManagerHelper: Skipping component enablement for androidx.work.impl.background.systemjob.SystemJobService
02-01 12:30:45.671 11696 11696 D WM-Schedulers: Created SystemJobScheduler and enabled SystemJobService
02-01 12:30:45.673 11696 11717 D WM-ForceStopRunnable: The default process name was not specified.
02-01 12:30:45.673 11696 11717 D WM-ForceStopRunnable: Performing cleanup operations.
02-01 12:30:45.684 11696 11717 D CompatibilityChangeReporter: Compat change id reported: 160794467; UID 10050; state: ENABLED
02-01 12:30:45.694 11696 11717 D WM-PackageManagerHelper: Skipping component enablement for androidx.work.impl.background.systemalarm.RescheduleReceiver
02-01 12:30:45.708 11696 11696 V NativeCrypto: Registering org/conscrypt/NativeCrypto's 288 native methods...
02-01 12:30:45.746 11696 11722 D libEGL  : loaded /system/lib64/egl/libEGL_emulation.so
02-01 12:30:45.753 11696 11722 D eam3.prereleas: Features: 0 0 0
02-01 12:30:45.753 11696 11722 E eam3.prereleas: vulkan version is 4211013
02-01 12:30:45.756 11696 11722 D libEGL  : loaded /system/lib64/egl/libGLESv1_CM_emulation.so
02-01 12:30:45.757 11696 11722 D libEGL  : loaded /system/lib64/egl/libGLESv2_emulation.so
02-01 12:30:45.776 11696 11722 E GraphicsEnv: Failed to get gpu service
02-01 12:30:45.849 11696 11696 I NavComponent: Navigating to Activity: MainActivity
02-01 12:30:45.929 11696 11696 D AppCompatDelegate: Checking for metadata for AppLocalesMetadataHolderService : Service not found
02-01 12:30:45.996 11696 11696 I MediaRouterProxy: Don't need to set MediaRouterParams for Android S v2 or below
02-01 12:30:46.003 11696 11696 I DynamiteModule: Considering local module com.google.android.gms.cast.framework.dynamite:0 and remote module com.google.android.gms.cast.framework.dynamite:253534000
02-01 12:30:46.003 11696 11696 I DynamiteModule: Selected remote version of com.google.android.gms.cast.framework.dynamite, version >= 253534000
02-01 12:30:46.003 11696 11696 V DynamiteModule: Dynamite loader version >= 2, using loadModule2NoCrashUtils
02-01 12:30:46.008 11696 11696 W System  : ClassLoader referenced unknown path: 
02-01 12:30:46.087 11696 11696 I CastDynamiteModuleImpl: sn created by ClassLoader dalvik.system.DelegateLastClassLoader[DexPathList[[zip file "/system/priv-app/PrebuiltGmsCore/split_DynamiteModulesC_installtime.apk"],nativeLibraryDirectories=[/system/priv-app/PrebuiltGmsCore/split_DynamiteModulesC_installtime.apk!/lib/x86_64, /system/priv-app/PrebuiltGmsCore/split_DynamiteModulesC_installtime.apk!/lib/arm64-v8a, /system/lib64, /system/system_ext/lib64, /system/product/lib64, /system/vendor/lib64]]].
02-01 12:30:46.096 11696 11696 V MediaRouter: Selecting route: RouteInfo{ name=Phone, description=null, status=null, category=RouteCategory{ name=System types=ROUTE_TYPE_LIVE_AUDIO ROUTE_TYPE_LIVE_VIDEO  groupable=false }, supportedTypes=ROUTE_TYPE_LIVE_AUDIO ROUTE_TYPE_LIVE_VIDEO , presentationDisplay=null }
02-01 12:30:46.096 11696 11696 I MediaRouter: Skip setBluetoothA2dpOn(): types=8388615, isPlaybackActive()=false, BT route=null
02-01 12:30:46.100 11696 11696 I MediaRouter: Found default route: MediaRouter.RouteInfo{ uniqueId=DEFAULT_ROUTE, name=Phone, description=null, iconUri=null, enabled=true, connectionState=0, canDisconnect=false, playbackType=0, playbackStream=3, deviceType=0, volumeHandling=1, volume=100, volumeMax=100, presentationDisplayId=-1, extras=null, settingsIntent=null, providerPackageName=android }
02-01 12:30:46.100 11696 11696 I MediaRouter: Unselecting the current route because it is no longer selectable: null
02-01 12:30:46.176 11696 11696 W Resources: Drawable com.lagradost.cloudstream3.prerelease:drawable/go_forward_30 has unresolved theme attributes! Consider using Resources.getDrawable(int, Theme) or Context.getDrawable(int).
02-01 12:30:46.176 11696 11696 W Resources: java.lang.RuntimeException
02-01 12:30:46.176 11696 11696 W Resources: 	at android.content.res.Resources.getDrawable(Resources.java:922)
02-01 12:30:46.176 11696 11696 W Resources: 	at com.google.android.gms.cast.framework.media.widget.zzs.zzd(com.google.android.gms:play-services-cast-framework@@21.4.0:2)
02-01 12:30:46.176 11696 11696 W Resources: 	at com.google.android.gms.cast.framework.media.widget.zzs.zzc(com.google.android.gms:play-services-cast-framework@@21.4.0:1)
02-01 12:30:46.176 11696 11696 W Resources: 	at com.google.android.gms.cast.framework.media.widget.MiniControllerFragment.zza(com.google.android.gms:play-services-cast-framework@@21.4.0:41)
02-01 12:30:46.176 11696 11696 W Resources: 	at com.google.android.gms.cast.framework.media.widget.MiniControllerFragment.onCreateView(com.google.android.gms:play-services-cast-framework@@21.4.0:29)
02-01 12:30:46.176 11696 11696 W Resources: 	at androidx.fragment.app.Fragment.performCreateView(Fragment.java:3119)
02-01 12:30:46.176 11696 11696 W Resources: 	at androidx.fragment.app.FragmentStateManager.ensureInflatedView(FragmentStateManager.java:418)
02-01 12:30:46.176 11696 11696 W Resources: 	at androidx.fragment.app.FragmentStateManager.moveToExpectedState(FragmentStateManager.java:285)
02-01 12:30:46.176 11696 11696 W Resources: 	at androidx.fragment.app.FragmentLayoutInflaterFactory.onCreateView(FragmentLayoutInflaterFactory.java:142)
02-01 12:30:46.176 11696 11696 W Resources: 	at androidx.fragment.app.FragmentController.onCreateView(FragmentController.java:136)
02-01 12:30:46.176 11696 11696 W Resources: 	at androidx.fragment.app.FragmentActivity.dispatchFragmentsOnCreateView(FragmentActivity.java:247)
02-01 12:30:46.176 11696 11696 W Resources: 	at androidx.fragment.app.FragmentActivity.onCreateView(FragmentActivity.java:226)
02-01 12:30:46.176 11696 11696 W Resources: 	at android.view.LayoutInflater.tryCreateView(LayoutInflater.java:1073)
02-01 12:30:46.176 11696 11696 W Resources: 	at android.view.LayoutInflater.createViewFromTag(LayoutInflater.java:1001)
02-01 12:30:46.176 11696 11696 W Resources: 	at android.view.LayoutInflater.createViewFromTag(LayoutInflater.java:965)
02-01 12:30:46.176 11696 11696 W Resources: 	at android.view.LayoutInflater.rInflate(LayoutInflater.java:1127)
02-01 12:30:46.176 11696 11696 W Resources: 	at android.view.LayoutInflater.rInflateChildren(LayoutInflater.java:1088)
02-01 12:30:46.176 11696 11696 W Resources: 	at android.view.LayoutInflater.rInflate(LayoutInflater.java:1130)
02-01 12:30:46.176 11696 11696 W Resources: 	at android.view.LayoutInflater.rInflateChildren(LayoutInflater.java:1088)
02-01 12:30:46.176 11696 11696 W Resources: 	at android.view.LayoutInflater.rInflate(LayoutInflater.java:1130)
02-01 12:30:46.176 11696 11696 W Resources: 	at android.view.LayoutInflater.rInflateChildren(LayoutInflater.java:1088)
02-01 12:30:46.176 11696 11696 W Resources: 	at android.view.LayoutInflater.inflate(LayoutInflater.java:686)
02-01 12:30:46.176 11696 11696 W Resources: 	at android.view.LayoutInflater.inflate(LayoutInflater.java:538)
02-01 12:30:46.176 11696 11696 W Resources: 	at com.lagradost.cloudstream3.databinding.ActivityMainBinding.inflate(ActivityMainBinding.java:66)
02-01 12:30:46.176 11696 11696 W Resources: 	at com.lagradost.cloudstream3.MainActivity.onCreate(MainActivity.kt:1260)
02-01 12:30:46.176 11696 11696 W Resources: 	at android.app.Activity.performCreate(Activity.java:8058)
02-01 12:30:46.176 11696 11696 W Resources: 	at android.app.Activity.performCreate(Activity.java:8038)
02-01 12:30:46.176 11696 11696 W Resources: 	at android.app.Instrumentation.callActivityOnCreate(Instrumentation.java:1345)
02-01 12:30:46.176 11696 11696 W Resources: 	at android.app.ActivityThread.performLaunchActivity(ActivityThread.java:3738)
02-01 12:30:46.176 11696 11696 W Resources: 	at android.app.ActivityThread.handleLaunchActivity(ActivityThread.java:3933)
02-01 12:30:46.176 11696 11696 W Resources: 	at android.app.servertransaction.LaunchActivityItem.execute(LaunchActivityItem.java:103)
02-01 12:30:46.176 11696 11696 W Resources: 	at android.app.servertransaction.TransactionExecutor.executeCallbacks(TransactionExecutor.java:135)
02-01 12:30:46.176 11696 11696 W Resources: 	at android.app.servertransaction.TransactionExecutor.execute(TransactionExecutor.java:95)
02-01 12:30:46.176 11696 11696 W Resources: 	at android.app.ActivityThread$H.handleMessage(ActivityThread.java:2296)
02-01 12:30:46.176 11696 11696 W Resources: 	at android.os.Handler.dispatchMessage(Handler.java:106)
02-01 12:30:46.176 11696 11696 W Resources: 	at android.os.Looper.loopOnce(Looper.java:201)
02-01 12:30:46.176 11696 11696 W Resources: 	at android.os.Looper.loop(Looper.java:288)
02-01 12:30:46.176 11696 11696 W Resources: 	at android.app.ActivityThread.main(ActivityThread.java:8062)
02-01 12:30:46.176 11696 11696 W Resources: 	at java.lang.reflect.Method.invoke(Native Method)
02-01 12:30:46.176 11696 11696 W Resources: 	at com.android.internal.os.RuntimeInit$MethodAndArgsCaller.run(RuntimeInit.java:571)
02-01 12:30:46.176 11696 11696 W Resources: 	at com.android.internal.os.ZygoteInit.main(ZygoteInit.java:1091)
02-01 12:30:46.191 11696 11732 D CompatibilityChangeReporter: Compat change id reported: 191844585; UID 10050; state: ENABLED
02-01 12:30:46.199 11696 11733 I PluginManager: Loading plugin: PluginData(internalName=HiAnime, url=https://raw.githubusercontent.com/phisher98/cloudstream-extensions-phisher/builds/HiAnime.cs3, isOnline=true, filePath=/data/user/0/com.lagradost.cloudstream3.prerelease/files/Extensions/httpsraw.githubusercontent.comphisher98cloudstream-extensions-phisherrefsheadsbuildsrepo.json.567540747/HiAnime.-1749740589.cs3, version=29)
02-01 12:30:46.201 11696 11696 I System.out: Loaded everything
02-01 12:30:46.205 11696 11696 I AppVisibilityProxy: onAppEnteredForeground
02-01 12:30:46.217 11696 11733 D PluginManager: Loading resources for HiAnime
02-01 12:30:46.218 11696 11733 I PluginInstance: Adding HiAnime (https://hianime.to) MainAPI
02-01 12:30:46.220 11696 11733 I PluginInstance: Adding Megacloud (https://megacloud.blog) ExtractorApi
02-01 12:30:46.229 11696 11733 I PluginManager: Loaded plugin HiAnime successfully
02-01 12:30:46.231 11696 11735 I PluginManager: Loading plugin: PluginData(internalName=VegaMovies, url=https://raw.githubusercontent.com/SaurabhKaperwan/CSX/builds/VegaMovies.cs3, isOnline=true, filePath=/data/user/0/com.lagradost.cloudstream3.prerelease/files/Extensions/httpsraw.githubusercontent.comSaurabhKaperwanCSXbuildsCS.json.-1967555329/VegaMovies.-264642420.cs3, version=73)
02-01 12:30:46.232 11696 11733 W PluginManager: Failed to create local directories
02-01 12:30:46.232 11696 11731 I PluginManager: Loading plugin: PluginData(internalName=Watch32, url=https://raw.githubusercontent.com/NivinCNC/CNCVerse-Cloud-Stream-Extension/builds/Watch32.cs3, isOnline=true, filePath=/data/user/0/com.lagradost.cloudstream3.prerelease/files/Extensions/httpsraw.githubusercontent.comNivinCNCCNCVerse-Cloud-Stream-ExtensionrefsheadsbuildsCNC.json.-815728861/Watch32.-1504351410.cs3, version=2)
02-01 12:30:46.235 11696 11734 I PluginManager: Loading plugin: PluginData(internalName=CNC Verse, url=https://raw.githubusercontent.com/NivinCNC/CNCVerse-Cloud-Stream-Extension/builds/CNC Verse.cs3, isOnline=true, filePath=/data/user/0/com.lagradost.cloudstream3.prerelease/files/Extensions/httpsraw.githubusercontent.comNivinCNCCNCVerse-Cloud-Stream-ExtensionrefsheadsbuildsCNC.json.-815728861/CNCVerse.-2008229843.cs3, version=47)
02-01 12:30:46.235 11696 11731 I PluginManager: Loading plugin: PluginData(internalName=CineStream, url=https://raw.githubusercontent.com/SaurabhKaperwan/CSX/builds/CineStream.cs3, isOnline=true, filePath=/data/user/0/com.lagradost.cloudstream3.prerelease/files/Extensions/httpsraw.githubusercontent.comSaurabhKaperwanCSXbuildsCS.json.-1967555329/CineStream.-719649123.cs3, version=299)
02-01 12:30:46.235 11696 11732 I PluginManager: Loading plugin: PluginData(internalName=HiAnime, url=https://raw.githubusercontent.com/phisher98/cloudstream-extensions-phisher/builds/HiAnime.cs3, isOnline=true, filePath=/data/user/0/com.lagradost.cloudstream3.prerelease/files/Extensions/httpsraw.githubusercontent.comphisher98cloudstream-extensions-phisherrefsheadsbuildsrepo.json.567540747/HiAnime.-1749740589.cs3, version=29)
02-01 12:30:46.235 11696 11740 I PluginManager: Loading plugin: PluginData(internalName=Anichi, url=https://raw.githubusercontent.com/phisher98/cloudstream-extensions-phisher/builds/Anichi.cs3, isOnline=true, filePath=/data/user/0/com.lagradost.cloudstream3.prerelease/files/Extensions/httpsraw.githubusercontent.comphisher98cloudstream-extensions-phisherrefsheadsbuildsrepo.json.567540747/Anichi.1965708648.cs3, version=10)
02-01 12:30:46.240 11696 11740 I PluginInstance: Adding Watch32 (https://watch32.sx) MainAPI
02-01 12:30:46.240 11696 11740 I PluginInstance: Adding Videostr (https://videostr.net) ExtractorApi
02-01 12:30:46.240 11696 11740 I PluginManager: Loaded plugin Watch32 successfully
02-01 12:30:46.245 11696 11732 I PluginInstance: Adding Netflix (https://net20.cc) MainAPI
02-01 12:30:46.245 11696 11732 I PluginInstance: Adding PrimeVideo (https://net20.cc) MainAPI
02-01 12:30:46.245 11696 11732 I PluginInstance: Adding Hotstar (https://net20.cc) MainAPI
02-01 12:30:46.245 11696 11732 I PluginInstance: Adding Disney Plus (https://net20.cc) MainAPI
02-01 12:30:46.245 11696 11732 I PluginManager: Loaded plugin CNC Verse successfully
02-01 12:30:46.248 11696 11732 I PluginManager: Plugin with name HiAnime already exists
02-01 12:30:46.250 11696 11742 I PluginInstance: Adding Anichi (NONE) MainAPI
02-01 12:30:46.250 11696 11742 I PluginInstance: Adding StreamWish (https://swiftplayers.com) ExtractorApi
02-01 12:30:46.250 11696 11742 I PluginInstance: Adding Streamwish (https://streamwish.to) ExtractorApi
02-01 12:30:46.250 11696 11742 I PluginInstance: Adding Filemoon (https://filemoon.to) ExtractorApi
02-01 12:30:46.250 11696 11742 I PluginInstance: Adding Vidguard (https://listeamed.net) ExtractorApi
02-01 12:30:46.250 11696 11742 I PluginInstance: Adding Okrulink (https://okru.link) ExtractorApi
02-01 12:30:46.250 11696 11742 I PluginManager: Loaded plugin Anichi successfully
02-01 12:30:46.253 11696 11731 I PluginInstance: Adding CineStream (https://cinemeta-catalogs.strem.io) MainAPI
02-01 12:30:46.253 11696 11731 I PluginInstance: Adding CineSimkl (https://simkl.com) MainAPI
02-01 12:30:46.255 11696 11731 I PluginInstance: Adding CineTmdb (https://www.themoviedb.org) MainAPI
02-01 12:30:46.255 11696 11731 I PluginInstance: Adding Kwik (https://kwik.cx) ExtractorApi
02-01 12:30:46.255 11696 11731 I PluginInstance: Adding Animezia (https://animezia.cloud) ExtractorApi
02-01 12:30:46.255 11696 11731 I PluginInstance: Adding Multimovies Vidhide (https://server2.shop) ExtractorApi
02-01 12:30:46.255 11696 11731 I PluginInstance: Adding Multimovies Cloud AIO (https://allinonedownloader.fun) ExtractorApi
02-01 12:30:46.255 11696 11731 I PluginInstance: Adding Strwish (https://strwish.com) ExtractorApi
02-01 12:30:46.255 11696 11731 I PluginInstance: Adding Cdnwish (https://cdnwish.com) ExtractorApi
02-01 12:30:46.255 11696 11731 I PluginInstance: Adding DHC Play (https://dhcplay.com) ExtractorApi
02-01 12:30:46.255 11696 11731 I PluginInstance: Adding Streanwish Asn (https://asnwish.com) ExtractorApi
02-01 12:30:46.255 11696 11731 I PluginInstance: Adding Multimovies Cloud (https://multimovies.cloud) ExtractorApi
02-01 12:30:46.255 11696 11731 I PluginInstance: Adding Pahe (https://pahe.win) ExtractorApi
02-01 12:30:46.255 11696 11731 I PluginInstance: Adding VidHide (https://smoothpre.com) ExtractorApi
02-01 12:30:46.255 11696 11731 I PluginInstance: Adding VidHide (https://ryderjet.com) ExtractorApi
02-01 12:30:46.255 11696 11731 I PluginInstance: Adding SuperVideo (https://supervideo.cc) ExtractorApi
02-01 12:30:46.255 11696 11731 I PluginInstance: Adding MixDrop (https://mixdrop.ps) ExtractorApi
02-01 12:30:46.256 11696 11731 I PluginInstance: Adding MixDrop (https://mxdrop.to) ExtractorApi
02-01 12:30:46.256 11696 11731 I PluginInstance: Adding MixDrop (https://mixdrop.si) ExtractorApi
02-01 12:30:46.256 11696 11731 I PluginInstance: Adding VidHide (https://dlions.pro) ExtractorApi
02-01 12:30:46.256 11696 11731 I PluginInstance: Adding StreamTape (https://watchadsontape.com) ExtractorApi
02-01 12:30:46.256 11696 11731 I PluginInstance: Adding Vidguard (https://vembed.net) ExtractorApi
02-01 12:30:46.256 11696 11731 I PluginInstance: Adding Filesim (https://multimoviesshg.com) ExtractorApi
02-01 12:30:46.256 11696 11731 I PluginInstance: Adding Akamaicdn (https://molop.art) ExtractorApi
02-01 12:30:46.256 11696 11731 I PluginInstance: Adding VidHidePro (https://vidhidehub.com) ExtractorApi
02-01 12:30:46.256 11696 11731 I PluginInstance: Adding MegaUp (https://rapidairmax.site) ExtractorApi
02-01 12:30:46.256 11696 11731 I PluginInstance: Adding MegaUp (https://megaup.live) ExtractorApi
02-01 12:30:46.256 11696 11731 I PluginInstance: Adding MegaUp (https://megaup22.online) ExtractorApi
02-01 12:30:46.256 11696 11731 I PluginInstance: Adding MegaUp (https://4spromax.site) ExtractorApi
02-01 12:30:46.256 11696 11731 I PluginManager: Loaded plugin CineStream successfully
02-01 12:30:46.269 11696 11696 V MediaRouter: Selecting route: RouteInfo{ name=Phone, description=null, status=null, category=RouteCategory{ name=System types=ROUTE_TYPE_LIVE_AUDIO ROUTE_TYPE_LIVE_VIDEO  groupable=false }, supportedTypes=ROUTE_TYPE_LIVE_AUDIO ROUTE_TYPE_LIVE_VIDEO , presentationDisplay=null }
02-01 12:30:46.271 11696 11696 I SYNC_API: MAL, mal
--------- beginning of system
02-01 12:30:46.274 11696 11696 E ActivityThread: Failed to find provider info for android.media.tv
02-01 12:30:46.274 11696 11696 D TvChannel: Channel not found, creating
02-01 12:30:46.275 11696 11696 E ActivityThread: Failed to find provider info for android.media.tv
02-01 12:30:46.275 11696 11696 D ApiError: -------------------------------------------------------------------
02-01 12:30:46.275 11696 11696 D ApiError: safeApiCall: Unknown URL content://android.media.tv/channel
02-01 12:30:46.275 11696 11696 D ApiError: safeApiCall: Unknown URL content://android.media.tv/channel
02-01 12:30:46.275 11696 11696 W System.err: java.lang.IllegalArgumentException: Unknown URL content://android.media.tv/channel
02-01 12:30:46.275 11696 11696 W System.err: 	at android.content.ContentResolver.insert(ContentResolver.java:2189)
02-01 12:30:46.275 11696 11696 W System.err: 	at android.content.ContentResolver.insert(ContentResolver.java:2155)
02-01 12:30:46.275 11696 11696 W System.err: 	at com.lagradost.cloudstream3.utils.TvChannelUtils.createTvChannel(TvChannelUtils.kt:152)
02-01 12:30:46.275 11696 11696 W System.err: 	at com.lagradost.cloudstream3.MainActivity$onCreate$31.invokeSuspend(MainActivity.kt:1993)
02-01 12:30:46.275 11696 11696 W System.err: 	at com.lagradost.cloudstream3.MainActivity$onCreate$31.invoke(Unknown Source:8)
02-01 12:30:46.275 11696 11696 W System.err: 	at com.lagradost.cloudstream3.MainActivity$onCreate$31.invoke(Unknown Source:4)
02-01 12:30:46.275 11696 11696 W System.err: 	at com.lagradost.cloudstream3.utils.Coroutines$main$1.invokeSuspend(Coroutines.kt:13)
02-01 12:30:46.275 11696 11696 W System.err: 	at com.lagradost.cloudstream3.utils.Coroutines$main$1.invoke(Unknown Source:8)
02-01 12:30:46.275 11696 11696 W System.err: 	at com.lagradost.cloudstream3.utils.Coroutines$main$1.invoke(Unknown Source:4)
02-01 12:30:46.275 11696 11696 W System.err: 	at com.lagradost.cloudstream3.mvvm.ArchComponentExtKt$launchSafe$obj$1.invokeSuspend(ArchComponentExt.kt:154)
02-01 12:30:46.275 11696 11696 W System.err: 	at kotlin.coroutines.jvm.internal.BaseContinuationImpl.resumeWith(ContinuationImpl.kt:34)
02-01 12:30:46.275 11696 11696 W System.err: 	at kotlinx.coroutines.DispatchedTask.run(DispatchedTask.kt:100)
02-01 12:30:46.275 11696 11696 W System.err: 	at android.os.Handler.handleCallback(Handler.java:938)
02-01 12:30:46.275 11696 11696 W System.err: 	at android.os.Handler.dispatchMessage(Handler.java:99)
02-01 12:30:46.275 11696 11696 W System.err: 	at android.os.Looper.loopOnce(Looper.java:201)
02-01 12:30:46.275 11696 11696 W System.err: 	at android.os.Looper.loop(Looper.java:288)
02-01 12:30:46.275 11696 11696 W System.err: 	at android.app.ActivityThread.main(ActivityThread.java:8062)
02-01 12:30:46.275 11696 11696 W System.err: 	at java.lang.reflect.Method.invoke(Native Method)
02-01 12:30:46.275 11696 11696 W System.err: 	at com.android.internal.os.RuntimeInit$MethodAndArgsCaller.run(RuntimeInit.java:571)
02-01 12:30:46.275 11696 11696 W System.err: 	at com.android.internal.os.ZygoteInit.main(ZygoteInit.java:1091)
02-01 12:30:46.275 11696 11696 D ApiError: -------------------------------------------------------------------
02-01 12:30:46.303 11696 11696 D CompatibilityChangeReporter: Compat change id reported: 171228096; UID 10050; state: ENABLED
02-01 12:30:46.335 11696 11720 D eam3.prereleas: Features: 0 0 0
02-01 12:30:46.335 11696 11720 E eam3.prereleas: vulkan version is 4211013
02-01 12:30:46.339 11696 11720 D hw-ProcessState: Binder ioctl to enable oneway spam detection failed: Invalid argument
02-01 12:30:46.341 11696 11720 E HidlServiceManagement: getService: Potential race detected, descriptor: android.hardware.configstore@1.0::ISurfaceFlingerConfigs instance: default
02-01 12:30:46.342 11696 11720 W OpenGLRenderer: Failed to choose config with EGL_SWAP_BEHAVIOR_PRESERVED, retrying without...
02-01 12:30:46.356 11696 11720 E HidlServiceManagement: getService: Potential race detected, descriptor: android.hardware.graphics.mapper@4.0::IMapper instance: default
02-01 12:30:46.357 11696 11720 I Gralloc4: mapper 4.x is not supported
02-01 12:30:46.357 11696 11720 E HidlServiceManagement: getService: Potential race detected, descriptor: android.hardware.graphics.mapper@3.0::IMapper instance: default
02-01 12:30:46.357 11696 11720 W Gralloc3: mapper 3.x is not supported
02-01 12:30:46.357 11696 11720 E HidlServiceManagement: getService: Potential race detected, descriptor: android.hardware.graphics.mapper@2.0::IMapper instance: default
02-01 12:30:46.364 11696 11720 E HidlServiceManagement: getService: Potential race detected, descriptor: android.hardware.graphics.allocator@4.0::IAllocator instance: default
02-01 12:30:46.364 11696 11720 W Gralloc4: allocator 4.x is not supported
02-01 12:30:46.364 11696 11720 E HidlServiceManagement: getService: Potential race detected, descriptor: android.hardware.graphics.allocator@3.0::IAllocator instance: default
02-01 12:30:46.364 11696 11720 W Gralloc3: allocator 3.x is not supported
02-01 12:30:46.364 11696 11720 E HidlServiceManagement: getService: Potential race detected, descriptor: android.hardware.graphics.allocator@2.0::IAllocator instance: default
02-01 12:30:46.365 11696 11720 D gralloc_x86: gralloc_alloc: Creating ashmem region of size 8298496
02-01 12:30:46.377 11696 11777 D eam3.prereleas: Features: 0 0 0
02-01 12:30:46.377 11696 11777 E eam3.prereleas: vulkan version is 4211013
02-01 12:30:46.378 11696 11777 D gralloc_x86: gralloc_alloc: Creating ashmem region of size 8298496
02-01 12:30:46.379 11696 11777 D gralloc_x86: gralloc_alloc: Creating ashmem region of size 8298496
02-01 12:30:46.613 11696 11735 I PluginInstance: Adding VegaMovies (https://vegamovies.gratis) MainAPI
02-01 12:30:46.629 11696 11696 D CoilImgLoader: setupCoilLogger: Activated EVENT_LISTENER FOR COIL
02-01 12:30:46.629 11696 11696 D CoilImgLoader: buildImageLoader: Setting COIL Image Loader.
02-01 12:30:46.654 11696 11735 I PluginInstance: Adding LuxMovies (https://luxmovies.cash) MainAPI
02-01 12:30:46.707 11696 11732 D eam3.prereleas: Features: 0 0 0
02-01 12:30:46.707 11696 11732 E eam3.prereleas: vulkan version is 4211013
02-01 12:30:46.708 11696 11732 D gralloc_x86: gralloc_alloc: Creating ashmem region of size 270336
02-01 12:30:46.711 11696 11751 D eam3.prereleas: Features: 0 0 0
02-01 12:30:46.711 11696 11751 E eam3.prereleas: vulkan version is 4211013
02-01 12:30:46.712 11696 11751 D gralloc_x86: gralloc_alloc: Creating ashmem region of size 282624
02-01 12:30:46.718 11696 11796 D eam3.prereleas: Features: 0 0 0
02-01 12:30:46.719 11696 11796 E eam3.prereleas: vulkan version is 4211013
02-01 12:30:46.721 11696 11742 D eam3.prereleas: Features: 0 0 0
02-01 12:30:46.721 11696 11742 E eam3.prereleas: vulkan version is 4211013
02-01 12:30:46.721 11696 11753 D eam3.prereleas: Features: 0 0 0
02-01 12:30:46.721 11696 11753 E eam3.prereleas: vulkan version is 4211013
02-01 12:30:46.722 11696 11753 D gralloc_x86: gralloc_alloc: Creating ashmem region of size 282624
02-01 12:30:46.726 11696 11796 W OpenGLRenderer: Failed to choose config with EGL_SWAP_BEHAVIOR_PRESERVED, retrying without...
02-01 12:30:46.728 11696 11742 D gralloc_x86: gralloc_alloc: Creating ashmem region of size 282624
02-01 12:30:46.762 11696 11735 I PluginInstance: Adding Rogmovies (https://rogmovies.world) MainAPI
02-01 12:30:46.762 11696 11735 I PluginManager: Loaded plugin VegaMovies successfully
02-01 12:30:46.813 11696 11751 D InAppUpdater: Fetched GitHub tag: 4e2bfd3
02-01 12:30:47.416 11696 11740 I PluginManager: Plugin update done!
02-01 12:30:47.466 11696 11740 D eam3.prereleas: Features: 0 0 0
02-01 12:30:47.466 11696 11740 E eam3.prereleas: vulkan version is 4211013
02-01 12:30:47.468 11696 11740 D gralloc_x86: gralloc_alloc: Creating ashmem region of size 57344
02-01 12:30:47.566 11696 11707 I eam3.prereleas: Background young concurrent copying GC freed 811195(43MB) AllocSpace objects, 50(12MB) LOS objects, 44% free, 30MB/54MB, paused 339us,42us total 133.911ms
02-01 12:30:47.620 11696 11709 W System  : A resource failed to call close. 
02-01 12:30:51.219 11696 11696 I NavComponent: Navigating to fragment: 2131361885
02-01 12:30:51.629 11696 11807 D ProfileInstaller: Skipping profile installation for com.lagradost.cloudstream3.prerelease
02-01 12:30:53.043 11808 11808 I eam3.prerelease: type=1400 audit(0.0:4324): avc: denied { execute_no_trans } for path="/system/bin/logcat" dev="sda6" ino=766 scontext=u:r:untrusted_app:s0:c50,c256,c512,c768 tcontext=u:object_r:unlabeled:s0 tclass=file permissive=1 app=com.lagradost.cloudstream3.prerelease
02-01 12:30:53.043 11808 11808 I eam3.prerelease: type=1400 audit(0.0:4325): avc: denied { read } for name="linker64" dev="sda6" ino=757 scontext=u:r:untrusted_app:s0:c50,c256,c512,c768 tcontext=u:object_r:unlabeled:s0 tclass=lnk_file permissive=1 app=com.lagradost.cloudstream3.prerelease
