02-01 12:27:12.344  5544  5586 V MediaHTTPService: makeHTTPConnection(android.media.MediaHTTPService@84b9c98): cookieHandler: java.net.CookieManager@7ac316 Cookies: null
02-01 12:27:13.013  5544  5586 D ApiError: -------------------------------------------------------------------
02-01 12:27:13.013  5544  5586 D ApiError: safeApiCall: setDataSource failed: status = 0x80000000
02-01 12:27:13.013  5544  5586 D ApiError: safeApiCall: setDataSource failed: status = 0x80000000
02-01 12:27:13.013  5544  5586 W System.err: java.lang.RuntimeException: setDataSource failed: status = 0x80000000
02-01 12:27:13.013  5544  5586 W System.err: 	at android.media.MediaMetadataRetriever._setDataSource(Native Method)
02-01 12:27:13.013  5544  5586 W System.err: 	at android.media.MediaMetadataRetriever.setDataSource(MediaMetadataRetriever.java:281)
02-01 12:27:13.013  5544  5586 W System.err: 	at com.lagradost.cloudstream3.ui.player.M3u8PreviewGenerator$load$1$1.invokeSuspend(PreviewGenerator.kt:384)
02-01 12:27:13.013  5544  5586 W System.err: 	at kotlin.coroutines.jvm.internal.BaseContinuationImpl.resumeWith(ContinuationImpl.kt:34)
02-01 12:27:13.013  5544  5586 W System.err: 	at kotlinx.coroutines.DispatchedTask.run(DispatchedTask.kt:100)
02-01 12:27:13.013  5544  5586 W System.err: 	at kotlinx.coroutines.internal.LimitedDispatcher$Worker.run(LimitedDispatcher.kt:124)
02-01 12:27:13.013  5544  5586 W System.err: 	at kotlinx.coroutines.scheduling.TaskImpl.run(Tasks.kt:89)
02-01 12:27:13.013  5544  5586 W System.err: 	at kotlinx.coroutines.scheduling.CoroutineScheduler.runSafely(CoroutineScheduler.kt:586)
02-01 12:27:13.013  5544  5586 W System.err: 	at kotlinx.coroutines.scheduling.CoroutineScheduler$Worker.executeTask(CoroutineScheduler.kt:820)
02-01 12:27:13.013  5544  5586 W System.err: 	at kotlinx.coroutines.scheduling.CoroutineScheduler$Worker.runWorker(CoroutineScheduler.kt:717)
02-01 12:27:13.013  5544  5586 W System.err: 	at kotlinx.coroutines.scheduling.CoroutineScheduler$Worker.run(CoroutineScheduler.kt:704)
02-01 12:27:13.013  5544  5586 D ApiError: -------------------------------------------------------------------
02-01 12:27:13.013  5544  5586 I PreviewImgM3u8: Generating preview for 72
02-01 12:27:13.013  5544  5586 V MediaHTTPService: MediaHTTPService(android.media.MediaHTTPService@1b17f57): Cookies: null
02-01 12:27:13.013  5544  5586 V MediaHTTPService: makeHTTPConnection: CookieHandler (java.net.CookieManager@7ac316) exists.
02-01 12:27:13.014  5544  5586 V MediaHTTPService: makeHTTPConnection(android.media.MediaHTTPService@1b17f57): cookieHandler: java.net.CookieManager@7ac316 Cookies: null
02-01 12:27:15.244  5544  5544 D MediaRouter: onRestoreRoute() : route=RouteInfo{ name=Phone, description=null, status=null, category=RouteCategory{ name=System types=ROUTE_TYPE_LIVE_AUDIO ROUTE_TYPE_LIVE_VIDEO  groupable=false }, supportedTypes=ROUTE_TYPE_LIVE_AUDIO ROUTE_TYPE_LIVE_VIDEO , presentationDisplay=null }
02-01 12:27:15.244  5544  5544 V MediaRouter: Selecting route: RouteInfo{ name=Phone, description=null, status=null, category=RouteCategory{ name=System types=ROUTE_TYPE_LIVE_AUDIO ROUTE_TYPE_LIVE_VIDEO  groupable=false }, supportedTypes=ROUTE_TYPE_LIVE_AUDIO ROUTE_TYPE_LIVE_VIDEO , presentationDisplay=null }
02-01 12:27:15.244  5544  5544 I CS3ExoPlayer: Handle event: StatusEvent(wasPlaying=IsPaused, isPlaying=IsPlaying, source=Player)
02-01 12:27:15.247  5544  5544 I CS3ExoPlayer: Handle event: RequestAudioFocusEvent(source=Player)
02-01 12:27:15.274  5544  5544 D gralloc_x86: gralloc_alloc: Creating ashmem region of size 16384
02-01 12:27:15.279  5544  5658 D eam3.prereleas: VAddressStream is reused...
02-01 12:27:15.279  5544  5658 D eam3.prereleas: Features: 0 0 0
02-01 12:27:15.279  5544  5658 E eam3.prereleas: vulkan version is 4211013
02-01 12:27:15.280  5544  5658 W OpenGLRenderer: Failed to choose config with EGL_SWAP_BEHAVIOR_PRESERVED, retrying without...
02-01 12:27:15.429  5544  5586 I PreviewImgM3u8: Generating preview for 93
02-01 12:27:15.429  5544  5586 V MediaHTTPService: MediaHTTPService(android.media.MediaHTTPService@d7114ae): Cookies: null
02-01 12:27:15.429  5544  5586 V MediaHTTPService: makeHTTPConnection: CookieHandler (java.net.CookieManager@7ac316) exists.
02-01 12:27:15.429  5544  5586 V MediaHTTPService: makeHTTPConnection(android.media.MediaHTTPService@d7114ae): cookieHandler: java.net.CookieManager@7ac316 Cookies: null
02-01 12:27:15.829  5544  5544 I CS3ExoPlayer: Handle event: PositionEvent(source=UI, fromMs=39993, toMs=49993, durationMs=1430000)
02-01 12:27:15.831  5544  5544 I CS3ExoPlayer: Handle event: StatusEvent(wasPlaying=IsPlaying, isPlaying=IsBuffering, source=Player)
02-01 12:27:15.837  5544  5731 D MediaCodec: keep callback message for reclaim
02-01 12:27:15.838  5544  5544 I CS3ExoPlayer: Handle event: PositionEvent(source=Player, fromMs=49993, toMs=49993, durationMs=1430000)
02-01 12:27:15.839  5544  5544 I CS3ExoPlayer: Handle event: PositionEvent(source=Player, fromMs=49993, toMs=49993, durationMs=1430000)
02-01 12:27:15.842  5544  5753 D CCodecBuffers: [c2.android.aac.decoder#433:1D-Output.Impl[N]] Client returned a buffer it does not own according to our record: 0
02-01 12:27:15.842  5544  5753 D CCodecBuffers: [c2.android.aac.decoder#433:1D-Output.Impl[N]] Client returned a buffer it does not own according to our record: 1
02-01 12:27:15.842  5544  5753 D CCodecBuffers: [c2.android.aac.decoder#433:1D-Output.Impl[N]] Client returned a buffer it does not own according to our record: 2
02-01 12:27:15.842  5544  5731 D MediaCodec: keep callback message for reclaim
02-01 12:27:15.842  5544  5753 I CCodecConfig: query failed after returning 19 values (BAD_INDEX)
02-01 12:27:15.842  5544  5753 W Codec2Client: query -- param skipped: index = 1342179345.
02-01 12:27:15.842  5544  5753 W Codec2Client: query -- param skipped: index = 2415921170.
02-01 12:27:15.842  5544  5753 W Codec2Client: query -- param skipped: index = 1610614798.
02-01 12:27:15.860  5544  5544 D gralloc_x86: gralloc_alloc: Creating ashmem region of size 16384
02-01 12:27:15.878  5544  5544 D gralloc_x86: gralloc_alloc: Creating ashmem region of size 16384
02-01 12:27:15.945  5544  5554 I eam3.prereleas: NativeAlloc concurrent copying GC freed 255688(11MB) AllocSpace objects, 45(1872KB) LOS objects, 33% free, 48MB/72MB, paused 32us,20us total 115.518ms
02-01 12:27:16.165  5544  5544 I CS3ExoPlayer: Handle event: PositionEvent(source=UI, fromMs=49720, toMs=59720, durationMs=1430000)
02-01 12:27:16.169  5544  5731 D MediaCodec: keep callback message for reclaim
02-01 12:27:16.169  5544  5731 D MediaCodec: keep callback message for reclaim
02-01 12:27:16.169  5544  5753 I CCodecConfig: query failed after returning 19 values (BAD_INDEX)
02-01 12:27:16.169  5544  5753 W Codec2Client: query -- param skipped: index = 1342179345.
02-01 12:27:16.169  5544  5753 W Codec2Client: query -- param skipped: index = 2415921170.
02-01 12:27:16.169  5544  5753 W Codec2Client: query -- param skipped: index = 1610614798.
02-01 12:27:16.194  5544  5544 D gralloc_x86: gralloc_alloc: Creating ashmem region of size 16384
02-01 12:27:16.210  5544  5544 D gralloc_x86: gralloc_alloc: Creating ashmem region of size 16384
02-01 12:27:16.298  5544  5725 W chromium: [0201/122716.298124:WARNING:net/spdy/spdy_session.cc:3074] Received HEADERS for invalid stream 21
02-01 12:27:16.406  5544  5753 D BufferPoolAccessor2.0: bufferpool2 0x7b9f84cb3998 : 5(40960 size) total buffers - 4(32768 size) used buffers - 611/616 (recycle/alloc) - 14/605 (fetch/transfer)
02-01 12:27:16.488  5544  5544 I CS3ExoPlayer: Handle event: PositionEvent(source=Player, fromMs=59420, toMs=59420, durationMs=1430000)
02-01 12:27:16.530  5544  5544 I CS3ExoPlayer: Handle event: StatusEvent(wasPlaying=IsPaused, isPlaying=IsPlaying, source=Player)
02-01 12:27:16.536  5544  5544 I CS3ExoPlayer: Handle event: RequestAudioFocusEvent(source=Player)
02-01 12:27:16.540  5544  5544 D MediaRouter: onRestoreRoute() : route=RouteInfo{ name=Phone, description=null, status=null, category=RouteCategory{ name=System types=ROUTE_TYPE_LIVE_AUDIO ROUTE_TYPE_LIVE_VIDEO  groupable=false }, supportedTypes=ROUTE_TYPE_LIVE_AUDIO ROUTE_TYPE_LIVE_VIDEO , presentationDisplay=null }
02-01 12:27:16.540  5544  5544 V MediaRouter: Selecting route: RouteInfo{ name=Phone, description=null, status=null, category=RouteCategory{ name=System types=ROUTE_TYPE_LIVE_AUDIO ROUTE_TYPE_LIVE_VIDEO  groupable=false }, supportedTypes=ROUTE_TYPE_LIVE_AUDIO ROUTE_TYPE_LIVE_VIDEO , presentationDisplay=null }
02-01 12:27:16.541  5544  5882 I CustomDecoder: Parse subtitle, current parser: androidx.media3.extractor.text.webvtt.WebvttParser@bd66a80
02-01 12:27:16.542  5544  5882 I CustomDecoder: Detected encoding with charset UTF-8 and override = null
02-01 12:27:16.542  5544  5882 I CustomDecoder: Subtitle preview: WEBVTT
02-01 12:27:16.542  5544  5882 I CustomDecoder: 
02-01 12:27:16.542  5544  5882 I CustomDecoder: 00:14.580 --> 00:16.95
02-01 12:27:16.542  5544  5882 I CustomDecoder: Parser selected: androidx.media3.extractor.text.webvtt.WebvttParser@bd66a80
02-01 12:27:16.575  5544  5544 D gralloc_x86: gralloc_alloc: Creating ashmem region of size 16384
02-01 12:27:16.635  5544  5586 I PreviewImgM3u8: Generating preview for 114
02-01 12:27:16.635  5544  5586 V MediaHTTPService: MediaHTTPService(android.media.MediaHTTPService@54594ca): Cookies: null
02-01 12:27:16.635  5544  5586 V MediaHTTPService: makeHTTPConnection: CookieHandler (java.net.CookieManager@7ac316) exists.
02-01 12:27:16.635  5544  5586 V MediaHTTPService: makeHTTPConnection(android.media.MediaHTTPService@54594ca): cookieHandler: java.net.CookieManager@7ac316 Cookies: null
02-01 12:27:16.906  5544  5586 D ApiError: -------------------------------------------------------------------
02-01 12:27:16.906  5544  5586 D ApiError: safeApiCall: setDataSource failed: status = 0x80000000
02-01 12:27:16.906  5544  5586 D ApiError: safeApiCall: setDataSource failed: status = 0x80000000
02-01 12:27:16.906  5544  5586 W System.err: java.lang.RuntimeException: setDataSource failed: status = 0x80000000
02-01 12:27:16.906  5544  5586 W System.err: 	at android.media.MediaMetadataRetriever._setDataSource(Native Method)
02-01 12:27:16.906  5544  5586 W System.err: 	at android.media.MediaMetadataRetriever.setDataSource(MediaMetadataRetriever.java:281)
02-01 12:27:16.906  5544  5586 W System.err: 	at com.lagradost.cloudstream3.ui.player.M3u8PreviewGenerator$load$1$1.invokeSuspend(PreviewGenerator.kt:384)
02-01 12:27:16.906  5544  5586 W System.err: 	at kotlin.coroutines.jvm.internal.BaseContinuationImpl.resumeWith(ContinuationImpl.kt:34)
02-01 12:27:16.906  5544  5586 W System.err: 	at kotlinx.coroutines.DispatchedTask.run(DispatchedTask.kt:100)
02-01 12:27:16.906  5544  5586 W System.err: 	at kotlinx.coroutines.internal.LimitedDispatcher$Worker.run(LimitedDispatcher.kt:124)
02-01 12:27:16.906  5544  5586 W System.err: 	at kotlinx.coroutines.scheduling.TaskImpl.run(Tasks.kt:89)
02-01 12:27:16.906  5544  5586 W System.err: 	at kotlinx.coroutines.scheduling.CoroutineScheduler.runSafely(CoroutineScheduler.kt:586)
02-01 12:27:16.906  5544  5586 W System.err: 	at kotlinx.coroutines.scheduling.CoroutineScheduler$Worker.executeTask(CoroutineScheduler.kt:820)
02-01 12:27:16.906  5544  5586 W System.err: 	at kotlinx.coroutines.scheduling.CoroutineScheduler$Worker.runWorker(CoroutineScheduler.kt:717)
02-01 12:27:16.906  5544  5586 W System.err: 	at kotlinx.coroutines.scheduling.CoroutineScheduler$Worker.run(CoroutineScheduler.kt:704)
02-01 12:27:16.906  5544  5586 D ApiError: -------------------------------------------------------------------
02-01 12:27:16.906  5544  5586 I PreviewImgM3u8: Generating preview for 135
02-01 12:27:16.906  5544  5586 V MediaHTTPService: MediaHTTPService(android.media.MediaHTTPService@adf11b3): Cookies: null
02-01 12:27:16.906  5544  5586 V MediaHTTPService: makeHTTPConnection: CookieHandler (java.net.CookieManager@7ac316) exists.
02-01 12:27:16.906  5544  5586 V MediaHTTPService: makeHTTPConnection(android.media.MediaHTTPService@adf11b3): cookieHandler: java.net.CookieManager@7ac316 Cookies: null
02-01 12:27:17.198  5544  5586 D ApiError: -------------------------------------------------------------------
02-01 12:27:17.198  5544  5586 D ApiError: safeApiCall: setDataSource failed: status = 0x80000000
02-01 12:27:17.198  5544  5586 D ApiError: safeApiCall: setDataSource failed: status = 0x80000000
02-01 12:27:17.198  5544  5586 W System.err: java.lang.RuntimeException: setDataSource failed: status = 0x80000000
02-01 12:27:17.198  5544  5586 W System.err: 	at android.media.MediaMetadataRetriever._setDataSource(Native Method)
02-01 12:27:17.198  5544  5586 W System.err: 	at android.media.MediaMetadataRetriever.setDataSource(MediaMetadataRetriever.java:281)
02-01 12:27:17.198  5544  5586 W System.err: 	at com.lagradost.cloudstream3.ui.player.M3u8PreviewGenerator$load$1$1.invokeSuspend(PreviewGenerator.kt:384)
02-01 12:27:17.198  5544  5586 W System.err: 	at kotlin.coroutines.jvm.internal.BaseContinuationImpl.resumeWith(ContinuationImpl.kt:34)
02-01 12:27:17.198  5544  5586 W System.err: 	at kotlinx.coroutines.DispatchedTask.run(DispatchedTask.kt:100)
02-01 12:27:17.198  5544  5586 W System.err: 	at kotlinx.coroutines.internal.LimitedDispatcher$Worker.run(LimitedDispatcher.kt:124)
02-01 12:27:17.198  5544  5586 W System.err: 	at kotlinx.coroutines.scheduling.TaskImpl.run(Tasks.kt:89)
02-01 12:27:17.198  5544  5586 W System.err: 	at kotlinx.coroutines.scheduling.CoroutineScheduler.runSafely(CoroutineScheduler.kt:586)
02-01 12:27:17.198  5544  5586 W System.err: 	at kotlinx.coroutines.scheduling.CoroutineScheduler$Worker.executeTask(CoroutineScheduler.kt:820)
02-01 12:27:17.198  5544  5586 W System.err: 	at kotlinx.coroutines.scheduling.CoroutineScheduler$Worker.runWorker(CoroutineScheduler.kt:717)
02-01 12:27:17.198  5544  5586 W System.err: 	at kotlinx.coroutines.scheduling.CoroutineScheduler$Worker.run(CoroutineScheduler.kt:704)
02-01 12:27:17.198  5544  5586 D ApiError: -------------------------------------------------------------------
02-01 12:27:17.198  5544  5586 I PreviewImgM3u8: Generating preview for 156
02-01 12:27:17.198  5544  5586 V MediaHTTPService: MediaHTTPService(android.media.MediaHTTPService@34606e9): Cookies: null
02-01 12:27:17.198  5544  5586 V MediaHTTPService: makeHTTPConnection: CookieHandler (java.net.CookieManager@7ac316) exists.
02-01 12:27:17.198  5544  5586 V MediaHTTPService: makeHTTPConnection(android.media.MediaHTTPService@34606e9): cookieHandler: java.net.CookieManager@7ac316 Cookies: null
02-01 12:27:17.417  5544  5740 W PesReader: Unexpected start code prefix: 3211627
02-01 12:27:17.417  5544  5740 W PesReader: Unexpected start code prefix: 2163049
02-01 12:27:17.417  5544  5740 W PesReader: Unexpected start code prefix: 0
02-01 12:27:17.729  5544  5586 D ApiError: -------------------------------------------------------------------
02-01 12:27:17.729  5544  5586 D ApiError: safeApiCall: setDataSource failed: status = 0x80000000
02-01 12:27:17.729  5544  5586 D ApiError: safeApiCall: setDataSource failed: status = 0x80000000
02-01 12:27:17.729  5544  5586 W System.err: java.lang.RuntimeException: setDataSource failed: status = 0x80000000
02-01 12:27:17.730  5544  5586 W System.err: 	at android.media.MediaMetadataRetriever._setDataSource(Native Method)
02-01 12:27:17.730  5544  5586 W System.err: 	at android.media.MediaMetadataRetriever.setDataSource(MediaMetadataRetriever.java:281)
02-01 12:27:17.730  5544  5586 W System.err: 	at com.lagradost.cloudstream3.ui.player.M3u8PreviewGenerator$load$1$1.invokeSuspend(PreviewGenerator.kt:384)
02-01 12:27:17.730  5544  5586 W System.err: 	at kotlin.coroutines.jvm.internal.BaseContinuationImpl.resumeWith(ContinuationImpl.kt:34)
02-01 12:27:17.730  5544  5586 W System.err: 	at kotlinx.coroutines.DispatchedTask.run(DispatchedTask.kt:100)
02-01 12:27:17.730  5544  5586 W System.err: 	at kotlinx.coroutines.internal.LimitedDispatcher$Worker.run(LimitedDispatcher.kt:124)
02-01 12:27:17.730  5544  5586 W System.err: 	at kotlinx.coroutines.scheduling.TaskImpl.run(Tasks.kt:89)
02-01 12:27:17.730  5544  5586 W System.err: 	at kotlinx.coroutines.scheduling.CoroutineScheduler.runSafely(CoroutineScheduler.kt:586)
02-01 12:27:17.730  5544  5586 W System.err: 	at kotlinx.coroutines.scheduling.CoroutineScheduler$Worker.executeTask(CoroutineScheduler.kt:820)
02-01 12:27:17.730  5544  5586 W System.err: 	at kotlinx.coroutines.scheduling.CoroutineScheduler$Worker.runWorker(CoroutineScheduler.kt:717)
02-01 12:27:17.730  5544  5586 W System.err: 	at kotlinx.coroutines.scheduling.CoroutineScheduler$Worker.run(CoroutineScheduler.kt:704)
02-01 12:27:17.730  5544  5586 D ApiError: -------------------------------------------------------------------
02-01 12:27:17.730  5544  5586 I PreviewImgM3u8: Generating preview for 177
02-01 12:27:17.730  5544  5586 V MediaHTTPService: MediaHTTPService(android.media.MediaHTTPService@2ef28a5): Cookies: null
02-01 12:27:17.730  5544  5586 V MediaHTTPService: makeHTTPConnection: CookieHandler (java.net.CookieManager@7ac316) exists.
02-01 12:27:17.730  5544  5586 V MediaHTTPService: makeHTTPConnection(android.media.MediaHTTPService@2ef28a5): cookieHandler: java.net.CookieManager@7ac316 Cookies: null
02-01 12:27:18.130  5544  5740 W PesReader: Unexpected start code prefix: 3211643
02-01 12:27:18.130  5544  5740 W PesReader: Unexpected start code prefix: 2163067
02-01 12:27:18.130  5544  5740 W PesReader: Unexpected start code prefix: 0
02-01 12:27:18.252  5544  5586 D ApiError: -------------------------------------------------------------------
02-01 12:27:18.252  5544  5586 D ApiError: safeApiCall: setDataSource failed: status = 0x80000000
02-01 12:27:18.252  5544  5586 D ApiError: safeApiCall: setDataSource failed: status = 0x80000000
02-01 12:27:18.252  5544  5586 W System.err: java.lang.RuntimeException: setDataSource failed: status = 0x80000000
02-01 12:27:18.252  5544  5586 W System.err: 	at android.media.MediaMetadataRetriever._setDataSource(Native Method)
02-01 12:27:18.252  5544  5586 W System.err: 	at android.media.MediaMetadataRetriever.setDataSource(MediaMetadataRetriever.java:281)
02-01 12:27:18.252  5544  5586 W System.err: 	at com.lagradost.cloudstream3.ui.player.M3u8PreviewGenerator$load$1$1.invokeSuspend(PreviewGenerator.kt:384)
02-01 12:27:18.252  5544  5586 W System.err: 	at kotlin.coroutines.jvm.internal.BaseContinuationImpl.resumeWith(ContinuationImpl.kt:34)
02-01 12:27:18.252  5544  5586 W System.err: 	at kotlinx.coroutines.DispatchedTask.run(DispatchedTask.kt:100)
02-01 12:27:18.252  5544  5586 W System.err: 	at kotlinx.coroutines.internal.LimitedDispatcher$Worker.run(LimitedDispatcher.kt:124)
02-01 12:27:18.252  5544  5586 W System.err: 	at kotlinx.coroutines.scheduling.TaskImpl.run(Tasks.kt:89)
02-01 12:27:18.252  5544  5586 W System.err: 	at kotlinx.coroutines.scheduling.CoroutineScheduler.runSafely(CoroutineScheduler.kt:586)
02-01 12:27:18.252  5544  5586 W System.err: 	at kotlinx.coroutines.scheduling.CoroutineScheduler$Worker.executeTask(CoroutineScheduler.kt:820)
02-01 12:27:18.252  5544  5586 W System.err: 	at kotlinx.coroutines.scheduling.CoroutineScheduler$Worker.runWorker(CoroutineScheduler.kt:717)
02-01 12:27:18.252  5544  5586 W System.err: 	at kotlinx.coroutines.scheduling.CoroutineScheduler$Worker.run(CoroutineScheduler.kt:704)
02-01 12:27:18.252  5544  5586 D ApiError: -------------------------------------------------------------------
02-01 12:27:18.252  5544  5586 I PreviewImgM3u8: Generating preview for 197
02-01 12:27:18.252  5544  5586 V MediaHTTPService: MediaHTTPService(android.media.MediaHTTPService@74eaa21): Cookies: null
02-01 12:27:18.252  5544  5586 V MediaHTTPService: makeHTTPConnection: CookieHandler (java.net.CookieManager@7ac316) exists.
02-01 12:27:18.252  5544  5586 V MediaHTTPService: makeHTTPConnection(android.media.MediaHTTPService@74eaa21): cookieHandler: java.net.CookieManager@7ac316 Cookies: null
02-01 12:27:19.084  5544  5740 W PesReader: Unexpected start code prefix: 3211653
02-01 12:27:19.084  5544  5740 W PesReader: Unexpected start code prefix: 2163077
02-01 12:27:19.084  5544  5740 W PesReader: Unexpected start code prefix: 0
02-01 12:27:19.268  5544  5586 I PreviewImgM3u8: Generating preview for 218
02-01 12:27:19.268  5544  5586 V MediaHTTPService: MediaHTTPService(android.media.MediaHTTPService@8afad34): Cookies: null
02-01 12:27:19.268  5544  5586 V MediaHTTPService: makeHTTPConnection: CookieHandler (java.net.CookieManager@7ac316) exists.
02-01 12:27:19.268  5544  5586 V MediaHTTPService: makeHTTPConnection(android.media.MediaHTTPService@8afad34): cookieHandler: java.net.CookieManager@7ac316 Cookies: null
02-01 12:27:19.733  5544  5586 D ApiError: -------------------------------------------------------------------
02-01 12:27:19.733  5544  5586 D ApiError: safeApiCall: setDataSource failed: status = 0x80000000
02-01 12:27:19.733  5544  5586 D ApiError: safeApiCall: setDataSource failed: status = 0x80000000
02-01 12:27:19.733  5544  5586 W System.err: java.lang.RuntimeException: setDataSource failed: status = 0x80000000
02-01 12:27:19.733  5544  5586 W System.err: 	at android.media.MediaMetadataRetriever._setDataSource(Native Method)
02-01 12:27:19.733  5544  5586 W System.err: 	at android.media.MediaMetadataRetriever.setDataSource(MediaMetadataRetriever.java:281)
02-01 12:27:19.733  5544  5586 W System.err: 	at com.lagradost.cloudstream3.ui.player.M3u8PreviewGenerator$load$1$1.invokeSuspend(PreviewGenerator.kt:384)
02-01 12:27:19.733  5544  5586 W System.err: 	at kotlin.coroutines.jvm.internal.BaseContinuationImpl.resumeWith(ContinuationImpl.kt:34)
02-01 12:27:19.733  5544  5586 W System.err: 	at kotlinx.coroutines.DispatchedTask.run(DispatchedTask.kt:100)
02-01 12:27:19.733  5544  5586 W System.err: 	at kotlinx.coroutines.internal.LimitedDispatcher$Worker.run(LimitedDispatcher.kt:124)
02-01 12:27:19.733  5544  5586 W System.err: 	at kotlinx.coroutines.scheduling.TaskImpl.run(Tasks.kt:89)
02-01 12:27:19.733  5544  5586 W System.err: 	at kotlinx.coroutines.scheduling.CoroutineScheduler.runSafely(CoroutineScheduler.kt:586)
02-01 12:27:19.733  5544  5586 W System.err: 	at kotlinx.coroutines.scheduling.CoroutineScheduler$Worker.executeTask(CoroutineScheduler.kt:820)
02-01 12:27:19.733  5544  5586 W System.err: 	at kotlinx.coroutines.scheduling.CoroutineScheduler$Worker.runWorker(CoroutineScheduler.kt:717)
02-01 12:27:19.733  5544  5586 W System.err: 	at kotlinx.coroutines.scheduling.CoroutineScheduler$Worker.run(CoroutineScheduler.kt:704)
02-01 12:27:19.733  5544  5586 D ApiError: -------------------------------------------------------------------
02-01 12:27:19.733  5544  5586 I PreviewImgM3u8: Generating preview for 239
02-01 12:27:19.733  5544  5586 V MediaHTTPService: MediaHTTPService(android.media.MediaHTTPService@50368d2): Cookies: null
02-01 12:27:19.733  5544  5586 V MediaHTTPService: makeHTTPConnection: CookieHandler (java.net.CookieManager@7ac316) exists.
02-01 12:27:19.733  5544  5586 V MediaHTTPService: makeHTTPConnection(android.media.MediaHTTPService@50368d2): cookieHandler: java.net.CookieManager@7ac316 Cookies: null
02-01 12:27:20.317  5544  5586 D ApiError: -------------------------------------------------------------------
02-01 12:27:20.317  5544  5586 D ApiError: safeApiCall: setDataSource failed: status = 0x80000000
02-01 12:27:20.317  5544  5586 D ApiError: safeApiCall: setDataSource failed: status = 0x80000000
02-01 12:27:20.317  5544  5586 W System.err: java.lang.RuntimeException: setDataSource failed: status = 0x80000000
02-01 12:27:20.317  5544  5586 W System.err: 	at android.media.MediaMetadataRetriever._setDataSource(Native Method)
02-01 12:27:20.317  5544  5586 W System.err: 	at android.media.MediaMetadataRetriever.setDataSource(MediaMetadataRetriever.java:281)
02-01 12:27:20.317  5544  5586 W System.err: 	at com.lagradost.cloudstream3.ui.player.M3u8PreviewGenerator$load$1$1.invokeSuspend(PreviewGenerator.kt:384)
02-01 12:27:20.317  5544  5586 W System.err: 	at kotlin.coroutines.jvm.internal.BaseContinuationImpl.resumeWith(ContinuationImpl.kt:34)
02-01 12:27:20.317  5544  5586 W System.err: 	at kotlinx.coroutines.DispatchedTask.run(DispatchedTask.kt:100)
02-01 12:27:20.317  5544  5586 W System.err: 	at kotlinx.coroutines.internal.LimitedDispatcher$Worker.run(LimitedDispatcher.kt:124)
02-01 12:27:20.317  5544  5586 W System.err: 	at kotlinx.coroutines.scheduling.TaskImpl.run(Tasks.kt:89)
02-01 12:27:20.317  5544  5586 W System.err: 	at kotlinx.coroutines.scheduling.CoroutineScheduler.runSafely(CoroutineScheduler.kt:586)
02-01 12:27:20.317  5544  5586 W System.err: 	at kotlinx.coroutines.scheduling.CoroutineScheduler$Worker.executeTask(CoroutineScheduler.kt:820)
02-01 12:27:20.317  5544  5586 W System.err: 	at kotlinx.coroutines.scheduling.CoroutineScheduler$Worker.runWorker(CoroutineScheduler.kt:717)
02-01 12:27:20.317  5544  5586 W System.err: 	at kotlinx.coroutines.scheduling.CoroutineScheduler$Worker.run(CoroutineScheduler.kt:704)
02-01 12:27:20.317  5544  5586 D ApiError: -------------------------------------------------------------------
02-01 12:27:20.317  5544  5586 I PreviewImgM3u8: Generating preview for 260
02-01 12:27:20.317  5544  5586 V MediaHTTPService: MediaHTTPService(android.media.MediaHTTPService@1f17c59): Cookies: null
02-01 12:27:20.317  5544  5586 V MediaHTTPService: makeHTTPConnection: CookieHandler (java.net.CookieManager@7ac316) exists.
02-01 12:27:20.317  5544  5586 V MediaHTTPService: makeHTTPConnection(android.media.MediaHTTPService@1f17c59): cookieHandler: java.net.CookieManager@7ac316 Cookies: null
02-01 12:27:20.403  5544  5740 W PesReader: Unexpected start code prefix: 3211683
02-01 12:27:20.403  5544  5740 W PesReader: Unexpected start code prefix: 2163105
02-01 12:27:20.403  5544  5740 W PesReader: Unexpected start code prefix: 0
02-01 12:27:21.416  5544  5586 D ApiError: -------------------------------------------------------------------
02-01 12:27:21.416  5544  5586 D ApiError: safeApiCall: setDataSource failed: status = 0x80000000
02-01 12:27:21.416  5544  5586 D ApiError: safeApiCall: setDataSource failed: status = 0x80000000
02-01 12:27:21.416  5544  5586 W System.err: java.lang.RuntimeException: setDataSource failed: status = 0x80000000
02-01 12:27:21.416  5544  5586 W System.err: 	at android.media.MediaMetadataRetriever._setDataSource(Native Method)
02-01 12:27:21.416  5544  5586 W System.err: 	at android.media.MediaMetadataRetriever.setDataSource(MediaMetadataRetriever.java:281)
02-01 12:27:21.416  5544  5586 W System.err: 	at com.lagradost.cloudstream3.ui.player.M3u8PreviewGenerator$load$1$1.invokeSuspend(PreviewGenerator.kt:384)
02-01 12:27:21.416  5544  5586 W System.err: 	at kotlin.coroutines.jvm.internal.BaseContinuationImpl.resumeWith(ContinuationImpl.kt:34)
02-01 12:27:21.416  5544  5586 W System.err: 	at kotlinx.coroutines.DispatchedTask.run(DispatchedTask.kt:100)
02-01 12:27:21.417  5544  5586 W System.err: 	at kotlinx.coroutines.internal.LimitedDispatcher$Worker.run(LimitedDispatcher.kt:124)
02-01 12:27:21.417  5544  5586 W System.err: 	at kotlinx.coroutines.scheduling.TaskImpl.run(Tasks.kt:89)
02-01 12:27:21.417  5544  5586 W System.err: 	at kotlinx.coroutines.scheduling.CoroutineScheduler.runSafely(CoroutineScheduler.kt:586)
02-01 12:27:21.417  5544  5586 W System.err: 	at kotlinx.coroutines.scheduling.CoroutineScheduler$Worker.executeTask(CoroutineScheduler.kt:820)
02-01 12:27:21.417  5544  5586 W System.err: 	at kotlinx.coroutines.scheduling.CoroutineScheduler$Worker.runWorker(CoroutineScheduler.kt:717)
02-01 12:27:21.417  5544  5586 W System.err: 	at kotlinx.coroutines.scheduling.CoroutineScheduler$Worker.run(CoroutineScheduler.kt:704)
02-01 12:27:21.417  5544  5586 D ApiError: -------------------------------------------------------------------
02-01 12:27:21.417  5544  5586 I PreviewImgM3u8: Generating preview for 281
02-01 12:27:21.417  5544  5586 V MediaHTTPService: MediaHTTPService(android.media.MediaHTTPService@c348515): Cookies: null
02-01 12:27:21.417  5544  5586 V MediaHTTPService: makeHTTPConnection: CookieHandler (java.net.CookieManager@7ac316) exists.
02-01 12:27:21.417  5544  5586 V MediaHTTPService: makeHTTPConnection(android.media.MediaHTTPService@c348515): cookieHandler: java.net.CookieManager@7ac316 Cookies: null
02-01 12:27:21.742  5544  5740 W PesReader: Unexpected start code prefix: 3211715
02-01 12:27:21.742  5544  5740 W PesReader: Unexpected start code prefix: 2163139
02-01 12:27:21.742  5544  5740 W PesReader: Unexpected start code prefix: 0
02-01 12:27:21.797  5544  5753 D BufferPoolAccessor2.0: bufferpool2 0x7b9f84cb3998 : 5(40960 size) total buffers - 1(8192 size) used buffers - 874/879 (recycle/alloc) - 14/870 (fetch/transfer)
02-01 12:27:21.845  5544  5586 D ApiError: -------------------------------------------------------------------
02-01 12:27:21.845  5544  5586 D ApiError: safeApiCall: setDataSource failed: status = 0x80000000
02-01 12:27:21.845  5544  5586 D ApiError: safeApiCall: setDataSource failed: status = 0x80000000
02-01 12:27:21.845  5544  5586 W System.err: java.lang.RuntimeException: setDataSource failed: status = 0x80000000
02-01 12:27:21.845  5544  5586 W System.err: 	at android.media.MediaMetadataRetriever._setDataSource(Native Method)
02-01 12:27:21.845  5544  5586 W System.err: 	at android.media.MediaMetadataRetriever.setDataSource(MediaMetadataRetriever.java:281)
02-01 12:27:21.845  5544  5586 W System.err: 	at com.lagradost.cloudstream3.ui.player.M3u8PreviewGenerator$load$1$1.invokeSuspend(PreviewGenerator.kt:384)
02-01 12:27:21.845  5544  5586 W System.err: 	at kotlin.coroutines.jvm.internal.BaseContinuationImpl.resumeWith(ContinuationImpl.kt:34)
02-01 12:27:21.845  5544  5586 W System.err: 	at kotlinx.coroutines.DispatchedTask.run(DispatchedTask.kt:100)
02-01 12:27:21.845  5544  5586 W System.err: 	at kotlinx.coroutines.internal.LimitedDispatcher$Worker.run(LimitedDispatcher.kt:124)
02-01 12:27:21.845  5544  5586 W System.err: 	at kotlinx.coroutines.scheduling.TaskImpl.run(Tasks.kt:89)
02-01 12:27:21.845  5544  5586 W System.err: 	at kotlinx.coroutines.scheduling.CoroutineScheduler.runSafely(CoroutineScheduler.kt:586)
02-01 12:27:21.845  5544  5586 W System.err: 	at kotlinx.coroutines.scheduling.CoroutineScheduler$Worker.executeTask(CoroutineScheduler.kt:820)
02-01 12:27:21.845  5544  5586 W System.err: 	at kotlinx.coroutines.scheduling.CoroutineScheduler$Worker.runWorker(CoroutineScheduler.kt:717)
02-01 12:27:21.845  5544  5586 W System.err: 	at kotlinx.coroutines.scheduling.CoroutineScheduler$Worker.run(CoroutineScheduler.kt:704)
02-01 12:27:21.845  5544  5586 D ApiError: -------------------------------------------------------------------
02-01 12:27:21.845  5544  5586 I PreviewImgM3u8: Generating preview for 302
02-01 12:27:21.845  5544  5586 V MediaHTTPService: MediaHTTPService(android.media.MediaHTTPService@522abb8): Cookies: null
02-01 12:27:21.845  5544  5586 V MediaHTTPService: makeHTTPConnection: CookieHandler (java.net.CookieManager@7ac316) exists.
02-01 12:27:21.845  5544  5586 V MediaHTTPService: makeHTTPConnection(android.media.MediaHTTPService@522abb8): cookieHandler: java.net.CookieManager@7ac316 Cookies: null
02-01 12:27:23.720  5544  5586 I PreviewImgM3u8: Generating preview for 323
02-01 12:27:23.720  5544  5586 V MediaHTTPService: MediaHTTPService(android.media.MediaHTTPService@4d134f6): Cookies: null
02-01 12:27:23.720  5544  5586 V MediaHTTPService: makeHTTPConnection: CookieHandler (java.net.CookieManager@7ac316) exists.
02-01 12:27:23.720  5544  5586 V MediaHTTPService: makeHTTPConnection(android.media.MediaHTTPService@4d134f6): cookieHandler: java.net.CookieManager@7ac316 Cookies: null
02-01 12:27:23.787  5544  5740 W PesReader: Unexpected start code prefix: 3211771
02-01 12:27:23.787  5544  5740 W PesReader: Unexpected start code prefix: 2163193
02-01 12:27:23.787  5544  5740 W PesReader: Unexpected start code prefix: 0
02-01 12:27:23.984  5544  5586 D ApiError: -------------------------------------------------------------------
02-01 12:27:23.984  5544  5586 D ApiError: safeApiCall: setDataSource failed: status = 0x80000000
02-01 12:27:23.984  5544  5586 D ApiError: safeApiCall: setDataSource failed: status = 0x80000000
02-01 12:27:23.984  5544  5586 W System.err: java.lang.RuntimeException: setDataSource failed: status = 0x80000000
02-01 12:27:23.984  5544  5586 W System.err: 	at android.media.MediaMetadataRetriever._setDataSource(Native Method)
02-01 12:27:23.984  5544  5586 W System.err: 	at android.media.MediaMetadataRetriever.setDataSource(MediaMetadataRetriever.java:281)
02-01 12:27:23.984  5544  5586 W System.err: 	at com.lagradost.cloudstream3.ui.player.M3u8PreviewGenerator$load$1$1.invokeSuspend(PreviewGenerator.kt:384)
02-01 12:27:23.984  5544  5586 W System.err: 	at kotlin.coroutines.jvm.internal.BaseContinuationImpl.resumeWith(ContinuationImpl.kt:34)
02-01 12:27:23.984  5544  5586 W System.err: 	at kotlinx.coroutines.DispatchedTask.run(DispatchedTask.kt:100)
02-01 12:27:23.984  5544  5586 W System.err: 	at kotlinx.coroutines.internal.LimitedDispatcher$Worker.run(LimitedDispatcher.kt:124)
02-01 12:27:23.984  5544  5586 W System.err: 	at kotlinx.coroutines.scheduling.TaskImpl.run(Tasks.kt:89)
02-01 12:27:23.984  5544  5586 W System.err: 	at kotlinx.coroutines.scheduling.CoroutineScheduler.runSafely(CoroutineScheduler.kt:586)
02-01 12:27:23.984  5544  5586 W System.err: 	at kotlinx.coroutines.scheduling.CoroutineScheduler$Worker.executeTask(CoroutineScheduler.kt:820)
02-01 12:27:23.984  5544  5586 W System.err: 	at kotlinx.coroutines.scheduling.CoroutineScheduler$Worker.runWorker(CoroutineScheduler.kt:717)
02-01 12:27:23.985  5544  5586 W System.err: 	at kotlinx.coroutines.scheduling.CoroutineScheduler$Worker.run(CoroutineScheduler.kt:704)
02-01 12:27:23.985  5544  5586 D ApiError: -------------------------------------------------------------------
02-01 12:27:23.985  5544  5586 I PreviewImgM3u8: Generating preview for 5
02-01 12:27:23.985  5544  5586 V MediaHTTPService: MediaHTTPService(android.media.MediaHTTPService@df141cd): Cookies: null
02-01 12:27:23.985  5544  5586 V MediaHTTPService: makeHTTPConnection: CookieHandler (java.net.CookieManager@7ac316) exists.
02-01 12:27:23.985  5544  5586 V MediaHTTPService: makeHTTPConnection(android.media.MediaHTTPService@df141cd): cookieHandler: java.net.CookieManager@7ac316 Cookies: null
02-01 12:27:24.721  5544  5740 W PesReader: Unexpected start code prefix: 3211785
02-01 12:27:24.721  5544  5740 W PesReader: Unexpected start code prefix: 2163209
02-01 12:27:24.721  5544  5740 W PesReader: Unexpected start code prefix: 0
02-01 12:27:25.092  5544  5586 I PreviewImgM3u8: Generating preview for 15
02-01 12:27:25.092  5544  5586 V MediaHTTPService: MediaHTTPService(android.media.MediaHTTPService@339d0): Cookies: null
02-01 12:27:25.092  5544  5586 V MediaHTTPService: makeHTTPConnection: CookieHandler (java.net.CookieManager@7ac316) exists.
02-01 12:27:25.092  5544  5586 V MediaHTTPService: makeHTTPConnection(android.media.MediaHTTPService@339d0): cookieHandler: java.net.CookieManager@7ac316 Cookies: null
02-01 12:27:25.247  5544  5586 D ApiError: -------------------------------------------------------------------
02-01 12:27:25.247  5544  5586 D ApiError: safeApiCall: setDataSource failed: status = 0x80000000
02-01 12:27:25.247  5544  5586 D ApiError: safeApiCall: setDataSource failed: status = 0x80000000
02-01 12:27:25.247  5544  5586 W System.err: java.lang.RuntimeException: setDataSource failed: status = 0x80000000
02-01 12:27:25.248  5544  5586 W System.err: 	at android.media.MediaMetadataRetriever._setDataSource(Native Method)
02-01 12:27:25.248  5544  5586 W System.err: 	at android.media.MediaMetadataRetriever.setDataSource(MediaMetadataRetriever.java:281)
02-01 12:27:25.248  5544  5586 W System.err: 	at com.lagradost.cloudstream3.ui.player.M3u8PreviewGenerator$load$1$1.invokeSuspend(PreviewGenerator.kt:384)
02-01 12:27:25.248  5544  5586 W System.err: 	at kotlin.coroutines.jvm.internal.BaseContinuationImpl.resumeWith(ContinuationImpl.kt:34)
02-01 12:27:25.248  5544  5586 W System.err: 	at kotlinx.coroutines.DispatchedTask.run(DispatchedTask.kt:100)
02-01 12:27:25.248  5544  5586 W System.err: 	at kotlinx.coroutines.internal.LimitedDispatcher$Worker.run(LimitedDispatcher.kt:124)
02-01 12:27:25.248  5544  5586 W System.err: 	at kotlinx.coroutines.scheduling.TaskImpl.run(Tasks.kt:89)
02-01 12:27:25.248  5544  5586 W System.err: 	at kotlinx.coroutines.scheduling.CoroutineScheduler.runSafely(CoroutineScheduler.kt:586)
02-01 12:27:25.248  5544  5586 W System.err: 	at kotlinx.coroutines.scheduling.CoroutineScheduler$Worker.executeTask(CoroutineScheduler.kt:820)
02-01 12:27:25.248  5544  5586 W System.err: 	at kotlinx.coroutines.scheduling.CoroutineScheduler$Worker.runWorker(CoroutineScheduler.kt:717)
02-01 12:27:25.248  5544  5586 W System.err: 	at kotlinx.coroutines.scheduling.CoroutineScheduler$Worker.run(CoroutineScheduler.kt:704)
02-01 12:27:25.248  5544  5586 D ApiError: -------------------------------------------------------------------
02-01 12:27:25.248  5544  5586 I PreviewImgM3u8: Generating preview for 25
02-01 12:27:25.248  5544  5586 V MediaHTTPService: MediaHTTPService(android.media.MediaHTTPService@b95ecce): Cookies: null
02-01 12:27:25.248  5544  5586 V MediaHTTPService: makeHTTPConnection: CookieHandler (java.net.CookieManager@7ac316) exists.
02-01 12:27:25.248  5544  5586 V MediaHTTPService: makeHTTPConnection(android.media.MediaHTTPService@b95ecce): cookieHandler: java.net.CookieManager@7ac316 Cookies: null
02-01 12:27:26.145  5544  5740 W PesReader: Unexpected start code prefix: 3211805
02-01 12:27:26.145  5544  5740 W PesReader: Unexpected start code prefix: 2163229
02-01 12:27:26.145  5544  5740 W PesReader: Unexpected start code prefix: 0
02-01 12:27:26.150  5544  5586 D ApiError: -------------------------------------------------------------------
02-01 12:27:26.150  5544  5586 D ApiError: safeApiCall: setDataSource failed: status = 0x80000000
02-01 12:27:26.150  5544  5586 D ApiError: safeApiCall: setDataSource failed: status = 0x80000000
02-01 12:27:26.150  5544  5586 W System.err: java.lang.RuntimeException: setDataSource failed: status = 0x80000000
02-01 12:27:26.150  5544  5586 W System.err: 	at android.media.MediaMetadataRetriever._setDataSource(Native Method)
02-01 12:27:26.150  5544  5586 W System.err: 	at android.media.MediaMetadataRetriever.setDataSource(MediaMetadataRetriever.java:281)
02-01 12:27:26.150  5544  5586 W System.err: 	at com.lagradost.cloudstream3.ui.player.M3u8PreviewGenerator$load$1$1.invokeSuspend(PreviewGenerator.kt:384)
02-01 12:27:26.150  5544  5586 W System.err: 	at kotlin.coroutines.jvm.internal.BaseContinuationImpl.resumeWith(ContinuationImpl.kt:34)
02-01 12:27:26.150  5544  5586 W System.err: 	at kotlinx.coroutines.DispatchedTask.run(DispatchedTask.kt:100)
02-01 12:27:26.150  5544  5586 W System.err: 	at kotlinx.coroutines.internal.LimitedDispatcher$Worker.run(LimitedDispatcher.kt:124)
02-01 12:27:26.150  5544  5586 W System.err: 	at kotlinx.coroutines.scheduling.TaskImpl.run(Tasks.kt:89)
02-01 12:27:26.150  5544  5586 W System.err: 	at kotlinx.coroutines.scheduling.CoroutineScheduler.runSafely(CoroutineScheduler.kt:586)
02-01 12:27:26.150  5544  5586 W System.err: 	at kotlinx.coroutines.scheduling.CoroutineScheduler$Worker.executeTask(CoroutineScheduler.kt:820)
02-01 12:27:26.150  5544  5586 W System.err: 	at kotlinx.coroutines.scheduling.CoroutineScheduler$Worker.runWorker(CoroutineScheduler.kt:717)
02-01 12:27:26.150  5544  5586 W System.err: 	at kotlinx.coroutines.scheduling.CoroutineScheduler$Worker.run(CoroutineScheduler.kt:704)
02-01 12:27:26.150  5544  5586 D ApiError: -------------------------------------------------------------------
02-01 12:27:26.150  5544  5586 I PreviewImgM3u8: Generating preview for 36
02-01 12:27:26.150  5544  5586 V MediaHTTPService: MediaHTTPService(android.media.MediaHTTPService@281dd85): Cookies: null
02-01 12:27:26.150  5544  5586 V MediaHTTPService: makeHTTPConnection: CookieHandler (java.net.CookieManager@7ac316) exists.
02-01 12:27:26.150  5544  5586 V MediaHTTPService: makeHTTPConnection(android.media.MediaHTTPService@281dd85): cookieHandler: java.net.CookieManager@7ac316 Cookies: null
02-01 12:27:26.832  5544  5586 D ApiError: -------------------------------------------------------------------
02-01 12:27:26.832  5544  5586 D ApiError: safeApiCall: setDataSource failed: status = 0x80000000
02-01 12:27:26.832  5544  5586 D ApiError: safeApiCall: setDataSource failed: status = 0x80000000
02-01 12:27:26.832  5544  5586 W System.err: java.lang.RuntimeException: setDataSource failed: status = 0x80000000
02-01 12:27:26.833  5544  5586 W System.err: 	at android.media.MediaMetadataRetriever._setDataSource(Native Method)
02-01 12:27:26.833  5544  5586 W System.err: 	at android.media.MediaMetadataRetriever.setDataSource(MediaMetadataRetriever.java:281)
02-01 12:27:26.833  5544  5586 W System.err: 	at com.lagradost.cloudstream3.ui.player.M3u8PreviewGenerator$load$1$1.invokeSuspend(PreviewGenerator.kt:384)
02-01 12:27:26.833  5544  5586 W System.err: 	at kotlin.coroutines.jvm.internal.BaseContinuationImpl.resumeWith(ContinuationImpl.kt:34)
02-01 12:27:26.833  5544  5586 W System.err: 	at kotlinx.coroutines.DispatchedTask.run(DispatchedTask.kt:100)
02-01 12:27:26.833  5544  5586 W System.err: 	at kotlinx.coroutines.internal.LimitedDispatcher$Worker.run(LimitedDispatcher.kt:124)
02-01 12:27:26.833  5544  5586 W System.err: 	at kotlinx.coroutines.scheduling.TaskImpl.run(Tasks.kt:89)
02-01 12:27:26.833  5544  5586 W System.err: 	at kotlinx.coroutines.scheduling.CoroutineScheduler.runSafely(CoroutineScheduler.kt:586)
02-01 12:27:26.833  5544  5586 W System.err: 	at kotlinx.coroutines.scheduling.CoroutineScheduler$Worker.executeTask(CoroutineScheduler.kt:820)
02-01 12:27:26.833  5544  5586 W System.err: 	at kotlinx.coroutines.scheduling.CoroutineScheduler$Worker.runWorker(CoroutineScheduler.kt:717)
02-01 12:27:26.833  5544  5586 W System.err: 	at kotlinx.coroutines.scheduling.CoroutineScheduler$Worker.run(CoroutineScheduler.kt:704)
02-01 12:27:26.833  5544  5586 D ApiError: -------------------------------------------------------------------
02-01 12:27:26.833  5544  5586 I PreviewImgM3u8: Generating preview for 46
02-01 12:27:26.833  5544  5586 V MediaHTTPService: MediaHTTPService(android.media.MediaHTTPService@57472e8): Cookies: null
02-01 12:27:26.833  5544  5586 V MediaHTTPService: makeHTTPConnection: CookieHandler (java.net.CookieManager@7ac316) exists.
02-01 12:27:26.833  5544  5586 V MediaHTTPService: makeHTTPConnection(android.media.MediaHTTPService@57472e8): cookieHandler: java.net.CookieManager@7ac316 Cookies: null
02-01 12:27:27.101  5544  5753 D BufferPoolAccessor2.0: bufferpool2 0x7b9f84cb3998 : 5(40960 size) total buffers - 1(8192 size) used buffers - 1123/1128 (recycle/alloc) - 14/1119 (fetch/transfer)
02-01 12:27:28.617  5544  5740 W PesReader: Unexpected start code prefix: 3211843
02-01 12:27:28.617  5544  5740 W PesReader: Unexpected start code prefix: 2163267
02-01 12:27:28.617  5544  5740 W PesReader: Unexpected start code prefix: 0
02-01 12:27:29.869  5544  5586 I PreviewImgM3u8: Generating preview for 57
02-01 12:27:29.869  5544  5586 V MediaHTTPService: MediaHTTPService(android.media.MediaHTTPService@203c5e7): Cookies: null
02-01 12:27:29.869  5544  5586 V MediaHTTPService: makeHTTPConnection: CookieHandler (java.net.CookieManager@7ac316) exists.
02-01 12:27:29.869  5544  5586 V MediaHTTPService: makeHTTPConnection(android.media.MediaHTTPService@203c5e7): cookieHandler: java.net.CookieManager@7ac316 Cookies: null
02-01 12:27:31.443  5544  5586 D ApiError: -------------------------------------------------------------------
02-01 12:27:31.444  5544  5586 D ApiError: safeApiCall: setDataSource failed: status = 0x80000000
02-01 12:27:31.444  5544  5586 D ApiError: safeApiCall: setDataSource failed: status = 0x80000000
02-01 12:27:31.444  5544  5586 W System.err: java.lang.RuntimeException: setDataSource failed: status = 0x80000000
02-01 12:27:31.444  5544  5586 W System.err: 	at android.media.MediaMetadataRetriever._setDataSource(Native Method)
02-01 12:27:31.444  5544  5586 W System.err: 	at android.media.MediaMetadataRetriever.setDataSource(MediaMetadataRetriever.java:281)
02-01 12:27:31.444  5544  5586 W System.err: 	at com.lagradost.cloudstream3.ui.player.M3u8PreviewGenerator$load$1$1.invokeSuspend(PreviewGenerator.kt:384)
02-01 12:27:31.444  5544  5586 W System.err: 	at kotlin.coroutines.jvm.internal.BaseContinuationImpl.resumeWith(ContinuationImpl.kt:34)
02-01 12:27:31.444  5544  5586 W System.err: 	at kotlinx.coroutines.DispatchedTask.run(DispatchedTask.kt:100)
02-01 12:27:31.444  5544  5586 W System.err: 	at kotlinx.coroutines.internal.LimitedDispatcher$Worker.run(LimitedDispatcher.kt:124)
02-01 12:27:31.444  5544  5586 W System.err: 	at kotlinx.coroutines.scheduling.TaskImpl.run(Tasks.kt:89)
02-01 12:27:31.444  5544  5586 W System.err: 	at kotlinx.coroutines.scheduling.CoroutineScheduler.runSafely(CoroutineScheduler.kt:586)
02-01 12:27:31.444  5544  5586 W System.err: 	at kotlinx.coroutines.scheduling.CoroutineScheduler$Worker.executeTask(CoroutineScheduler.kt:820)
02-01 12:27:31.444  5544  5586 W System.err: 	at kotlinx.coroutines.scheduling.CoroutineScheduler$Worker.runWorker(CoroutineScheduler.kt:717)
02-01 12:27:31.444  5544  5586 W System.err: 	at kotlinx.coroutines.scheduling.CoroutineScheduler$Worker.run(CoroutineScheduler.kt:704)
02-01 12:27:31.444  5544  5586 D ApiError: -------------------------------------------------------------------
02-01 12:27:31.444  5544  5586 I PreviewImgM3u8: Generating preview for 67
02-01 12:27:31.444  5544  5586 V MediaHTTPService: MediaHTTPService(android.media.MediaHTTPService@6a3383d): Cookies: null
02-01 12:27:31.444  5544  5586 V MediaHTTPService: makeHTTPConnection: CookieHandler (java.net.CookieManager@7ac316) exists.
02-01 12:27:31.444  5544  5586 V MediaHTTPService: makeHTTPConnection(android.media.MediaHTTPService@6a3383d): cookieHandler: java.net.CookieManager@7ac316 Cookies: null
02-01 12:27:31.493  5544  5740 W PesReader: Unexpected start code prefix: 3211877
02-01 12:27:31.493  5544  5740 W PesReader: Unexpected start code prefix: 2163301
02-01 12:27:31.493  5544  5740 W PesReader: Unexpected start code prefix: 0
02-01 12:27:32.420  5544  5753 D BufferPoolAccessor2.0: bufferpool2 0x7b9f84cb3998 : 5(40960 size) total buffers - 1(8192 size) used buffers - 1372/1377 (recycle/alloc) - 14/1368 (fetch/transfer)
02-01 12:27:32.529  5544  5586 D ApiError: -------------------------------------------------------------------
02-01 12:27:32.529  5544  5586 D ApiError: safeApiCall: setDataSource failed: status = 0x80000000
02-01 12:27:32.529  5544  5586 D ApiError: safeApiCall: setDataSource failed: status = 0x80000000
02-01 12:27:32.529  5544  5586 W System.err: java.lang.RuntimeException: setDataSource failed: status = 0x80000000
02-01 12:27:32.529  5544  5586 W System.err: 	at android.media.MediaMetadataRetriever._setDataSource(Native Method)
02-01 12:27:32.529  5544  5586 W System.err: 	at android.media.MediaMetadataRetriever.setDataSource(MediaMetadataRetriever.java:281)
02-01 12:27:32.529  5544  5586 W System.err: 	at com.lagradost.cloudstream3.ui.player.M3u8PreviewGenerator$load$1$1.invokeSuspend(PreviewGenerator.kt:384)
02-01 12:27:32.529  5544  5586 W System.err: 	at kotlin.coroutines.jvm.internal.BaseContinuationImpl.resumeWith(ContinuationImpl.kt:34)
02-01 12:27:32.529  5544  5586 W System.err: 	at kotlinx.coroutines.DispatchedTask.run(DispatchedTask.kt:100)
02-01 12:27:32.529  5544  5586 W System.err: 	at kotlinx.coroutines.internal.LimitedDispatcher$Worker.run(LimitedDispatcher.kt:124)
02-01 12:27:32.529  5544  5586 W System.err: 	at kotlinx.coroutines.scheduling.TaskImpl.run(Tasks.kt:89)
02-01 12:27:32.529  5544  5586 W System.err: 	at kotlinx.coroutines.scheduling.CoroutineScheduler.runSafely(CoroutineScheduler.kt:586)
02-01 12:27:32.529  5544  5586 W System.err: 	at kotlinx.coroutines.scheduling.CoroutineScheduler$Worker.executeTask(CoroutineScheduler.kt:820)
02-01 12:27:32.529  5544  5586 W System.err: 	at kotlinx.coroutines.scheduling.CoroutineScheduler$Worker.runWorker(CoroutineScheduler.kt:717)
02-01 12:27:32.529  5544  5586 W System.err: 	at kotlinx.coroutines.scheduling.CoroutineScheduler$Worker.run(CoroutineScheduler.kt:704)
02-01 12:27:32.529  5544  5586 D ApiError: -------------------------------------------------------------------
02-01 12:27:32.529  5544  5586 I PreviewImgM3u8: Generating preview for 78
02-01 12:27:32.529  5544  5586 V MediaHTTPService: MediaHTTPService(android.media.MediaHTTPService@7901b39): Cookies: null
02-01 12:27:32.530  5544  5586 V MediaHTTPService: makeHTTPConnection: CookieHandler (java.net.CookieManager@7ac316) exists.
02-01 12:27:32.530  5544  5586 V MediaHTTPService: makeHTTPConnection(android.media.MediaHTTPService@7901b39): cookieHandler: java.net.CookieManager@7ac316 Cookies: null
02-01 12:27:33.491  5544  5740 W PesReader: Unexpected start code prefix: 3211903
02-01 12:27:33.491  5544  5740 W PesReader: Unexpected start code prefix: 2163327
02-01 12:27:33.491  5544  5740 W PesReader: Unexpected start code prefix: 0
02-01 12:27:34.166  5544  5586 I PreviewImgM3u8: Generating preview for 88
02-01 12:27:34.166  5544  5586 V MediaHTTPService: MediaHTTPService(android.media.MediaHTTPService@eba432c): Cookies: null
02-01 12:27:34.166  5544  5586 V MediaHTTPService: makeHTTPConnection: CookieHandler (java.net.CookieManager@7ac316) exists.
02-01 12:27:34.166  5544  5586 V MediaHTTPService: makeHTTPConnection(android.media.MediaHTTPService@eba432c): cookieHandler: java.net.CookieManager@7ac316 Cookies: null
