--------- beginning of main
01-31 20:37:55.464 13813 13882 W System.err: 	at kotlin.coroutines.jvm.internal.BaseContinuationImpl.resumeWith(ContinuationImpl.kt:34)
01-31 20:37:55.464 13813 13882 W System.err: 	at kotlinx.coroutines.DispatchedTask.run(DispatchedTask.kt:100)
01-31 20:37:55.464 13813 13882 W System.err: 	at kotlinx.coroutines.internal.LimitedDispatcher$Worker.run(LimitedDispatcher.kt:124)
01-31 20:37:55.464 13813 13882 W System.err: 	at kotlinx.coroutines.scheduling.TaskImpl.run(Tasks.kt:89)
01-31 20:37:55.464 13813 13882 W System.err: 	at kotlinx.coroutines.scheduling.CoroutineScheduler.runSafely(CoroutineScheduler.kt:586)
01-31 20:37:55.464 13813 13882 W System.err: 	at kotlinx.coroutines.scheduling.CoroutineScheduler$Worker.executeTask(CoroutineScheduler.kt:820)
01-31 20:37:55.464 13813 13882 W System.err: 	at kotlinx.coroutines.scheduling.CoroutineScheduler$Worker.runWorker(CoroutineScheduler.kt:717)
01-31 20:37:55.464 13813 13882 W System.err: 	at kotlinx.coroutines.scheduling.CoroutineScheduler$Worker.run(CoroutineScheduler.kt:704)
01-31 20:37:55.464 13813 13882 D ApiError: -------------------------------------------------------------------
01-31 20:37:55.464 13813 13882 I PreviewImgM3u8: Generating preview for 190
01-31 20:37:55.464 13813 13882 V MediaHTTPService: MediaHTTPService(android.media.MediaHTTPService@2489607): Cookies: null
01-31 20:37:55.464 13813 13882 V MediaHTTPService: makeHTTPConnection: CookieHandler (java.net.CookieManager@bf0abe) exists.
01-31 20:37:55.464 13813 13882 V MediaHTTPService: makeHTTPConnection(android.media.MediaHTTPService@2489607): cookieHandler: java.net.CookieManager@bf0abe Cookies: null
01-31 20:37:55.705 13813 14020 W PesReader: Unexpected start code prefix: 3213189
01-31 20:37:55.706 13813 14020 W PesReader: Unexpected start code prefix: 2164613
01-31 20:37:55.706 13813 14020 W PesReader: Unexpected start code prefix: 0
01-31 20:37:56.160 13813 13882 I PreviewImgM3u8: Generating preview for 199
01-31 20:37:56.161 13813 13882 V MediaHTTPService: MediaHTTPService(android.media.MediaHTTPService@c4fd55d): Cookies: null
01-31 20:37:56.161 13813 13882 V MediaHTTPService: makeHTTPConnection: CookieHandler (java.net.CookieManager@bf0abe) exists.
01-31 20:37:56.161 13813 13882 V MediaHTTPService: makeHTTPConnection(android.media.MediaHTTPService@c4fd55d): cookieHandler: java.net.CookieManager@bf0abe Cookies: null
01-31 20:37:56.313 13813 13882 D ApiError: -------------------------------------------------------------------
01-31 20:37:56.313 13813 13882 D ApiError: safeApiCall: setDataSource failed: status = 0x80000000
01-31 20:37:56.313 13813 13882 D ApiError: safeApiCall: setDataSource failed: status = 0x80000000
01-31 20:37:56.313 13813 13882 W System.err: java.lang.RuntimeException: setDataSource failed: status = 0x80000000
01-31 20:37:56.313 13813 13882 W System.err: 	at android.media.MediaMetadataRetriever._setDataSource(Native Method)
01-31 20:37:56.313 13813 13882 W System.err: 	at android.media.MediaMetadataRetriever.setDataSource(MediaMetadataRetriever.java:281)
01-31 20:37:56.313 13813 13882 W System.err: 	at com.lagradost.cloudstream3.ui.player.M3u8PreviewGenerator$load$1$1.invokeSuspend(PreviewGenerator.kt:384)
01-31 20:37:56.313 13813 13882 W System.err: 	at kotlin.coroutines.jvm.internal.BaseContinuationImpl.resumeWith(ContinuationImpl.kt:34)
01-31 20:37:56.313 13813 13882 W System.err: 	at kotlinx.coroutines.DispatchedTask.run(DispatchedTask.kt:100)
01-31 20:37:56.313 13813 13882 W System.err: 	at kotlinx.coroutines.internal.LimitedDispatcher$Worker.run(LimitedDispatcher.kt:124)
01-31 20:37:56.313 13813 13882 W System.err: 	at kotlinx.coroutines.scheduling.TaskImpl.run(Tasks.kt:89)
01-31 20:37:56.313 13813 13882 W System.err: 	at kotlinx.coroutines.scheduling.CoroutineScheduler.runSafely(CoroutineScheduler.kt:586)
01-31 20:37:56.313 13813 13882 W System.err: 	at kotlinx.coroutines.scheduling.CoroutineScheduler$Worker.executeTask(CoroutineScheduler.kt:820)
01-31 20:37:56.313 13813 13882 W System.err: 	at kotlinx.coroutines.scheduling.CoroutineScheduler$Worker.runWorker(CoroutineScheduler.kt:717)
01-31 20:37:56.313 13813 13882 W System.err: 	at kotlinx.coroutines.scheduling.CoroutineScheduler$Worker.run(CoroutineScheduler.kt:704)
01-31 20:37:56.314 13813 13882 D ApiError: -------------------------------------------------------------------
01-31 20:37:56.314 13813 13882 I PreviewImgM3u8: Generating preview for 208
01-31 20:37:56.314 13813 13882 V MediaHTTPService: MediaHTTPService(android.media.MediaHTTPService@5ce8ba3): Cookies: null
01-31 20:37:56.314 13813 13882 V MediaHTTPService: makeHTTPConnection: CookieHandler (java.net.CookieManager@bf0abe) exists.
01-31 20:37:56.314 13813 13882 V MediaHTTPService: makeHTTPConnection(android.media.MediaHTTPService@5ce8ba3): cookieHandler: java.net.CookieManager@bf0abe Cookies: null
01-31 20:37:56.877 13813 13882 I PreviewImgM3u8: Generating preview for 218
01-31 20:37:56.877 13813 13882 V MediaHTTPService: MediaHTTPService(android.media.MediaHTTPService@8b96a59): Cookies: null
01-31 20:37:56.877 13813 13882 V MediaHTTPService: makeHTTPConnection: CookieHandler (java.net.CookieManager@bf0abe) exists.
01-31 20:37:56.877 13813 13882 V MediaHTTPService: makeHTTPConnection(android.media.MediaHTTPService@8b96a59): cookieHandler: java.net.CookieManager@bf0abe Cookies: null
01-31 20:37:57.045 13813 13882 D ApiError: -------------------------------------------------------------------
01-31 20:37:57.045 13813 13882 D ApiError: safeApiCall: setDataSource failed: status = 0x80000000
01-31 20:37:57.045 13813 13882 D ApiError: safeApiCall: setDataSource failed: status = 0x80000000
01-31 20:37:57.045 13813 13882 W System.err: java.lang.RuntimeException: setDataSource failed: status = 0x80000000
01-31 20:37:57.045 13813 13882 W System.err: 	at android.media.MediaMetadataRetriever._setDataSource(Native Method)
01-31 20:37:57.045 13813 13882 W System.err: 	at android.media.MediaMetadataRetriever.setDataSource(MediaMetadataRetriever.java:281)
01-31 20:37:57.045 13813 13882 W System.err: 	at com.lagradost.cloudstream3.ui.player.M3u8PreviewGenerator$load$1$1.invokeSuspend(PreviewGenerator.kt:384)
01-31 20:37:57.045 13813 13882 W System.err: 	at kotlin.coroutines.jvm.internal.BaseContinuationImpl.resumeWith(ContinuationImpl.kt:34)
01-31 20:37:57.045 13813 13882 W System.err: 	at kotlinx.coroutines.DispatchedTask.run(DispatchedTask.kt:100)
01-31 20:37:57.045 13813 13882 W System.err: 	at kotlinx.coroutines.internal.LimitedDispatcher$Worker.run(LimitedDispatcher.kt:124)
01-31 20:37:57.045 13813 13882 W System.err: 	at kotlinx.coroutines.scheduling.TaskImpl.run(Tasks.kt:89)
01-31 20:37:57.045 13813 13882 W System.err: 	at kotlinx.coroutines.scheduling.CoroutineScheduler.runSafely(CoroutineScheduler.kt:586)
01-31 20:37:57.045 13813 13882 W System.err: 	at kotlinx.coroutines.scheduling.CoroutineScheduler$Worker.executeTask(CoroutineScheduler.kt:820)
01-31 20:37:57.045 13813 13882 W System.err: 	at kotlinx.coroutines.scheduling.CoroutineScheduler$Worker.runWorker(CoroutineScheduler.kt:717)
01-31 20:37:57.045 13813 13882 W System.err: 	at kotlinx.coroutines.scheduling.CoroutineScheduler$Worker.run(CoroutineScheduler.kt:704)
01-31 20:37:57.045 13813 13882 D ApiError: -------------------------------------------------------------------
01-31 20:37:57.045 13813 13882 I PreviewImgM3u8: Generating preview for 227
01-31 20:37:57.045 13813 13882 V MediaHTTPService: MediaHTTPService(android.media.MediaHTTPService@343eff): Cookies: null
01-31 20:37:57.046 13813 13882 V MediaHTTPService: makeHTTPConnection: CookieHandler (java.net.CookieManager@bf0abe) exists.
01-31 20:37:57.046 13813 13882 V MediaHTTPService: makeHTTPConnection(android.media.MediaHTTPService@343eff): cookieHandler: java.net.CookieManager@bf0abe Cookies: null
01-31 20:37:57.338 13813 13882 D ApiError: -------------------------------------------------------------------
01-31 20:37:57.338 13813 13882 D ApiError: safeApiCall: setDataSource failed: status = 0x80000000
01-31 20:37:57.338 13813 13882 D ApiError: safeApiCall: setDataSource failed: status = 0x80000000
01-31 20:37:57.338 13813 13882 W System.err: java.lang.RuntimeException: setDataSource failed: status = 0x80000000
01-31 20:37:57.338 13813 13882 W System.err: 	at android.media.MediaMetadataRetriever._setDataSource(Native Method)
01-31 20:37:57.338 13813 13882 W System.err: 	at android.media.MediaMetadataRetriever.setDataSource(MediaMetadataRetriever.java:281)
01-31 20:37:57.338 13813 13882 W System.err: 	at com.lagradost.cloudstream3.ui.player.M3u8PreviewGenerator$load$1$1.invokeSuspend(PreviewGenerator.kt:384)
01-31 20:37:57.338 13813 13882 W System.err: 	at kotlin.coroutines.jvm.internal.BaseContinuationImpl.resumeWith(ContinuationImpl.kt:34)
01-31 20:37:57.338 13813 13882 W System.err: 	at kotlinx.coroutines.DispatchedTask.run(DispatchedTask.kt:100)
01-31 20:37:57.338 13813 13882 W System.err: 	at kotlinx.coroutines.internal.LimitedDispatcher$Worker.run(LimitedDispatcher.kt:124)
01-31 20:37:57.338 13813 13882 W System.err: 	at kotlinx.coroutines.scheduling.TaskImpl.run(Tasks.kt:89)
01-31 20:37:57.338 13813 13882 W System.err: 	at kotlinx.coroutines.scheduling.CoroutineScheduler.runSafely(CoroutineScheduler.kt:586)
01-31 20:37:57.338 13813 13882 W System.err: 	at kotlinx.coroutines.scheduling.CoroutineScheduler$Worker.executeTask(CoroutineScheduler.kt:820)
01-31 20:37:57.338 13813 13882 W System.err: 	at kotlinx.coroutines.scheduling.CoroutineScheduler$Worker.runWorker(CoroutineScheduler.kt:717)
01-31 20:37:57.338 13813 13882 W System.err: 	at kotlinx.coroutines.scheduling.CoroutineScheduler$Worker.run(CoroutineScheduler.kt:704)
01-31 20:37:57.338 13813 13882 D ApiError: -------------------------------------------------------------------
01-31 20:37:57.338 13813 13882 I PreviewImgM3u8: Generating preview for 236
01-31 20:37:57.338 13813 13882 V MediaHTTPService: MediaHTTPService(android.media.MediaHTTPService@cbaf62a): Cookies: null
01-31 20:37:57.338 13813 13882 V MediaHTTPService: makeHTTPConnection: CookieHandler (java.net.CookieManager@bf0abe) exists.
01-31 20:37:57.338 13813 13882 V MediaHTTPService: makeHTTPConnection(android.media.MediaHTTPService@cbaf62a): cookieHandler: java.net.CookieManager@bf0abe Cookies: null
01-31 20:37:57.655 13813 13882 D ApiError: -------------------------------------------------------------------
01-31 20:37:57.655 13813 13882 D ApiError: safeApiCall: setDataSource failed: status = 0x80000000
01-31 20:37:57.655 13813 13882 D ApiError: safeApiCall: setDataSource failed: status = 0x80000000
01-31 20:37:57.655 13813 13882 W System.err: java.lang.RuntimeException: setDataSource failed: status = 0x80000000
01-31 20:37:57.655 13813 13882 W System.err: 	at android.media.MediaMetadataRetriever._setDataSource(Native Method)
01-31 20:37:57.655 13813 13882 W System.err: 	at android.media.MediaMetadataRetriever.setDataSource(MediaMetadataRetriever.java:281)
01-31 20:37:57.655 13813 13882 W System.err: 	at com.lagradost.cloudstream3.ui.player.M3u8PreviewGenerator$load$1$1.invokeSuspend(PreviewGenerator.kt:384)
01-31 20:37:57.655 13813 13882 W System.err: 	at kotlin.coroutines.jvm.internal.BaseContinuationImpl.resumeWith(ContinuationImpl.kt:34)
01-31 20:37:57.655 13813 13882 W System.err: 	at kotlinx.coroutines.DispatchedTask.run(DispatchedTask.kt:100)
01-31 20:37:57.655 13813 13882 W System.err: 	at kotlinx.coroutines.internal.LimitedDispatcher$Worker.run(LimitedDispatcher.kt:124)
01-31 20:37:57.655 13813 13882 W System.err: 	at kotlinx.coroutines.scheduling.TaskImpl.run(Tasks.kt:89)
01-31 20:37:57.655 13813 13882 W System.err: 	at kotlinx.coroutines.scheduling.CoroutineScheduler.runSafely(CoroutineScheduler.kt:586)
01-31 20:37:57.655 13813 13882 W System.err: 	at kotlinx.coroutines.scheduling.CoroutineScheduler$Worker.executeTask(CoroutineScheduler.kt:820)
01-31 20:37:57.655 13813 13882 W System.err: 	at kotlinx.coroutines.scheduling.CoroutineScheduler$Worker.runWorker(CoroutineScheduler.kt:717)
01-31 20:37:57.655 13813 13882 W System.err: 	at kotlinx.coroutines.scheduling.CoroutineScheduler$Worker.run(CoroutineScheduler.kt:704)
01-31 20:37:57.656 13813 13882 D ApiError: -------------------------------------------------------------------
01-31 20:37:57.656 13813 13882 I PreviewImgM3u8: Generating preview for 246
01-31 20:37:57.656 13813 13882 V MediaHTTPService: MediaHTTPService(android.media.MediaHTTPService@67d0b91): Cookies: null
01-31 20:37:57.656 13813 13882 V MediaHTTPService: makeHTTPConnection: CookieHandler (java.net.CookieManager@bf0abe) exists.
01-31 20:37:57.656 13813 13882 V MediaHTTPService: makeHTTPConnection(android.media.MediaHTTPService@67d0b91): cookieHandler: java.net.CookieManager@bf0abe Cookies: null
01-31 20:37:58.186 13813 13882 I PreviewImgM3u8: Generating preview for 255
01-31 20:37:58.186 13813 13882 V MediaHTTPService: MediaHTTPService(android.media.MediaHTTPService@9dd0ef7): Cookies: null
01-31 20:37:58.186 13813 13882 V MediaHTTPService: makeHTTPConnection: CookieHandler (java.net.CookieManager@bf0abe) exists.
01-31 20:37:58.186 13813 13882 V MediaHTTPService: makeHTTPConnection(android.media.MediaHTTPService@9dd0ef7): cookieHandler: java.net.CookieManager@bf0abe Cookies: null
01-31 20:37:58.347 13813 13882 D ApiError: -------------------------------------------------------------------
01-31 20:37:58.347 13813 13882 D ApiError: safeApiCall: setDataSource failed: status = 0x80000000
01-31 20:37:58.347 13813 13882 D ApiError: safeApiCall: setDataSource failed: status = 0x80000000
01-31 20:37:58.347 13813 13882 W System.err: java.lang.RuntimeException: setDataSource failed: status = 0x80000000
01-31 20:37:58.347 13813 13882 W System.err: 	at android.media.MediaMetadataRetriever._setDataSource(Native Method)
01-31 20:37:58.347 13813 13882 W System.err: 	at android.media.MediaMetadataRetriever.setDataSource(MediaMetadataRetriever.java:281)
01-31 20:37:58.347 13813 13882 W System.err: 	at com.lagradost.cloudstream3.ui.player.M3u8PreviewGenerator$load$1$1.invokeSuspend(PreviewGenerator.kt:384)
01-31 20:37:58.347 13813 13882 W System.err: 	at kotlin.coroutines.jvm.internal.BaseContinuationImpl.resumeWith(ContinuationImpl.kt:34)
01-31 20:37:58.347 13813 13882 W System.err: 	at kotlinx.coroutines.DispatchedTask.run(DispatchedTask.kt:100)
01-31 20:37:58.347 13813 13882 W System.err: 	at kotlinx.coroutines.internal.LimitedDispatcher$Worker.run(LimitedDispatcher.kt:124)
01-31 20:37:58.347 13813 13882 W System.err: 	at kotlinx.coroutines.scheduling.TaskImpl.run(Tasks.kt:89)
01-31 20:37:58.347 13813 13882 W System.err: 	at kotlinx.coroutines.scheduling.CoroutineScheduler.runSafely(CoroutineScheduler.kt:586)
01-31 20:37:58.347 13813 13882 W System.err: 	at kotlinx.coroutines.scheduling.CoroutineScheduler$Worker.executeTask(CoroutineScheduler.kt:820)
01-31 20:37:58.347 13813 13882 W System.err: 	at kotlinx.coroutines.scheduling.CoroutineScheduler$Worker.runWorker(CoroutineScheduler.kt:717)
01-31 20:37:58.347 13813 13882 W System.err: 	at kotlinx.coroutines.scheduling.CoroutineScheduler$Worker.run(CoroutineScheduler.kt:704)
01-31 20:37:58.347 13813 13882 D ApiError: -------------------------------------------------------------------
01-31 20:37:58.347 13813 13882 I PreviewImgM3u8: Generating preview for 264
01-31 20:37:58.347 13813 13882 V MediaHTTPService: MediaHTTPService(android.media.MediaHTTPService@d5cfcd): Cookies: null
01-31 20:37:58.349 13813 13882 V MediaHTTPService: makeHTTPConnection: CookieHandler (java.net.CookieManager@bf0abe) exists.
01-31 20:37:58.349 13813 13882 V MediaHTTPService: makeHTTPConnection(android.media.MediaHTTPService@d5cfcd): cookieHandler: java.net.CookieManager@bf0abe Cookies: null
01-31 20:37:58.835 13813 13882 I PreviewImgM3u8: Generating preview for 274
01-31 20:37:58.835 13813 13882 V MediaHTTPService: MediaHTTPService(android.media.MediaHTTPService@449a393): Cookies: null
01-31 20:37:58.835 13813 13882 V MediaHTTPService: makeHTTPConnection: CookieHandler (java.net.CookieManager@bf0abe) exists.
01-31 20:37:58.835 13813 13882 V MediaHTTPService: makeHTTPConnection(android.media.MediaHTTPService@449a393): cookieHandler: java.net.CookieManager@bf0abe Cookies: null
01-31 20:37:58.980 13813 13882 D ApiError: -------------------------------------------------------------------
01-31 20:37:58.980 13813 13882 D ApiError: safeApiCall: setDataSource failed: status = 0x80000000
01-31 20:37:58.980 13813 13882 D ApiError: safeApiCall: setDataSource failed: status = 0x80000000
01-31 20:37:58.980 13813 13882 W System.err: java.lang.RuntimeException: setDataSource failed: status = 0x80000000
01-31 20:37:58.980 13813 13882 W System.err: 	at android.media.MediaMetadataRetriever._setDataSource(Native Method)
01-31 20:37:58.980 13813 13882 W System.err: 	at android.media.MediaMetadataRetriever.setDataSource(MediaMetadataRetriever.java:281)
01-31 20:37:58.980 13813 13882 W System.err: 	at com.lagradost.cloudstream3.ui.player.M3u8PreviewGenerator$load$1$1.invokeSuspend(PreviewGenerator.kt:384)
01-31 20:37:58.980 13813 13882 W System.err: 	at kotlin.coroutines.jvm.internal.BaseContinuationImpl.resumeWith(ContinuationImpl.kt:34)
01-31 20:37:58.980 13813 13882 W System.err: 	at kotlinx.coroutines.DispatchedTask.run(DispatchedTask.kt:100)
01-31 20:37:58.980 13813 13882 W System.err: 	at kotlinx.coroutines.internal.LimitedDispatcher$Worker.run(LimitedDispatcher.kt:124)
01-31 20:37:58.980 13813 13882 W System.err: 	at kotlinx.coroutines.scheduling.TaskImpl.run(Tasks.kt:89)
01-31 20:37:58.980 13813 13882 W System.err: 	at kotlinx.coroutines.scheduling.CoroutineScheduler.runSafely(CoroutineScheduler.kt:586)
01-31 20:37:58.980 13813 13882 W System.err: 	at kotlinx.coroutines.scheduling.CoroutineScheduler$Worker.executeTask(CoroutineScheduler.kt:820)
01-31 20:37:58.980 13813 13882 W System.err: 	at kotlinx.coroutines.scheduling.CoroutineScheduler$Worker.runWorker(CoroutineScheduler.kt:717)
01-31 20:37:58.980 13813 13882 W System.err: 	at kotlinx.coroutines.scheduling.CoroutineScheduler$Worker.run(CoroutineScheduler.kt:704)
01-31 20:37:58.980 13813 13882 D ApiError: -------------------------------------------------------------------
01-31 20:37:58.980 13813 13882 I PreviewImgM3u8: Generating preview for 283
01-31 20:37:58.980 13813 13882 V MediaHTTPService: MediaHTTPService(android.media.MediaHTTPService@b7c9bc9): Cookies: null
01-31 20:37:58.980 13813 13882 V MediaHTTPService: makeHTTPConnection: CookieHandler (java.net.CookieManager@bf0abe) exists.
01-31 20:37:58.980 13813 13882 V MediaHTTPService: makeHTTPConnection(android.media.MediaHTTPService@b7c9bc9): cookieHandler: java.net.CookieManager@bf0abe Cookies: null
01-31 20:37:59.381 13813 13882 D ApiError: -------------------------------------------------------------------
01-31 20:37:59.381 13813 13882 D ApiError: safeApiCall: setDataSource failed: status = 0x80000000
01-31 20:37:59.381 13813 13882 D ApiError: safeApiCall: setDataSource failed: status = 0x80000000
01-31 20:37:59.381 13813 13882 W System.err: java.lang.RuntimeException: setDataSource failed: status = 0x80000000
01-31 20:37:59.381 13813 13882 W System.err: 	at android.media.MediaMetadataRetriever._setDataSource(Native Method)
01-31 20:37:59.381 13813 13882 W System.err: 	at android.media.MediaMetadataRetriever.setDataSource(MediaMetadataRetriever.java:281)
01-31 20:37:59.381 13813 13882 W System.err: 	at com.lagradost.cloudstream3.ui.player.M3u8PreviewGenerator$load$1$1.invokeSuspend(PreviewGenerator.kt:384)
01-31 20:37:59.381 13813 13882 W System.err: 	at kotlin.coroutines.jvm.internal.BaseContinuationImpl.resumeWith(ContinuationImpl.kt:34)
01-31 20:37:59.381 13813 13882 W System.err: 	at kotlinx.coroutines.DispatchedTask.run(DispatchedTask.kt:100)
01-31 20:37:59.381 13813 13882 W System.err: 	at kotlinx.coroutines.internal.LimitedDispatcher$Worker.run(LimitedDispatcher.kt:124)
01-31 20:37:59.381 13813 13882 W System.err: 	at kotlinx.coroutines.scheduling.TaskImpl.run(Tasks.kt:89)
01-31 20:37:59.381 13813 13882 W System.err: 	at kotlinx.coroutines.scheduling.CoroutineScheduler.runSafely(CoroutineScheduler.kt:586)
01-31 20:37:59.381 13813 13882 W System.err: 	at kotlinx.coroutines.scheduling.CoroutineScheduler$Worker.executeTask(CoroutineScheduler.kt:820)
01-31 20:37:59.381 13813 13882 W System.err: 	at kotlinx.coroutines.scheduling.CoroutineScheduler$Worker.runWorker(CoroutineScheduler.kt:717)
01-31 20:37:59.381 13813 13882 W System.err: 	at kotlinx.coroutines.scheduling.CoroutineScheduler$Worker.run(CoroutineScheduler.kt:704)
01-31 20:37:59.381 13813 13882 D ApiError: -------------------------------------------------------------------
01-31 20:37:59.381 13813 13882 I PreviewImgM3u8: Generating preview for 292
01-31 20:37:59.381 13813 13882 V MediaHTTPService: MediaHTTPService(android.media.MediaHTTPService@9aae8fc): Cookies: null
01-31 20:37:59.381 13813 13882 V MediaHTTPService: makeHTTPConnection: CookieHandler (java.net.CookieManager@bf0abe) exists.
01-31 20:37:59.381 13813 13882 V MediaHTTPService: makeHTTPConnection(android.media.MediaHTTPService@9aae8fc): cookieHandler: java.net.CookieManager@bf0abe Cookies: null
01-31 20:38:00.085 13813 13882 D ApiError: -------------------------------------------------------------------
01-31 20:38:00.085 13813 13882 D ApiError: safeApiCall: setDataSource failed: status = 0x80000000
01-31 20:38:00.085 13813 13882 D ApiError: safeApiCall: setDataSource failed: status = 0x80000000
01-31 20:38:00.085 13813 13882 W System.err: java.lang.RuntimeException: setDataSource failed: status = 0x80000000
01-31 20:38:00.085 13813 13882 W System.err: 	at android.media.MediaMetadataRetriever._setDataSource(Native Method)
01-31 20:38:00.085 13813 13882 W System.err: 	at android.media.MediaMetadataRetriever.setDataSource(MediaMetadataRetriever.java:281)
01-31 20:38:00.085 13813 13882 W System.err: 	at com.lagradost.cloudstream3.ui.player.M3u8PreviewGenerator$load$1$1.invokeSuspend(PreviewGenerator.kt:384)
01-31 20:38:00.085 13813 13882 W System.err: 	at kotlin.coroutines.jvm.internal.BaseContinuationImpl.resumeWith(ContinuationImpl.kt:34)
01-31 20:38:00.085 13813 13882 W System.err: 	at kotlinx.coroutines.DispatchedTask.run(DispatchedTask.kt:100)
01-31 20:38:00.085 13813 13882 W System.err: 	at kotlinx.coroutines.internal.LimitedDispatcher$Worker.run(LimitedDispatcher.kt:124)
01-31 20:38:00.085 13813 13882 W System.err: 	at kotlinx.coroutines.scheduling.TaskImpl.run(Tasks.kt:89)
01-31 20:38:00.085 13813 13882 W System.err: 	at kotlinx.coroutines.scheduling.CoroutineScheduler.runSafely(CoroutineScheduler.kt:586)
01-31 20:38:00.085 13813 13882 W System.err: 	at kotlinx.coroutines.scheduling.CoroutineScheduler$Worker.executeTask(CoroutineScheduler.kt:820)
01-31 20:38:00.085 13813 13882 W System.err: 	at kotlinx.coroutines.scheduling.CoroutineScheduler$Worker.runWorker(CoroutineScheduler.kt:717)
01-31 20:38:00.085 13813 13882 W System.err: 	at kotlinx.coroutines.scheduling.CoroutineScheduler$Worker.run(CoroutineScheduler.kt:704)
01-31 20:38:00.085 13813 13882 D ApiError: -------------------------------------------------------------------
01-31 20:38:00.094 13813 14036 D BufferPoolAccessor2.0: bufferpool2 0x788e425d59a8 : 5(40960 size) total buffers - 1(8192 size) used buffers - 1419/1424 (recycle/alloc) - 17/1419 (fetch/transfer)
01-31 20:38:01.374 13813 14020 W PesReader: Unexpected start code prefix: 3213199
01-31 20:38:01.374 13813 14020 W PesReader: Unexpected start code prefix: 2164623
01-31 20:38:01.374 13813 14020 W PesReader: Unexpected start code prefix: 0
01-31 20:38:03.379 13813 14020 W PesReader: Unexpected start code prefix: 3213213
01-31 20:38:03.379 13813 14020 W PesReader: Unexpected start code prefix: 2164635
01-31 20:38:03.379 13813 14020 W PesReader: Unexpected start code prefix: 0
01-31 20:38:05.605 13813 14036 D BufferPoolAccessor2.0: bufferpool2 0x788e425d59a8 : 5(40960 size) total buffers - 1(8192 size) used buffers - 1653/1658 (recycle/alloc) - 17/1652 (fetch/transfer)
01-31 20:38:05.956 13813 14020 W PesReader: Unexpected start code prefix: 3213231
01-31 20:38:05.956 13813 14020 W PesReader: Unexpected start code prefix: 2164655
01-31 20:38:05.956 13813 14020 W PesReader: Unexpected start code prefix: 0
01-31 20:38:09.343 13813 14020 W PesReader: Unexpected start code prefix: 3213269
01-31 20:38:09.343 13813 14020 W PesReader: Unexpected start code prefix: 2164693
01-31 20:38:09.343 13813 14020 W PesReader: Unexpected start code prefix: 0
01-31 20:38:10.955 13813 14036 D BufferPoolAccessor2.0: bufferpool2 0x788e425d59a8 : 5(40960 size) total buffers - 1(8192 size) used buffers - 1884/1889 (recycle/alloc) - 17/1883 (fetch/transfer)
01-31 20:38:16.050 13813 14020 W PesReader: Unexpected start code prefix: 3213283
01-31 20:38:16.050 13813 14020 W PesReader: Unexpected start code prefix: 2164707
01-31 20:38:16.050 13813 14020 W PesReader: Unexpected start code prefix: 0
01-31 20:38:16.207 13813 14036 D BufferPoolAccessor2.0: bufferpool2 0x788e425d59a8 : 5(40960 size) total buffers - 1(8192 size) used buffers - 2110/2115 (recycle/alloc) - 17/2109 (fetch/transfer)
01-31 20:38:18.527 13813 14020 W PesReader: Unexpected start code prefix: 3213293
01-31 20:38:18.527 13813 14020 W PesReader: Unexpected start code prefix: 2164717
01-31 20:38:18.527 13813 14020 W PesReader: Unexpected start code prefix: 0
01-31 20:38:20.352 13813 14020 W PesReader: Unexpected start code prefix: 3213313
01-31 20:38:20.353 13813 14020 W PesReader: Unexpected start code prefix: 2164737
01-31 20:38:20.353 13813 14020 W PesReader: Unexpected start code prefix: 0
01-31 20:38:21.454 13813 14036 D BufferPoolAccessor2.0: bufferpool2 0x788e425d59a8 : 5(40960 size) total buffers - 1(8192 size) used buffers - 2336/2341 (recycle/alloc) - 17/2335 (fetch/transfer)
01-31 20:38:24.130 13813 14020 W PesReader: Unexpected start code prefix: 3213355
01-31 20:38:24.130 13813 14020 W PesReader: Unexpected start code prefix: 2164779
01-31 20:38:24.130 13813 14020 W PesReader: Unexpected start code prefix: 0
01-31 20:38:26.956 13813 14036 D BufferPoolAccessor2.0: bufferpool2 0x788e425d59a8 : 5(40960 size) total buffers - 1(8192 size) used buffers - 2573/2578 (recycle/alloc) - 19/2572 (fetch/transfer)
01-31 20:38:31.613 13813 14020 W PesReader: Unexpected start code prefix: 3213365
01-31 20:38:31.613 13813 14020 W PesReader: Unexpected start code prefix: 2164787
01-31 20:38:31.613 13813 14020 W PesReader: Unexpected start code prefix: 0
01-31 20:38:32.424 13813 14036 D BufferPoolAccessor2.0: bufferpool2 0x788e425d59a8 : 5(40960 size) total buffers - 1(8192 size) used buffers - 2808/2813 (recycle/alloc) - 19/2807 (fetch/transfer)
01-31 20:38:33.277 13813 14020 W PesReader: Unexpected start code prefix: 3213403
01-31 20:38:33.277 13813 14020 W PesReader: Unexpected start code prefix: 2164827
01-31 20:38:33.278 13813 14020 W PesReader: Unexpected start code prefix: 0
01-31 20:38:37.451 13813 14036 D BufferPoolAccessor2.0: bufferpool2 0x788e425d59a8 : 5(40960 size) total buffers - 1(8192 size) used buffers - 3025/3030 (recycle/alloc) - 19/3024 (fetch/transfer)
01-31 20:38:40.288 13813 14020 W PesReader: Unexpected start code prefix: 3213435
01-31 20:38:40.288 13813 14020 W PesReader: Unexpected start code prefix: 2164859
01-31 20:38:40.288 13813 14020 W PesReader: Unexpected start code prefix: 0
01-31 20:38:42.917 13813 14036 D BufferPoolAccessor2.0: bufferpool2 0x788e425d59a8 : 5(40960 size) total buffers - 1(8192 size) used buffers - 3260/3265 (recycle/alloc) - 19/3259 (fetch/transfer)
01-31 20:38:46.548 13813 14020 W PesReader: Unexpected start code prefix: 3213479
01-31 20:38:46.548 13813 14020 W PesReader: Unexpected start code prefix: 2164903
01-31 20:38:46.548 13813 14020 W PesReader: Unexpected start code prefix: 0
01-31 20:38:48.293 13813 14036 D BufferPoolAccessor2.0: bufferpool2 0x788e425d59a8 : 5(40960 size) total buffers - 1(8192 size) used buffers - 3492/3497 (recycle/alloc) - 19/3491 (fetch/transfer)
01-31 20:38:53.603 13813 14036 D BufferPoolAccessor2.0: bufferpool2 0x788e425d59a8 : 5(40960 size) total buffers - 1(8192 size) used buffers - 3721/3726 (recycle/alloc) - 19/3720 (fetch/transfer)
01-31 20:38:54.250 13813 14020 W PesReader: Unexpected start code prefix: 3213495
01-31 20:38:54.250 13813 14020 W PesReader: Unexpected start code prefix: 2164919
01-31 20:38:54.250 13813 14020 W PesReader: Unexpected start code prefix: 0
01-31 20:38:56.950 13813 14020 W PesReader: Unexpected start code prefix: 3213511
01-31 20:38:56.950 13813 14020 W PesReader: Unexpected start code prefix: 2164935
01-31 20:38:56.950 13813 14020 W PesReader: Unexpected start code prefix: 0
01-31 20:38:58.937 13813 14036 D BufferPoolAccessor2.0: bufferpool2 0x788e425d59a8 : 5(40960 size) total buffers - 1(8192 size) used buffers - 3950/3955 (recycle/alloc) - 19/3949 (fetch/transfer)
01-31 20:39:00.015 13813 14020 W PesReader: Unexpected start code prefix: 3213561
01-31 20:39:00.015 13813 14020 W PesReader: Unexpected start code prefix: 2164985
01-31 20:39:00.015 13813 14020 W PesReader: Unexpected start code prefix: 0
01-31 20:39:04.173 13813 14036 D BufferPoolAccessor2.0: bufferpool2 0x788e425d59a8 : 5(40960 size) total buffers - 4(32768 size) used buffers - 4178/4183 (recycle/alloc) - 19/4175 (fetch/transfer)
01-31 20:39:08.879 13813 14020 W PesReader: Unexpected start code prefix: 3213577
01-31 20:39:08.879 13813 14020 W PesReader: Unexpected start code prefix: 2165001
01-31 20:39:08.879 13813 14020 W PesReader: Unexpected start code prefix: 0
01-31 20:39:09.586 13813 14036 D BufferPoolAccessor2.0: bufferpool2 0x788e425d59a8 : 5(40960 size) total buffers - 1(8192 size) used buffers - 4409/4414 (recycle/alloc) - 19/4408 (fetch/transfer)
01-31 20:39:12.021 13813 14020 W PesReader: Unexpected start code prefix: 3213621
01-31 20:39:12.021 13813 14020 W PesReader: Unexpected start code prefix: 2165045
01-31 20:39:12.021 13813 14020 W PesReader: Unexpected start code prefix: 0
01-31 20:39:15.087 13813 14036 D BufferPoolAccessor2.0: bufferpool2 0x788e425d59a8 : 5(40960 size) total buffers - 1(8192 size) used buffers - 4646/4651 (recycle/alloc) - 19/4645 (fetch/transfer)
01-31 20:39:20.015 13813 14020 W PesReader: Unexpected start code prefix: 3213657
01-31 20:39:20.015 13813 14020 W PesReader: Unexpected start code prefix: 2165081
01-31 20:39:20.015 13813 14020 W PesReader: Unexpected start code prefix: 0
01-31 20:39:20.506 13813 14036 D BufferPoolAccessor2.0: bufferpool2 0x788e425d59a8 : 5(40960 size) total buffers - 1(8192 size) used buffers - 4879/4884 (recycle/alloc) - 19/4878 (fetch/transfer)
01-31 20:39:25.540 13813 14036 D BufferPoolAccessor2.0: bufferpool2 0x788e425d59a8 : 5(40960 size) total buffers - 1(8192 size) used buffers - 5096/5101 (recycle/alloc) - 20/5095 (fetch/transfer)
01-31 20:39:26.837 13813 14020 W PesReader: Unexpected start code prefix: 3213673
01-31 20:39:26.837 13813 14020 W PesReader: Unexpected start code prefix: 2165097
01-31 20:39:26.837 13813 14020 W PesReader: Unexpected start code prefix: 0
01-31 20:39:29.907 13813 14020 W PesReader: Unexpected start code prefix: 3213695
01-31 20:39:29.907 13813 14020 W PesReader: Unexpected start code prefix: 2165119
01-31 20:39:29.907 13813 14020 W PesReader: Unexpected start code prefix: 0
01-31 20:39:30.960 13813 14036 D BufferPoolAccessor2.0: bufferpool2 0x788e425d59a8 : 5(40960 size) total buffers - 1(8192 size) used buffers - 5329/5334 (recycle/alloc) - 20/5328 (fetch/transfer)
01-31 20:39:33.371 13813 14020 W PesReader: Unexpected start code prefix: 3213711
01-31 20:39:33.371 13813 14020 W PesReader: Unexpected start code prefix: 2165135
01-31 20:39:33.371 13813 14020 W PesReader: Unexpected start code prefix: 0
01-31 20:39:36.431 13813 14020 W PesReader: Unexpected start code prefix: 3213735
01-31 20:39:36.431 13813 14020 W PesReader: Unexpected start code prefix: 2165157
01-31 20:39:36.431 13813 14020 W PesReader: Unexpected start code prefix: 0
01-31 20:39:36.505 13813 14036 D BufferPoolAccessor2.0: bufferpool2 0x788e425d59a8 : 5(40960 size) total buffers - 1(8192 size) used buffers - 5568/5573 (recycle/alloc) - 22/5567 (fetch/transfer)
01-31 20:39:40.668 13813 14020 W PesReader: Unexpected start code prefix: 3213755
01-31 20:39:40.668 13813 14020 W PesReader: Unexpected start code prefix: 2165177
01-31 20:39:40.668 13813 14020 W PesReader: Unexpected start code prefix: 0
01-31 20:39:41.901 13813 14036 D BufferPoolAccessor2.0: bufferpool2 0x788e425d59a8 : 5(40960 size) total buffers - 1(8192 size) used buffers - 5801/5806 (recycle/alloc) - 22/5800 (fetch/transfer)
01-31 20:39:44.281 13813 14020 W PesReader: Unexpected start code prefix: 3213777
01-31 20:39:44.281 13813 14020 W PesReader: Unexpected start code prefix: 2165201
01-31 20:39:44.281 13813 14020 W PesReader: Unexpected start code prefix: 0
01-31 20:39:47.407 13813 14036 D BufferPoolAccessor2.0: bufferpool2 0x788e425d59a8 : 5(40960 size) total buffers - 1(8192 size) used buffers - 6038/6043 (recycle/alloc) - 22/6037 (fetch/transfer)
01-31 20:39:49.344 13813 14020 W PesReader: Unexpected start code prefix: 3213797
01-31 20:39:49.344 13813 14020 W PesReader: Unexpected start code prefix: 2165221
01-31 20:39:49.344 13813 14020 W PesReader: Unexpected start code prefix: 0
01-31 20:39:52.321 13813 14020 W PesReader: Unexpected start code prefix: 3213811
01-31 20:39:52.321 13813 14020 W PesReader: Unexpected start code prefix: 2165233
01-31 20:39:52.321 13813 14020 W PesReader: Unexpected start code prefix: 0
01-31 20:39:52.939 13813 14036 D BufferPoolAccessor2.0: bufferpool2 0x788e425d59a8 : 5(40960 size) total buffers - 1(8192 size) used buffers - 6276/6281 (recycle/alloc) - 22/6275 (fetch/transfer)
01-31 20:39:55.532 13813 14020 W PesReader: Unexpected start code prefix: 3213839
01-31 20:39:55.532 13813 14020 W PesReader: Unexpected start code prefix: 2165263
01-31 20:39:55.532 13813 14020 W PesReader: Unexpected start code prefix: 0
01-31 20:39:57.973 13813 14036 D BufferPoolAccessor2.0: bufferpool2 0x788e425d59a8 : 5(40960 size) total buffers - 1(8192 size) used buffers - 6492/6497 (recycle/alloc) - 23/6491 (fetch/transfer)
01-31 20:40:00.123 13813 14020 W PesReader: Unexpected start code prefix: 3213855
01-31 20:40:00.123 13813 14020 W PesReader: Unexpected start code prefix: 2165277
01-31 20:40:00.123 13813 14020 W PesReader: Unexpected start code prefix: 0
01-31 20:40:02.585 13813 14020 W PesReader: Unexpected start code prefix: 3213889
01-31 20:40:02.585 13813 14020 W PesReader: Unexpected start code prefix: 2165311
01-31 20:40:02.585 13813 14020 W PesReader: Unexpected start code prefix: 0
01-31 20:40:03.304 13813 14036 D BufferPoolAccessor2.0: bufferpool2 0x788e425d59a8 : 5(40960 size) total buffers - 4(32768 size) used buffers - 6725/6730 (recycle/alloc) - 23/6722 (fetch/transfer)
01-31 20:40:08.743 13813 14036 D BufferPoolAccessor2.0: bufferpool2 0x788e425d59a8 : 5(40960 size) total buffers - 1(8192 size) used buffers - 6956/6961 (recycle/alloc) - 23/6955 (fetch/transfer)
01-31 20:40:08.905 13813 14020 W PesReader: Unexpected start code prefix: 3213913
01-31 20:40:08.906 13813 14020 W PesReader: Unexpected start code prefix: 2165337
01-31 20:40:08.906 13813 14020 W PesReader: Unexpected start code prefix: 0
01-31 20:40:14.047 13813 14036 D BufferPoolAccessor2.0: bufferpool2 0x788e425d59a8 : 5(40960 size) total buffers - 1(8192 size) used buffers - 7185/7190 (recycle/alloc) - 23/7184 (fetch/transfer)
01-31 20:40:14.666 13813 14020 W PesReader: Unexpected start code prefix: 3213923
01-31 20:40:14.666 13813 14020 W PesReader: Unexpected start code prefix: 2165347
01-31 20:40:14.666 13813 14020 W PesReader: Unexpected start code prefix: 0
01-31 20:40:15.759 13813 14020 W PesReader: Unexpected start code prefix: 3213937
01-31 20:40:15.759 13813 14020 W PesReader: Unexpected start code prefix: 2165361
01-31 20:40:15.759 13813 14020 W PesReader: Unexpected start code prefix: 0
01-31 20:40:18.447 13813 14020 W PesReader: Unexpected start code prefix: 3213961
01-31 20:40:18.447 13813 14020 W PesReader: Unexpected start code prefix: 2165383
01-31 20:40:18.447 13813 14020 W PesReader: Unexpected start code prefix: 0
01-31 20:40:19.449 13813 14036 D BufferPoolAccessor2.0: bufferpool2 0x788e425d59a8 : 5(40960 size) total buffers - 1(8192 size) used buffers - 7418/7423 (recycle/alloc) - 24/7417 (fetch/transfer)
01-31 20:40:22.222 13813 14020 W PesReader: Unexpected start code prefix: 3213977
01-31 20:40:22.222 13813 14020 W PesReader: Unexpected start code prefix: 2165401
01-31 20:40:22.222 13813 14020 W PesReader: Unexpected start code prefix: 0
01-31 20:40:24.869 13813 14036 D BufferPoolAccessor2.0: bufferpool2 0x788e425d59a8 : 5(40960 size) total buffers - 1(8192 size) used buffers - 7651/7656 (recycle/alloc) - 24/7650 (fetch/transfer)
01-31 20:40:25.618 13813 14020 W PesReader: Unexpected start code prefix: 3213989
01-31 20:40:25.618 13813 14020 W PesReader: Unexpected start code prefix: 2165413
01-31 20:40:25.618 13813 14020 W PesReader: Unexpected start code prefix: 0
01-31 20:40:27.769 13813 14020 W PesReader: Unexpected start code prefix: 3214003
01-31 20:40:27.769 13813 14020 W PesReader: Unexpected start code prefix: 2165427
01-31 20:40:27.769 13813 14020 W PesReader: Unexpected start code prefix: 0
01-31 20:40:29.813 13813 14020 W PesReader: Unexpected start code prefix: 3214017
01-31 20:40:29.814 13813 14020 W PesReader: Unexpected start code prefix: 2165441
01-31 20:40:29.814 13813 14020 W PesReader: Unexpected start code prefix: 0
01-31 20:40:30.226 13813 14036 D BufferPoolAccessor2.0: bufferpool2 0x788e425d59a8 : 5(40960 size) total buffers - 1(8192 size) used buffers - 7882/7887 (recycle/alloc) - 24/7881 (fetch/transfer)
01-31 20:40:32.738 13813 14020 W PesReader: Unexpected start code prefix: 3214039
01-31 20:40:32.738 13813 14020 W PesReader: Unexpected start code prefix: 2165463
01-31 20:40:32.738 13813 14020 W PesReader: Unexpected start code prefix: 0
01-31 20:40:35.689 13813 14036 D BufferPoolAccessor2.0: bufferpool2 0x788e425d59a8 : 5(40960 size) total buffers - 1(8192 size) used buffers - 8117/8122 (recycle/alloc) - 24/8116 (fetch/transfer)
01-31 20:40:37.144 13813 14020 W PesReader: Unexpected start code prefix: 3214057
01-31 20:40:37.144 13813 14020 W PesReader: Unexpected start code prefix: 2165481
01-31 20:40:37.144 13813 14020 W PesReader: Unexpected start code prefix: 0
01-31 20:40:39.912 13813 14020 W PesReader: Unexpected start code prefix: 3214073
01-31 20:40:39.912 13813 14020 W PesReader: Unexpected start code prefix: 2165495
01-31 20:40:39.912 13813 14020 W PesReader: Unexpected start code prefix: 0
01-31 20:40:41.147 13813 14036 D BufferPoolAccessor2.0: bufferpool2 0x788e425d59a8 : 5(40960 size) total buffers - 1(8192 size) used buffers - 8352/8357 (recycle/alloc) - 24/8351 (fetch/transfer)
01-31 20:40:43.431 13813 14020 W PesReader: Unexpected start code prefix: 3214091
01-31 20:40:43.431 13813 14020 W PesReader: Unexpected start code prefix: 2165515
01-31 20:40:43.431 13813 14020 W PesReader: Unexpected start code prefix: 0
01-31 20:40:45.991 13813 14020 W PesReader: Unexpected start code prefix: 3214103
01-31 20:40:45.991 13813 14020 W PesReader: Unexpected start code prefix: 2165525
01-31 20:40:45.991 13813 14020 W PesReader: Unexpected start code prefix: 0
01-31 20:40:46.544 13813 14036 D BufferPoolAccessor2.0: bufferpool2 0x788e425d59a8 : 5(40960 size) total buffers - 1(8192 size) used buffers - 8584/8589 (recycle/alloc) - 24/8583 (fetch/transfer)
01-31 20:40:47.917 13813 14020 W PesReader: Unexpected start code prefix: 3214129
01-31 20:40:47.917 13813 14020 W PesReader: Unexpected start code prefix: 2165551
01-31 20:40:47.917 13813 14020 W PesReader: Unexpected start code prefix: 0
01-31 20:40:51.937 13813 14036 D BufferPoolAccessor2.0: bufferpool2 0x788e425d59a8 : 5(40960 size) total buffers - 1(8192 size) used buffers - 8817/8822 (recycle/alloc) - 25/8816 (fetch/transfer)
01-31 20:40:53.479 13813 14020 W PesReader: Unexpected start code prefix: 3214147
01-31 20:40:53.479 13813 14020 W PesReader: Unexpected start code prefix: 2165571
01-31 20:40:53.479 13813 14020 W PesReader: Unexpected start code prefix: 0
01-31 20:40:56.959 13813 14020 W PesReader: Unexpected start code prefix: 3214165
01-31 20:40:56.959 13813 14020 W PesReader: Unexpected start code prefix: 2165589
01-31 20:40:56.960 13813 14020 W PesReader: Unexpected start code prefix: 0
01-31 20:40:57.444 13813 14036 D BufferPoolAccessor2.0: bufferpool2 0x788e425d59a8 : 5(40960 size) total buffers - 1(8192 size) used buffers - 9054/9059 (recycle/alloc) - 25/9053 (fetch/transfer)
01-31 20:40:59.936 13813 14020 W PesReader: Unexpected start code prefix: 3214193
01-31 20:40:59.936 13813 14020 W PesReader: Unexpected start code prefix: 2165617
01-31 20:40:59.936 13813 14020 W PesReader: Unexpected start code prefix: 0
01-31 20:41:02.865 13813 14036 D BufferPoolAccessor2.0: bufferpool2 0x788e425d59a8 : 5(40960 size) total buffers - 1(8192 size) used buffers - 9287/9292 (recycle/alloc) - 25/9286 (fetch/transfer)
01-31 20:41:04.411 13813 14020 W PesReader: Unexpected start code prefix: 3214201
01-31 20:41:04.411 13813 14020 W PesReader: Unexpected start code prefix: 2165625
01-31 20:41:04.411 13813 14020 W PesReader: Unexpected start code prefix: 0
01-31 20:41:05.900 13813 14020 W PesReader: Unexpected start code prefix: 3214217
01-31 20:41:05.900 13813 14020 W PesReader: Unexpected start code prefix: 2165641
01-31 20:41:05.900 13813 14020 W PesReader: Unexpected start code prefix: 0
01-31 20:41:07.920 13813 14036 D BufferPoolAccessor2.0: bufferpool2 0x788e425d59a8 : 5(40960 size) total buffers - 1(8192 size) used buffers - 9505/9510 (recycle/alloc) - 26/9504 (fetch/transfer)
01-31 20:41:08.499 13813 14020 W PesReader: Unexpected start code prefix: 3214245
01-31 20:41:08.499 13813 14020 W PesReader: Unexpected start code prefix: 2165667
01-31 20:41:08.499 13813 14020 W PesReader: Unexpected start code prefix: 0
01-31 20:41:13.440 13813 14036 D BufferPoolAccessor2.0: bufferpool2 0x788e425d59a8 : 5(40960 size) total buffers - 1(8192 size) used buffers - 9743/9748 (recycle/alloc) - 27/9742 (fetch/transfer)
01-31 20:41:13.822 13813 14020 W PesReader: Unexpected start code prefix: 3214263
01-31 20:41:13.822 13813 14020 W PesReader: Unexpected start code prefix: 2165687
01-31 20:41:13.822 13813 14020 W PesReader: Unexpected start code prefix: 0
01-31 20:41:17.225 13813 14020 W PesReader: Unexpected start code prefix: 3214303
01-31 20:41:17.225 13813 14020 W PesReader: Unexpected start code prefix: 2165725
01-31 20:41:17.225 13813 14020 W PesReader: Unexpected start code prefix: 0
01-31 20:41:18.994 13813 14036 D BufferPoolAccessor2.0: bufferpool2 0x788e425d59a8 : 5(40960 size) total buffers - 1(8192 size) used buffers - 9982/9987 (recycle/alloc) - 27/9981 (fetch/transfer)
01-31 20:41:24.325 13813 14036 D BufferPoolAccessor2.0: bufferpool2 0x788e425d59a8 : 5(40960 size) total buffers - 1(8192 size) used buffers - 10212/10217 (recycle/alloc) - 27/10211 (fetch/transfer)
01-31 20:41:24.434 13813 14020 W PesReader: Unexpected start code prefix: 3214325
01-31 20:41:24.434 13813 14020 W PesReader: Unexpected start code prefix: 2165747
01-31 20:41:24.434 13813 14020 W PesReader: Unexpected start code prefix: 0
01-31 20:41:28.026 13813 14020 W PesReader: Unexpected start code prefix: 3214331
01-31 20:41:28.026 13813 14020 W PesReader: Unexpected start code prefix: 2165753
01-31 20:41:28.026 13813 14020 W PesReader: Unexpected start code prefix: 0
01-31 20:41:29.251 13813 14020 W PesReader: Unexpected start code prefix: 3214347
01-31 20:41:29.251 13813 14020 W PesReader: Unexpected start code prefix: 2165771
01-31 20:41:29.251 13813 14020 W PesReader: Unexpected start code prefix: 0
01-31 20:41:29.802 13813 14036 D BufferPoolAccessor2.0: bufferpool2 0x788e425d59a8 : 5(40960 size) total buffers - 1(8192 size) used buffers - 10451/10456 (recycle/alloc) - 27/10451 (fetch/transfer)
01-31 20:41:32.957 13813 14020 W PesReader: Unexpected start code prefix: 3214367
01-31 20:41:32.957 13813 14020 W PesReader: Unexpected start code prefix: 2165791
01-31 20:41:32.957 13813 14020 W PesReader: Unexpected start code prefix: 0
01-31 20:41:35.337 13813 14036 D BufferPoolAccessor2.0: bufferpool2 0x788e425d59a8 : 5(40960 size) total buffers - 1(8192 size) used buffers - 10686/10691 (recycle/alloc) - 27/10685 (fetch/transfer)
01-31 20:41:36.651 13813 14020 W PesReader: Unexpected start code prefix: 3214397
01-31 20:41:36.651 13813 14020 W PesReader: Unexpected start code prefix: 2165821
01-31 20:41:36.651 13813 14020 W PesReader: Unexpected start code prefix: 0
01-31 20:41:40.680 13813 14036 D BufferPoolAccessor2.0: bufferpool2 0x788e425d59a8 : 5(40960 size) total buffers - 1(8192 size) used buffers - 10919/10924 (recycle/alloc) - 27/10919 (fetch/transfer)
01-31 20:41:41.454 13813 14020 W PesReader: Unexpected start code prefix: 3214417
01-31 20:41:41.454 13813 14020 W PesReader: Unexpected start code prefix: 2165839
01-31 20:41:41.454 13813 14020 W PesReader: Unexpected start code prefix: 0
01-31 20:41:44.759 13813 14020 W PesReader: Unexpected start code prefix: 3214429
01-31 20:41:44.759 13813 14020 W PesReader: Unexpected start code prefix: 2165853
01-31 20:41:44.759 13813 14020 W PesReader: Unexpected start code prefix: 0
01-31 20:41:45.996 13813 14036 D BufferPoolAccessor2.0: bufferpool2 0x788e425d59a8 : 5(40960 size) total buffers - 1(8192 size) used buffers - 11145/11150 (recycle/alloc) - 27/11144 (fetch/transfer)
01-31 20:41:47.098 13813 14020 W PesReader: Unexpected start code prefix: 3214461
01-31 20:41:47.098 13813 14020 W PesReader: Unexpected start code prefix: 2165885
01-31 20:41:47.098 13813 14020 W PesReader: Unexpected start code prefix: 0
01-31 20:41:51.292 13813 14036 D BufferPoolAccessor2.0: bufferpool2 0x788e425d59a8 : 5(40960 size) total buffers - 1(8192 size) used buffers - 11373/11378 (recycle/alloc) - 27/11372 (fetch/transfer)
01-31 20:41:53.494 13813 14020 W PesReader: Unexpected start code prefix: 3214517
01-31 20:41:53.494 13813 14020 W PesReader: Unexpected start code prefix: 2165939
01-31 20:41:53.494 13813 14020 W PesReader: Unexpected start code prefix: 0
01-31 20:41:56.575 13813 14036 D BufferPoolAccessor2.0: bufferpool2 0x788e425d59a8 : 5(40960 size) total buffers - 1(8192 size) used buffers - 11601/11606 (recycle/alloc) - 27/11600 (fetch/transfer)
01-31 20:42:02.003 13813 14036 D BufferPoolAccessor2.0: bufferpool2 0x788e425d59a8 : 5(40960 size) total buffers - 1(8192 size) used buffers - 11834/11839 (recycle/alloc) - 27/11833 (fetch/transfer)
01-31 20:42:04.590 13813 14020 W PesReader: Unexpected start code prefix: 3214547
01-31 20:42:04.590 13813 14020 W PesReader: Unexpected start code prefix: 2165971
01-31 20:42:04.590 13813 14020 W PesReader: Unexpected start code prefix: 0
01-31 20:42:07.466 13813 14036 D BufferPoolAccessor2.0: bufferpool2 0x788e425d59a8 : 5(40960 size) total buffers - 1(8192 size) used buffers - 12069/12074 (recycle/alloc) - 28/12068 (fetch/transfer)
01-31 20:42:08.804 13813 14020 W PesReader: Unexpected start code prefix: 3214563
01-31 20:42:08.804 13813 14020 W PesReader: Unexpected start code prefix: 2165987
01-31 20:42:08.804 13813 14020 W PesReader: Unexpected start code prefix: 0
01-31 20:42:12.185 13813 14020 W PesReader: Unexpected start code prefix: 3214611
01-31 20:42:12.186 13813 14020 W PesReader: Unexpected start code prefix: 2166035
01-31 20:42:12.186 13813 14020 W PesReader: Unexpected start code prefix: 0
01-31 20:42:12.855 13813 14036 D BufferPoolAccessor2.0: bufferpool2 0x788e425d59a8 : 5(40960 size) total buffers - 1(8192 size) used buffers - 12302/12307 (recycle/alloc) - 28/12301 (fetch/transfer)
01-31 20:42:18.108 13813 14036 D BufferPoolAccessor2.0: bufferpool2 0x788e425d59a8 : 5(40960 size) total buffers - 1(8192 size) used buffers - 12528/12533 (recycle/alloc) - 28/12527 (fetch/transfer)
01-31 20:42:20.302 13813 14020 W PesReader: Unexpected start code prefix: 3214639
01-31 20:42:20.302 13813 14020 W PesReader: Unexpected start code prefix: 2166063
01-31 20:42:20.302 13813 14020 W PesReader: Unexpected start code prefix: 0
01-31 20:42:23.462 13813 14036 D BufferPoolAccessor2.0: bufferpool2 0x788e425d59a8 : 5(40960 size) total buffers - 1(8192 size) used buffers - 12758/12763 (recycle/alloc) - 28/12757 (fetch/transfer)
01-31 20:42:25.305 13813 14020 W PesReader: Unexpected start code prefix: 3214671
01-31 20:42:25.306 13813 14020 W PesReader: Unexpected start code prefix: 2166093
01-31 20:42:25.306 13813 14020 W PesReader: Unexpected start code prefix: 0
01-31 20:42:28.820 13813 14036 D BufferPoolAccessor2.0: bufferpool2 0x788e425d59a8 : 5(40960 size) total buffers - 1(8192 size) used buffers - 12989/12994 (recycle/alloc) - 28/12988 (fetch/transfer)
01-31 20:42:30.985 13813 14020 W PesReader: Unexpected start code prefix: 3214691
01-31 20:42:30.985 13813 14020 W PesReader: Unexpected start code prefix: 2166115
01-31 20:42:30.985 13813 14020 W PesReader: Unexpected start code prefix: 0
01-31 20:42:34.209 13813 14036 D BufferPoolAccessor2.0: bufferpool2 0x788e425d59a8 : 5(40960 size) total buffers - 1(8192 size) used buffers - 13221/13226 (recycle/alloc) - 28/13220 (fetch/transfer)
01-31 20:42:34.823 13813 14020 W PesReader: Unexpected start code prefix: 3214701
01-31 20:42:34.823 13813 14020 W PesReader: Unexpected start code prefix: 2166123
01-31 20:42:34.823 13813 14020 W PesReader: Unexpected start code prefix: 0
01-31 20:42:36.655 13813 14020 W PesReader: Unexpected start code prefix: 3214739
01-31 20:42:36.655 13813 14020 W PesReader: Unexpected start code prefix: 2166163
01-31 20:42:36.655 13813 14020 W PesReader: Unexpected start code prefix: 0
01-31 20:42:39.576 13813 14036 D BufferPoolAccessor2.0: bufferpool2 0x788e425d59a8 : 5(40960 size) total buffers - 1(8192 size) used buffers - 13452/13457 (recycle/alloc) - 28/13451 (fetch/transfer)
01-31 20:42:44.159 13813 14020 W PesReader: Unexpected start code prefix: 3214759
